Component: ARM Compiler 5.05 update 1 (build 106) Tool: armlink [4d0efa]

==============================================================================

Section Cross References

    led.o(i.led_blin) refers to led.o(i.led_sw) for led_sw
    led.o(i.led_init) refers to memseta.o(.text) for __aeabi_memclr4
    led.o(i.led_init) refers to stm32f4xx_hal_gpio.o(i.HAL_GPIO_Init) for HAL_GPIO_Init
    led.o(i.led_init) refers to led.o(.bss) for .bss
    led.o(i.led_off) refers to stm32f4xx_hal_gpio.o(i.HAL_GPIO_WritePin) for HAL_GPIO_WritePin
    led.o(i.led_on) refers to stm32f4xx_hal_gpio.o(i.HAL_GPIO_WritePin) for HAL_GPIO_WritePin
    led.o(i.led_run) refers to led.o(i.led_on) for led_on
    led.o(i.led_run) refers to led.o(i.led_off) for led_off
    led.o(i.led_run) refers to led.o(.data) for .data
    led.o(i.led_run) refers to led.o(.bss) for .bss
    led.o(i.led_sw) refers to stm32f4xx_hal_gpio.o(i.HAL_GPIO_TogglePin) for HAL_GPIO_TogglePin
    ina230.o(i.DAC_set) refers to iic.o(i.IIC_Start) for IIC_Start
    ina230.o(i.DAC_set) refers to iic.o(i.IIC_writeByte) for IIC_writeByte
    ina230.o(i.DAC_set) refers to iic.o(i.IIC_waitAck) for IIC_waitAck
    ina230.o(i.DAC_set) refers to iic.o(i.IIC_Stop) for IIC_Stop
    ina230.o(i.DAC_set) refers to ina230.o(.bss) for .bss
    ina230.o(i.INA_getCur) refers to ina230.o(i.INA_readLen) for INA_readLen
    ina230.o(i.INA_getCur) refers to ina230.o(.bss) for .bss
    ina230.o(i.INA_getPow) refers to ina230.o(i.INA_readLen) for INA_readLen
    ina230.o(i.INA_getPow) refers to ina230.o(.bss) for .bss
    ina230.o(i.INA_getVol) refers to ina230.o(i.INA_readLen) for INA_readLen
    ina230.o(i.INA_getVol) refers to ina230.o(.bss) for .bss
    ina230.o(i.INA_init) refers to iic.o(i.IIC_Init) for IIC_Init
    ina230.o(i.INA_init) refers to ina230.o(i.INA_writeData) for INA_writeData
    ina230.o(i.INA_init) refers to ina230.o(.bss) for .bss
    ina230.o(i.INA_readLen) refers to iic.o(i.IIC_Start) for IIC_Start
    ina230.o(i.INA_readLen) refers to iic.o(i.IIC_writeByte) for IIC_writeByte
    ina230.o(i.INA_readLen) refers to iic.o(i.IIC_waitAck) for IIC_waitAck
    ina230.o(i.INA_readLen) refers to iic.o(i.IIC_readByte) for IIC_readByte
    ina230.o(i.INA_readLen) refers to iic.o(i.IIC_ack) for IIC_ack
    ina230.o(i.INA_readLen) refers to iic.o(i.IIC_Stop) for IIC_Stop
    ina230.o(i.INA_readLen) refers to ina230.o(.bss) for .bss
    ina230.o(i.INA_writeData) refers to iic.o(i.IIC_Start) for IIC_Start
    ina230.o(i.INA_writeData) refers to iic.o(i.IIC_writeByte) for IIC_writeByte
    ina230.o(i.INA_writeData) refers to iic.o(i.IIC_waitAck) for IIC_waitAck
    ina230.o(i.INA_writeData) refers to iic.o(i.IIC_Stop) for IIC_Stop
    ina230.o(i.INA_writeData) refers to ina230.o(.bss) for .bss
    referee.o(i.Append_CRC16_Check_Sum) refers to referee.o(i.Get_CRC16_Check_Sum) for Get_CRC16_Check_Sum
    referee.o(i.Append_CRC16_Check_Sum) refers to referee.o(.data) for .data
    referee.o(i.Append_CRC8_Check_Sum) refers to referee.o(i.Get_CRC8_Check_Sum) for Get_CRC8_Check_Sum
    referee.o(i.Get_CRC16_Check_Sum) refers to referee.o(.constdata) for .constdata
    referee.o(i.Get_CRC8_Check_Sum) refers to referee.o(.constdata) for .constdata
    referee.o(i.Verify_CRC16_Check_Sum) refers to referee.o(i.Get_CRC16_Check_Sum) for Get_CRC16_Check_Sum
    referee.o(i.Verify_CRC16_Check_Sum) refers to referee.o(.data) for .data
    referee.o(i.Verify_CRC8_Check_Sum) refers to referee.o(i.Get_CRC8_Check_Sum) for Get_CRC8_Check_Sum
    referee.o(i.determine_ID) refers to referee.o(i.is_red_or_blue) for is_red_or_blue
    referee.o(i.determine_ID) refers to referee.o(.data) for .data
    referee.o(i.get_chassis_power_and_buffer) refers to referee.o(.bss) for .bss
    referee.o(i.get_robot_id) refers to referee.o(.bss) for .bss
    referee.o(i.get_shoot_data) refers to referee.o(.data) for .data
    referee.o(i.get_shoot_data) refers to referee.o(.bss) for .bss
    referee.o(i.get_shoot_heat0_limit_and_heat0) refers to referee.o(.bss) for .bss
    referee.o(i.get_shoot_heat1_limit_and_heat1) refers to referee.o(.bss) for .bss
    referee.o(i.is_red_or_blue) refers to referee.o(.bss) for .bss
    referee.o(i.is_red_or_blue) refers to referee.o(.data) for .data
    referee.o(i.referee_data_solve) refers to referee.o(i.Verify_CRC8_Check_Sum) for Verify_CRC8_Check_Sum
    referee.o(i.referee_data_solve) refers to referee.o(i.Verify_CRC16_Check_Sum) for Verify_CRC16_Check_Sum
    referee.o(i.referee_data_solve) refers to memcpya.o(.text) for __aeabi_memcpy
    referee.o(i.referee_data_solve) refers to referee.o(.data) for .data
    referee.o(i.referee_data_solve) refers to referee.o(.bss) for .bss
    referee_send.o(i.UI_init) refers to referee.o(i.Append_CRC8_Check_Sum) for Append_CRC8_Check_Sum
    referee_send.o(i.UI_init) refers to referee_send.o(.bss) for .bss
    referee_send.o(i.UI_show) refers to referee.o(i.Append_CRC16_Check_Sum) for Append_CRC16_Check_Sum
[...]
    i.led_sw                                 0x080053ec   Section        0  led.o(i.led_sw)
    i.main                                   0x080053f8   Section        0  main.o(i.main)
    i.makeFreeRtosPriority                   0x08005454   Section        0  cmsis_os.o(i.makeFreeRtosPriority)
    makeFreeRtosPriority                     0x08005455   Thumb Code    12  cmsis_os.o(i.makeFreeRtosPriority)
    i.osDelay                                0x08005460   Section        0  cmsis_os.o(i.osDelay)
    i.osKernelStart                          0x0800546e   Section        0  cmsis_os.o(i.osKernelStart)
    i.osThreadCreate                         0x08005478   Section        0  cmsis_os.o(i.osThreadCreate)
    i.prvAddCurrentTaskToDelayedList         0x080054cc   Section        0  tasks.o(i.prvAddCurrentTaskToDelayedList)
    prvAddCurrentTaskToDelayedList           0x080054cd   Thumb Code   102  tasks.o(i.prvAddCurrentTaskToDelayedList)
    i.prvAddNewTaskToReadyList               0x0800553c   Section        0  tasks.o(i.prvAddNewTaskToReadyList)
    prvAddNewTaskToReadyList                 0x0800553d   Thumb Code   190  tasks.o(i.prvAddNewTaskToReadyList)
    i.prvDeleteTCB                           0x0800560c   Section        0  tasks.o(i.prvDeleteTCB)
    prvDeleteTCB                             0x0800560d   Thumb Code    52  tasks.o(i.prvDeleteTCB)
    i.prvHeapInit                            0x08005640   Section        0  heap_4.o(i.prvHeapInit)
    prvHeapInit                              0x08005641   Thumb Code    66  heap_4.o(i.prvHeapInit)
    i.prvIdleTask                            0x0800568c   Section        0  tasks.o(i.prvIdleTask)
    prvIdleTask                              0x0800568d   Thumb Code    82  tasks.o(i.prvIdleTask)
    i.prvInitialiseNewTask                   0x080056ec   Section        0  tasks.o(i.prvInitialiseNewTask)
    prvInitialiseNewTask                     0x080056ed   Thumb Code   142  tasks.o(i.prvInitialiseNewTask)
    i.prvInsertBlockIntoFreeList             0x0800577c   Section        0  heap_4.o(i.prvInsertBlockIntoFreeList)
    prvInsertBlockIntoFreeList               0x0800577d   Thumb Code    72  heap_4.o(i.prvInsertBlockIntoFreeList)
    i.prvResetNextTaskUnblockTime            0x080057c8   Section        0  tasks.o(i.prvResetNextTaskUnblockTime)
    prvResetNextTaskUnblockTime              0x080057c9   Thumb Code    26  tasks.o(i.prvResetNextTaskUnblockTime)
    i.prvTaskExitError                       0x080057e8   Section        0  port.o(i.prvTaskExitError)
    prvTaskExitError                         0x080057e9   Thumb Code    36  port.o(i.prvTaskExitError)
    i.pvPortMalloc                           0x08005810   Section        0  heap_4.o(i.pvPortMalloc)
    i.pxPortInitialiseStack                  0x080058e8   Section        0  port.o(i.pxPortInitialiseStack)
    i.referee_data_solve                     0x08005914   Section        0  referee.o(i.referee_data_solve)
    i.referee_usart_init                     0x08005a50   Section        0  referee_usart.o(i.referee_usart_init)
    i.super_control                          0x08005a64   Section        0  super_control.o(i.super_control)
    i.super_current_control                  0x08005ad8   Section        0  super_control.o(i.super_current_control)
    i.super_out                              0x08005ccc   Section        0  super_control.o(i.super_out)
    i.super_voltage                          0x08005cfc   Section        0  super_control.o(i.super_voltage)
    i.uxListRemove                           0x08005d2c   Section        0  list.o(i.uxListRemove)
    i.vApplicationGetIdleTaskMemory          0x08005d54   Section        0  freertos.o(i.vApplicationGetIdleTaskMemory)
    i.vListInitialise                        0x08005d6c   Section        0  list.o(i.vListInitialise)
    i.vListInitialiseItem                    0x08005d82   Section        0  list.o(i.vListInitialiseItem)
    i.vListInsert                            0x08005d88   Section        0  list.o(i.vListInsert)
    i.vListInsertEnd                         0x08005db8   Section        0  list.o(i.vListInsertEnd)
    i.vPortEnterCritical                     0x08005dd0   Section        0  port.o(i.vPortEnterCritical)
    i.vPortExitCritical                      0x08005e10   Section        0  port.o(i.vPortExitCritical)
    i.vPortFree                              0x08005e38   Section        0  heap_4.o(i.vPortFree)
    i.vPortSetupTimerInterrupt               0x08005e94   Section        0  port.o(i.vPortSetupTimerInterrupt)
    i.vTaskDelay                             0x08005eb8   Section        0  tasks.o(i.vTaskDelay)
    i.vTaskDelayUntil                        0x08005f04   Section        0  tasks.o(i.vTaskDelayUntil)
    i.vTaskStartScheduler                    0x08005f90   Section        0  tasks.o(i.vTaskStartScheduler)
    i.vTaskSuspendAll                        0x08005ffc   Section        0  tasks.o(i.vTaskSuspendAll)
    i.vTaskSwitchContext                     0x0800600c   Section        0  tasks.o(i.vTaskSwitchContext)
    i.xPortStartScheduler                    0x08006068   Section        0  port.o(i.xPortStartScheduler)
    i.xPortSysTickHandler                    0x0800615c   Section        0  port.o(i.xPortSysTickHandler)
    i.xTaskCreate                            0x08006188   Section        0  tasks.o(i.xTaskCreate)
    i.xTaskCreateStatic                      0x080061e2   Section        0  tasks.o(i.xTaskCreateStatic)
    i.xTaskGetSchedulerState                 0x08006238   Section        0  tasks.o(i.xTaskGetSchedulerState)
    i.xTaskGetTickCount                      0x08006254   Section        0  tasks.o(i.xTaskGetTickCount)
    i.xTaskIncrementTick                     0x08006260   Section        0  tasks.o(i.xTaskIncrementTick)
    i.xTaskResumeAll                         0x08006328   Section        0  tasks.o(i.xTaskResumeAll)
    .constdata                               0x080063ec   Section      768  referee.o(.constdata)
    .constdata                               0x080066ec   Section      112  freertos.o(.constdata)
    .constdata                               0x0800675c   Section        8  stm32f4xx_hal_dma.o(.constdata)
    flagBitshiftOffset                       0x0800675c   Data           8  stm32f4xx_hal_dma.o(.constdata)
    .constdata                               0x08006764   Section       16  system_stm32f4xx.o(.constdata)
    .constdata                               0x08006774   Section        8  system_stm32f4xx.o(.constdata)
    .constdata                               0x08006780   Section       48  cos_i.o(.constdata)
    C                                        0x08006780   Data          48  cos_i.o(.constdata)
    .constdata                               0x080067b0   Section      200  rred.o(.constdata)
    pio2s                                    0x080067b0   Data          48  rred.o(.constdata)
    twooverpi                                0x080067e0   Data         152  rred.o(.constdata)
    .constdata                               0x08006878   Section       40  sin_i.o(.constdata)
    S                                        0x08006878   Data          40  sin_i.o(.constdata)
    .conststring                             0x080068a0   Section       52  freertos.o(.conststring)
    .data                                    0x20000000   Section       40  referee.o(.data)
    .data                                    0x20000028   Section       24  bsp_usart.o(.data)
    m                                        0x20000028   Data           1  bsp_usart.o(.data)
    powermax                                 0x2000002a   Data           2  bsp_usart.o(.data)
    powermaybe                               0x2000002c   Data           4  bsp_usart.o(.data)
    powermaybesum                            0x20000030   Data           4  bsp_usart.o(.data)
    inapow                                   0x20000034   Data           4  bsp_usart.o(.data)
    power                                    0x20000038   Data           4  bsp_usart.o(.data)
    powerbuff                                0x2000003c   Data           4  bsp_usart.o(.data)
    .data                                    0x20000040   Section        2  referee_usart.o(.data)
    this_time_rx_len                         0x20000040   Data           2  referee_usart.o(.data)
    .data                                    0x20000044   Section       84  super_control.o(.data)
    surper_state                             0x20000045   Data           1  super_control.o(.data)
    powermax                                 0x20000046   Data           2  super_control.o(.data)
    powermaybe                               0x20000048   Data           4  super_control.o(.data)
    powermaybelast                           0x2000004c   Data           4  super_control.o(.data)
    inapower                                 0x20000050   Data           4  super_control.o(.data)
    inapowerlast                             0x20000054   Data           4  super_control.o(.data)
    power                                    0x20000058   Data           4  super_control.o(.data)
    powerbuff                                0x2000005c   Data           4  super_control.o(.data)
    motorpower                               0x20000060   Data           4  super_control.o(.data)
    inapower                                 0x20000064   Data           4  super_control.o(.data)
    Current_CirClePid                        0x20000068   Data          48  super_control.o(.data)
    .data                                    0x20000098   Section       84  chassis_task.o(.data)
    Power_Max                                0x20000098   Data           2  chassis_task.o(.data)
    Power_Maybe                              0x2000009c   Data           4  chassis_task.o(.data)
    Power_Bufferlimit                        0x200000a0   Data           4  chassis_task.o(.data)
    Power                                    0x200000a4   Data           4  chassis_task.o(.data)
    Power_Buffer                             0x200000a8   Data           4  chassis_task.o(.data)
    .data                                    0x200000ec   Section        8  caninfo_task.o(.data)
    .data                                    0x200000f4   Section        4  can.o(.data)
    HAL_RCC_CAN1_CLK_ENABLED                 0x200000f4   Data           4  can.o(.data)
    .data                                    0x200000f8   Section       16  freertos.o(.data)
    .data                                    0x20000108   Section       12  stm32f4xx_hal.o(.data)
    .data                                    0x20000114   Section        4  system_stm32f4xx.o(.data)
    .data                                    0x20000118   Section       60  tasks.o(.data)
    pxDelayedTaskList                        0x2000011c   Data           4  tasks.o(.data)
    pxOverflowDelayedTaskList                0x20000120   Data           4  tasks.o(.data)
    uxDeletedTasksWaitingCleanUp             0x20000124   Data           4  tasks.o(.data)
    uxCurrentNumberOfTasks                   0x20000128   Data           4  tasks.o(.data)
    xTickCount                               0x2000012c   Data           4  tasks.o(.data)
    uxTopReadyPriority                       0x20000130   Data           4  tasks.o(.data)
    xSchedulerRunning                        0x20000134   Data           4  tasks.o(.data)
    uxPendedTicks                            0x20000138   Data           4  tasks.o(.data)
    xYieldPending                            0x2000013c   Data           4  tasks.o(.data)
    xNumOfOverflows                          0x20000140   Data           4  tasks.o(.data)
    uxTaskNumber                             0x20000144   Data           4  tasks.o(.data)
    xNextTaskUnblockTime                     0x20000148   Data           4  tasks.o(.data)
    xIdleTaskHandle                          0x2000014c   Data           4  tasks.o(.data)
    uxSchedulerSuspended                     0x20000150   Data           4  tasks.o(.data)
    .data                                    0x20000154   Section       24  heap_4.o(.data)
    pxEnd                                    0x20000154   Data           4  heap_4.o(.data)
    xFreeBytesRemaining                      0x20000158   Data           4  heap_4.o(.data)
    xMinimumEverFreeBytesRemaining           0x2000015c   Data           4  heap_4.o(.data)
    xBlockAllocatedBit                       0x20000160   Data           4  heap_4.o(.data)
    xStart                                   0x20000164   Data           8  heap_4.o(.data)
    .data                                    0x2000016c   Section       12  port.o(.data)
    ucMaxSysCallPriority                     0x2000016c   Data           1  port.o(.data)
    uxCriticalNesting                        0x20000170   Data           4  port.o(.data)
    ulMaxPRIGROUPValue                       0x20000174   Data           4  port.o(.data)
    .data                                    0x20000178   Section        4  errno.o(.data)
    _errno                                   0x20000178   Data           4  errno.o(.data)
    .bss                                     0x2000017c   Section       48  led.o(.bss)
    .bss                                     0x200001ac   Section       48  ina230.o(.bss)
    .bss                                     0x200001dc   Section       80  referee.o(.bss)
    .bss                                     0x2000022c   Section      120  referee_send.o(.bss)
    .bss                                     0x200002a4   Section       16  bsp_usart.o(.bss)
    .bss                                     0x200002b4   Section       16  bsp_adc.o(.bss)
    sConfig                                  0x200002b4   Data          16  bsp_adc.o(.bss)
    .bss                                     0x200002c4   Section     1536  referee_usart.o(.bss)
    referee_rx_buf                           0x200002c4   Data        1024  referee_usart.o(.bss)
    .bss                                     0x200008c4   Section      424  chassis_task.o(.bss)
    .bss                                     0x20000a6c   Section      180  caninfo_task.o(.bss)
    .bss                                     0x20000b20   Section       72  adc.o(.bss)
    .bss                                     0x20000b68   Section       80  can.o(.bss)
    .bss                                     0x20000bb8   Section     1108  freertos.o(.bss)
    xIdleTaskTCBBuffer                       0x20000bb8   Data          84  freertos.o(.bss)
    xIdleStack                               0x20000c0c   Data        1024  freertos.o(.bss)
    .bss                                     0x2000100c   Section      128  tim.o(.bss)
    .bss                                     0x2000108c   Section      320  usart.o(.bss)
    .bss                                     0x200011cc   Section      420  tasks.o(.bss)
    pxReadyTasksLists                        0x200011cc   Data         320  tasks.o(.bss)
    xDelayedTaskList1                        0x2000130c   Data          20  tasks.o(.bss)
    xDelayedTaskList2                        0x20001320   Data          20  tasks.o(.bss)
    xPendingReadyList                        0x20001334   Data          20  tasks.o(.bss)
    xTasksWaitingTermination                 0x20001348   Data          20  tasks.o(.bss)
    xSuspendedTaskList                       0x2000135c   Data          20  tasks.o(.bss)
    .bss                                     0x20001370   Section    15360  heap_4.o(.bss)
    ucHeap                                   0x20001370   Data       15360  heap_4.o(.bss)
    STACK                                    0x20004f70   Section     1024  startup_stm32f407xx.o(STACK)

    Global Symbols

    Symbol Name                              Value     Ov Type        Size  Object(Section)

    BuildAttributes$$THM_ISAv4$E$P$D$K$B$S$7EM$VFPi3$EXTD16$VFPS$VFMA$PE$A:L22UL41UL21$X:L11$S22US41US21$IEEE1$IW$USESV6$~STKCKD$USESV7$~SHL$OTIME$ROPI$IEEEX$EBA8$MICROLIB$REQ8$PRES8$EABIv2 0x00000000   Number         0  anon$$obj.o ABSOLUTE
    __ARM_use_no_argv                        0x00000000   Number         0  main.o ABSOLUTE
    __cpp_initialize__aeabi_                  - Undefined Weak Reference
    __cxa_finalize                            - Undefined Weak Reference
    _clock_init                               - Undefined Weak Reference
    _microlib_exit                            - Undefined Weak Reference
    __Vectors_Size                           0x00000188   Number         0  startup_stm32f407xx.o ABSOLUTE
    __Vectors                                0x08000000   Data           4  startup_stm32f407xx.o(RESET)
    __Vectors_End                            0x08000188   Data           0  startup_stm32f407xx.o(RESET)
    __main                                   0x08000189   Thumb Code     0  entry.o(.ARM.Collect$$$$00000000)
    _main_stk                                0x08000189   Thumb Code     0  entry2.o(.ARM.Collect$$$$00000001)
    _main_scatterload                        0x0800018d   Thumb Code     0  entry5.o(.ARM.Collect$$$$00000004)
    __main_after_scatterload                 0x08000191   Thumb Code     0  entry5.o(.ARM.Collect$$$$00000004)
    _main_clock                              0x08000191   Thumb Code     0  entry7b.o(.ARM.Collect$$$$00000008)
    _main_cpp_init                           0x08000191   Thumb Code     0  entry8b.o(.ARM.Collect$$$$0000000A)
    _main_init                               0x08000191   Thumb Code     0  entry9a.o(.ARM.Collect$$$$0000000B)
    __rt_final_cpp                           0x08000199   Thumb Code     0  entry10a.o(.ARM.Collect$$$$0000000D)
    __rt_final_exit                          0x08000199   Thumb Code     0  entry11a.o(.ARM.Collect$$$$0000000F)
    SVC_Handler                              0x0800019d   Thumb Code    28  port.o(.emb_text)
    __asm___6_port_c_39a90d8d__prvStartFirstTask 0x080001bd   Thumb Code    36  port.o(.emb_text)
    __asm___6_port_c_39a90d8d__prvEnableVFP  0x080001e5   Thumb Code    16  port.o(.emb_text)
    PendSV_Handler                           0x080001f9   Thumb Code    88  port.o(.emb_text)
    vPortGetIPSR                             0x08000255   Thumb Code     6  port.o(.emb_text)
    Reset_Handler                            0x0800025d   Thumb Code     8  startup_stm32f407xx.o(.text)
    ADC_IRQHandler                           0x08000277   Thumb Code     0  startup_stm32f407xx.o(.text)
    CAN1_RX1_IRQHandler                      0x08000277   Thumb Code     0  startup_stm32f407xx.o(.text)
    CAN1_SCE_IRQHandler                      0x08000277   Thumb Code     0  startup_stm32f407xx.o(.text)
    CAN1_TX_IRQHandler                       0x08000277   Thumb Code     0  startup_stm32f407xx.o(.text)
    CAN2_RX1_IRQHandler                      0x08000277   Thumb Code     0  startup_stm32f407xx.o(.text)
    CAN2_SCE_IRQHandler                      0x08000277   Thumb Code     0  startup_stm32f407xx.o(.text)
    CAN2_TX_IRQHandler                       0x08000277   Thumb Code     0  startup_stm32f407xx.o(.text)
    DCMI_IRQHandler                          0x08000277   Thumb Code     0  startup_stm32f407xx.o(.text)
    DMA1_Stream0_IRQHandler                  0x08000277   Thumb Code     0  startup_stm32f407xx.o(.text)
    DMA1_Stream1_IRQHandler                  0x08000277   Thumb Code     0  startup_stm32f407xx.o(.text)
    DMA1_Stream2_IRQHandler                  0x08000277   Thumb Code     0  startup_stm32f407xx.o(.text)
    DMA1_Stream3_IRQHandler                  0x08000277   Thumb Code     0  startup_stm32f407xx.o(.text)
    DMA1_Stream4_IRQHandler                  0x08000277   Thumb Code     0  startup_stm32f407xx.o(.text)
    DMA1_Stream5_IRQHandler                  0x08000277   Thumb Code     0  startup_stm32f407xx.o(.text)
    DMA1_Stream6_IRQHandler                  0x08000277   Thumb Code     0  startup_stm32f407xx.o(.text)
    DMA1_Stream7_IRQHandler                  0x08000277   Thumb Code     0  startup_stm32f407xx.o(.text)
    DMA2_Stream0_IRQHandler                  0x08000277   Thumb Code     0  startup_stm32f407xx.o(.text)
    DMA2_Stream1_IRQHandler                  0x08000277   Thumb Code     0  startup_stm32f407xx.o(.text)
    DMA2_Stream3_IRQHandler                  0x08000277   Thumb Code     0  startup_stm32f407xx.o(.text)
    DMA2_Stream4_IRQHandler                  0x08000277   Thumb Code     0  startup_stm32f407xx.o(.text)
    DMA2_Stream5_IRQHandler                  0x08000277   Thumb Code     0  startup_stm32f407xx.o(.text)
    DMA2_Stream6_IRQHandler                  0x08000277   Thumb Code     0  startup_stm32f407xx.o(.text)
    ETH_IRQHandler                           0x08000277   Thumb Code     0  startup_stm32f407xx.o(.text)
    ETH_WKUP_IRQHandler                      0x08000277   Thumb Code     0  startup_stm32f407xx.o(.text)
    EXTI0_IRQHandler                         0x08000277   Thumb Code     0  startup_stm32f407xx.o(.text)
    EXTI15_10_IRQHandler                     0x08000277   Thumb Code     0  startup_stm32f407xx.o(.text)
    EXTI1_IRQHandler                         0x08000277   Thumb Code     0  startup_stm32f407xx.o(.text)
    EXTI2_IRQHandler                         0x08000277   Thumb Code     0  startup_stm32f407xx.o(.text)
    EXTI3_IRQHandler                         0x08000277   Thumb Code     0  startup_stm32f407xx.o(.text)
    EXTI4_IRQHandler                         0x08000277   Thumb Code     0  startup_stm32f407xx.o(.text)
    EXTI9_5_IRQHandler                       0x08000277   Thumb Code     0  startup_stm32f407xx.o(.text)
    FLASH_IRQHandler                         0x08000277   Thumb Code     0  startup_stm32f407xx.o(.text)
    FMC_IRQHandler                           0x08000277   Thumb Code     0  startup_stm32f407xx.o(.text)
    FPU_IRQHandler                           0x08000277   Thumb Code     0  startup_stm32f407xx.o(.text)
    HASH_RNG_IRQHandler                      0x08000277   Thumb Code     0  startup_stm32f407xx.o(.text)
    I2C1_ER_IRQHandler                       0x08000277   Thumb Code     0  startup_stm32f407xx.o(.text)
    I2C1_EV_IRQHandler                       0x08000277   Thumb Code     0  startup_stm32f407xx.o(.text)
    I2C2_ER_IRQHandler                       0x08000277   Thumb Code     0  startup_stm32f407xx.o(.text)
    I2C2_EV_IRQHandler                       0x08000277   Thumb Code     0  startup_stm32f407xx.o(.text)
    I2C3_ER_IRQHandler                       0x08000277   Thumb Code     0  startup_stm32f407xx.o(.text)
    I2C3_EV_IRQHandler                       0x08000277   Thumb Code     0  startup_stm32f407xx.o(.text)
    OTG_FS_IRQHandler                        0x08000277   Thumb Code     0  startup_stm32f407xx.o(.text)
    OTG_FS_WKUP_IRQHandler                   0x08000277   Thumb Code     0  startup_stm32f407xx.o(.text)
    OTG_HS_EP1_IN_IRQHandler                 0x08000277   Thumb Code     0  startup_stm32f407xx.o(.text)
    OTG_HS_EP1_OUT_IRQHandler                0x08000277   Thumb Code     0  startup_stm32f407xx.o(.text)
    OTG_HS_IRQHandler                        0x08000277   Thumb Code     0  startup_stm32f407xx.o(.text)
    OTG_HS_WKUP_IRQHandler                   0x08000277   Thumb Code     0  startup_stm32f407xx.o(.text)
    PVD_IRQHandler                           0x08000277   Thumb Code     0  startup_stm32f407xx.o(.text)
    RCC_IRQHandler                           0x08000277   Thumb Code     0  startup_stm32f407xx.o(.text)
    RTC_Alarm_IRQHandler                     0x08000277   Thumb Code     0  startup_stm32f407xx.o(.text)
    RTC_WKUP_IRQHandler                      0x08000277   Thumb Code     0  startup_stm32f407xx.o(.text)
    SDIO_IRQHandler                          0x08000277   Thumb Code     0  startup_stm32f407xx.o(.text)
    SPI1_IRQHandler                          0x08000277   Thumb Code     0  startup_stm32f407xx.o(.text)
    SPI2_IRQHandler                          0x08000277   Thumb Code     0  startup_stm32f407xx.o(.text)
    SPI3_IRQHandler                          0x08000277   Thumb Code     0  startup_stm32f407xx.o(.text)
    TAMP_STAMP_IRQHandler                    0x08000277   Thumb Code     0  startup_stm32f407xx.o(.text)
    TIM1_BRK_TIM9_IRQHandler                 0x08000277   Thumb Code     0  startup_stm32f407xx.o(.text)
    TIM1_CC_IRQHandler                       0x08000277   Thumb Code     0  startup_stm32f407xx.o(.text)
    TIM1_TRG_COM_TIM11_IRQHandler            0x08000277   Thumb Code     0  startup_stm32f407xx.o(.text)
    TIM1_UP_TIM10_IRQHandler                 0x08000277   Thumb Code     0  startup_stm32f407xx.o(.text)
    TIM2_IRQHandler                          0x08000277   Thumb Code     0  startup_stm32f407xx.o(.text)
    TIM3_IRQHandler                          0x08000277   Thumb Code     0  startup_stm32f407xx.o(.text)
    TIM4_IRQHandler                          0x08000277   Thumb Code     0  startup_stm32f407xx.o(.text)
    TIM5_IRQHandler                          0x08000277   Thumb Code     0  startup_stm32f407xx.o(.text)
    TIM6_DAC_IRQHandler                      0x08000277   Thumb Code     0  startup_stm32f407xx.o(.text)
    TIM7_IRQHandler                          0x08000277   Thumb Code     0  startup_stm32f407xx.o(.text)
    TIM8_BRK_TIM12_IRQHandler                0x08000277   Thumb Code     0  startup_stm32f407xx.o(.text)
    TIM8_CC_IRQHandler                       0x08000277   Thumb Code     0  startup_stm32f407xx.o(.text)
    TIM8_TRG_COM_TIM14_IRQHandler            0x08000277   Thumb Code     0  startup_stm32f407xx.o(.text)
    TIM8_UP_TIM13_IRQHandler                 0x08000277   Thumb Code     0  startup_stm32f407xx.o(.text)
    UART4_IRQHandler                         0x08000277   Thumb Code     0  startup_stm32f407xx.o(.text)
    UART5_IRQHandler                         0x08000277   Thumb Code     0  startup_stm32f407xx.o(.text)
    USART2_IRQHandler                        0x08000277   Thumb Code     0  startup_stm32f407xx.o(.text)
    USART3_IRQHandler                        0x08000277   Thumb Code     0  startup_stm32f407xx.o(.text)
    USART6_IRQHandler                        0x08000277   Thumb Code     0  startup_stm32f407xx.o(.text)
    WWDG_IRQHandler                          0x08000277   Thumb Code     0  startup_stm32f407xx.o(.text)
    __aeabi_uldivmod                         0x08000281   Thumb Code    98  uldiv.o(.text)
    __aeabi_memcpy                           0x080002e3   Thumb Code    36  memcpya.o(.text)
    __aeabi_memcpy4                          0x080002e3   Thumb Code     0  memcpya.o(.text)
    __aeabi_memcpy8                          0x080002e3   Thumb Code     0  memcpya.o(.text)
    __aeabi_memset                           0x08000307   Thumb Code    14  memseta.o(.text)
    __aeabi_memset4                          0x08000307   Thumb Code     0  memseta.o(.text)
    __aeabi_memset8                          0x08000307   Thumb Code     0  memseta.o(.text)
    __aeabi_memclr                           0x08000315   Thumb Code     4  memseta.o(.text)
    __aeabi_memclr4                          0x08000315   Thumb Code     0  memseta.o(.text)
    __aeabi_memclr8                          0x08000315   Thumb Code     0  memseta.o(.text)
    memset                                   0x08000319   Thumb Code    18  memseta.o(.text)
    __aeabi_dadd                             0x0800032b   Thumb Code   322  dadd.o(.text)
    __aeabi_dsub                             0x0800046d   Thumb Code     6  dadd.o(.text)
    __aeabi_drsub                            0x08000473   Thumb Code     6  dadd.o(.text)
    __aeabi_dmul                             0x08000479   Thumb Code   228  dmul.o(.text)
    __aeabi_ddiv                             0x0800055d   Thumb Code   222  ddiv.o(.text)
    __aeabi_i2d                              0x0800063b   Thumb Code    34  dflti.o(.text)
    __aeabi_d2uiz                            0x0800065d   Thumb Code    50  dfixui.o(.text)
    __aeabi_f2d                              0x0800068f   Thumb Code    38  f2d.o(.text)
    __aeabi_cdcmpeq                          0x080006b5   Thumb Code     0  cdcmple.o(.text)
    __aeabi_cdcmple                          0x080006b5   Thumb Code    48  cdcmple.o(.text)
    __aeabi_cdrcmple                         0x080006e5   Thumb Code    48  cdrcmple.o(.text)
    __aeabi_d2f                              0x08000715   Thumb Code    56  d2f.o(.text)
    __aeabi_llsl                             0x0800074d   Thumb Code    30  llshl.o(.text)
    _ll_shift_l                              0x0800074d   Thumb Code     0  llshl.o(.text)
    __aeabi_llsr                             0x0800076b   Thumb Code    32  llushr.o(.text)
    _ll_ushift_r                             0x0800076b   Thumb Code     0  llushr.o(.text)
    __aeabi_lasr                             0x0800078b   Thumb Code    36  llsshr.o(.text)
    _ll_sshift_r                             0x0800078b   Thumb Code     0  llsshr.o(.text)
    __I$use$fp                               0x080007af   Thumb Code     0  iusefp.o(.text)
    _float_round                             0x080007af   Thumb Code    18  fepilogue.o(.text)
    _float_epilogue                          0x080007c1   Thumb Code    92  fepilogue.o(.text)
    _double_round                            0x0800081d   Thumb Code    30  depilogue.o(.text)
    _double_epilogue                         0x0800083b   Thumb Code   156  depilogue.o(.text)
    __scatterload                            0x080008d9   Thumb Code    28  init.o(.text)
    __scatterload_rt2                        0x080008d9   Thumb Code     0  init.o(.text)
    __aeabi_ui2d                             0x080008fd   Thumb Code    26  dfltui.o(.text)
    __aeabi_d2iz                             0x08000917   Thumb Code    62  dfixi.o(.text)
    __decompress                             0x08000955   Thumb Code     0  __dczerorl.o(.text)
    __decompress0                            0x08000955   Thumb Code    58  __dczerorl.o(.text)
    Append_CRC16_Check_Sum                   0x08000ab9   Thumb Code    36  referee.o(i.Append_CRC16_Check_Sum)
    Append_CRC8_Check_Sum                    0x08000ae1   Thumb Code    28  referee.o(i.Append_CRC8_Check_Sum)
    BSP_delayInit                            0x08000afd   Thumb Code    16  bsp_tim.o(i.BSP_delayInit)
    BusFault_Handler                         0x08000b11   Thumb Code     2  stm32f4xx_it.o(i.BusFault_Handler)
    CAN1_RX0_IRQHandler                      0x08000b15   Thumb Code     6  stm32f4xx_it.o(i.CAN1_RX0_IRQHandler)
    CAN2_RX0_IRQHandler                      0x08000b21   Thumb Code     6  stm32f4xx_it.o(i.CAN2_RX0_IRQHandler)
    Chassis_Task                             0x08000b2d   Thumb Code   248  chassis_task.o(i.Chassis_Task)
    DAC_set                                  0x08000c45   Thumb Code    84  ina230.o(i.DAC_set)
    DATA_show                                0x08000c9d   Thumb Code    90  bsp_usart.o(i.DATA_show)
    DELAY_us                                 0x08000cfd   Thumb Code    28  bsp_tim.o(i.DELAY_us)
    DMA2_Stream2_IRQHandler                  0x08000d1d   Thumb Code     6  stm32f4xx_it.o(i.DMA2_Stream2_IRQHandler)
    DMA2_Stream7_IRQHandler                  0x08000d29   Thumb Code     6  stm32f4xx_it.o(i.DMA2_Stream7_IRQHandler)
    DebugMon_Handler                         0x08000db1   Thumb Code     2  stm32f4xx_it.o(i.DebugMon_Handler)
    Error_Handler                            0x08000db3   Thumb Code     2  main.o(i.Error_Handler)
    Get_CRC16_Check_Sum                      0x08000db5   Thumb Code    38  referee.o(i.Get_CRC16_Check_Sum)
    Get_CRC8_Check_Sum                       0x08000de1   Thumb Code    24  referee.o(i.Get_CRC8_Check_Sum)
    HAL_ADC_ConfigChannel                    0x08000dfd   Thumb Code   316  stm32f4xx_hal_adc.o(i.HAL_ADC_ConfigChannel)
    HAL_ADC_GetValue                         0x08000f49   Thumb Code     6  stm32f4xx_hal_adc.o(i.HAL_ADC_GetValue)
    HAL_ADC_Init                             0x08000f4f   Thumb Code    84  stm32f4xx_hal_adc.o(i.HAL_ADC_Init)
    HAL_ADC_MspInit                          0x08000fa5   Thumb Code    84  adc.o(i.HAL_ADC_MspInit)
    HAL_ADC_PollForConversion                0x08001005   Thumb Code   162  stm32f4xx_hal_adc.o(i.HAL_ADC_PollForConversion)
    HAL_ADC_Start                            0x080010a9   Thumb Code   210  stm32f4xx_hal_adc.o(i.HAL_ADC_Start)
    HAL_CAN_ActivateNotification             0x08001195   Thumb Code    36  stm32f4xx_hal_can.o(i.HAL_CAN_ActivateNotification)
    HAL_CAN_AddTxMessage                     0x080011b9   Thumb Code   200  stm32f4xx_hal_can.o(i.HAL_CAN_AddTxMessage)
    HAL_CAN_ConfigFilter                     0x08001281   Thumb Code   262  stm32f4xx_hal_can.o(i.HAL_CAN_ConfigFilter)
    HAL_CAN_ErrorCallback                    0x0800138d   Thumb Code     2  stm32f4xx_hal_can.o(i.HAL_CAN_ErrorCallback)
    HAL_CAN_GetRxMessage                     0x0800138f   Thumb Code   232  stm32f4xx_hal_can.o(i.HAL_CAN_GetRxMessage)
    HAL_CAN_IRQHandler                       0x08001477   Thumb Code   508  stm32f4xx_hal_can.o(i.HAL_CAN_IRQHandler)
    HAL_CAN_Init                             0x08001673   Thumb Code   282  stm32f4xx_hal_can.o(i.HAL_CAN_Init)
    HAL_CAN_MspInit                          0x0800178d   Thumb Code   232  can.o(i.HAL_CAN_MspInit)
    HAL_CAN_RxFifo0FullCallback              0x0800188d   Thumb Code     2  stm32f4xx_hal_can.o(i.HAL_CAN_RxFifo0FullCallback)
    HAL_CAN_RxFifo0MsgPendingCallback        0x08001891   Thumb Code   260  caninfo_task.o(i.HAL_CAN_RxFifo0MsgPendingCallback)
    HAL_CAN_RxFifo1FullCallback              0x080019a9   Thumb Code     2  stm32f4xx_hal_can.o(i.HAL_CAN_RxFifo1FullCallback)
    HAL_CAN_RxFifo1MsgPendingCallback        0x080019ab   Thumb Code     2  stm32f4xx_hal_can.o(i.HAL_CAN_RxFifo1MsgPendingCallback)
    HAL_CAN_SleepCallback                    0x080019ad   Thumb Code     2  stm32f4xx_hal_can.o(i.HAL_CAN_SleepCallback)
    HAL_CAN_Start                            0x080019b1   Thumb Code    88  stm32f4xx_hal_can.o(i.HAL_CAN_Start)
    HAL_CAN_TxMailbox0AbortCallback          0x08001a09   Thumb Code     2  stm32f4xx_hal_can.o(i.HAL_CAN_TxMailbox0AbortCallback)
    HAL_CAN_TxMailbox0CompleteCallback       0x08001a0b   Thumb Code     2  stm32f4xx_hal_can.o(i.HAL_CAN_TxMailbox0CompleteCallback)
    HAL_CAN_TxMailbox1AbortCallback          0x08001a0d   Thumb Code     2  stm32f4xx_hal_can.o(i.HAL_CAN_TxMailbox1AbortCallback)
    HAL_CAN_TxMailbox1CompleteCallback       0x08001a0f   Thumb Code     2  stm32f4xx_hal_can.o(i.HAL_CAN_TxMailbox1CompleteCallback)
    HAL_CAN_TxMailbox2AbortCallback          0x08001a11   Thumb Code     2  stm32f4xx_hal_can.o(i.HAL_CAN_TxMailbox2AbortCallback)
    HAL_CAN_TxMailbox2CompleteCallback       0x08001a13   Thumb Code     2  stm32f4xx_hal_can.o(i.HAL_CAN_TxMailbox2CompleteCallback)
    HAL_CAN_WakeUpFromRxMsgCallback          0x08001a15   Thumb Code     2  stm32f4xx_hal_can.o(i.HAL_CAN_WakeUpFromRxMsgCallback)
    HAL_DMA_Abort_IT                         0x08001a17   Thumb Code    36  stm32f4xx_hal_dma.o(i.HAL_DMA_Abort_IT)
    HAL_DMA_IRQHandler                       0x08001a3d   Thumb Code   412  stm32f4xx_hal_dma.o(i.HAL_DMA_IRQHandler)
    HAL_DMA_Init                             0x08001bdd   Thumb Code   206  stm32f4xx_hal_dma.o(i.HAL_DMA_Init)
    HAL_GPIO_Init                            0x08001cb1   Thumb Code   394  stm32f4xx_hal_gpio.o(i.HAL_GPIO_Init)
    HAL_GPIO_ReadPin                         0x08001e69   Thumb Code    10  stm32f4xx_hal_gpio.o(i.HAL_GPIO_ReadPin)
    HAL_GPIO_TogglePin                       0x08001e73   Thumb Code    14  stm32f4xx_hal_gpio.o(i.HAL_GPIO_TogglePin)
    HAL_GPIO_WritePin                        0x08001e81   Thumb Code    10  stm32f4xx_hal_gpio.o(i.HAL_GPIO_WritePin)
    HAL_GetTick                              0x08001e8d   Thumb Code     6  stm32f4xx_hal.o(i.HAL_GetTick)
    HAL_IncTick                              0x08001e99   Thumb Code    12  stm32f4xx_hal.o(i.HAL_IncTick)
    HAL_Init                                 0x08001ea9   Thumb Code    48  stm32f4xx_hal.o(i.HAL_Init)
    HAL_InitTick                             0x08001edd   Thumb Code    54  stm32f4xx_hal.o(i.HAL_InitTick)
    HAL_MspInit                              0x08001f1d   Thumb Code    52  stm32f4xx_hal_msp.o(i.HAL_MspInit)
    HAL_NVIC_EnableIRQ                       0x08001f55   Thumb Code    26  stm32f4xx_hal_cortex.o(i.HAL_NVIC_EnableIRQ)
    HAL_NVIC_SetPriority                     0x08001f71   Thumb Code    60  stm32f4xx_hal_cortex.o(i.HAL_NVIC_SetPriority)
    HAL_NVIC_SetPriorityGrouping             0x08001fb1   Thumb Code    26  stm32f4xx_hal_cortex.o(i.HAL_NVIC_SetPriorityGrouping)
    HAL_RCC_ClockConfig                      0x08001fd5   Thumb Code   288  stm32f4xx_hal_rcc.o(i.HAL_RCC_ClockConfig)
    HAL_RCC_GetPCLK1Freq                     0x08002109   Thumb Code    20  stm32f4xx_hal_rcc.o(i.HAL_RCC_GetPCLK1Freq)
    HAL_RCC_GetPCLK2Freq                     0x08002129   Thumb Code    20  stm32f4xx_hal_rcc.o(i.HAL_RCC_GetPCLK2Freq)
    HAL_RCC_GetSysClockFreq                  0x08002149   Thumb Code    88  stm32f4xx_hal_rcc.o(i.HAL_RCC_GetSysClockFreq)
    HAL_RCC_OscConfig                        0x080021a9   Thumb Code   834  stm32f4xx_hal_rcc.o(i.HAL_RCC_OscConfig)
    HAL_SYSTICK_Config                       0x08002505   Thumb Code    40  stm32f4xx_hal_cortex.o(i.HAL_SYSTICK_Config)
    HAL_TIMEx_MasterConfigSynchronization    0x0800252d   Thumb Code   116  stm32f4xx_hal_tim_ex.o(i.HAL_TIMEx_MasterConfigSynchronization)
    HAL_TIM_Base_Init                        0x080025bd   Thumb Code    54  stm32f4xx_hal_tim.o(i.HAL_TIM_Base_Init)
    HAL_TIM_Base_MspInit                     0x080025f5   Thumb Code    52  tim.o(i.HAL_TIM_Base_MspInit)
    HAL_TIM_Base_Start                       0x08002635   Thumb Code    36  stm32f4xx_hal_tim.o(i.HAL_TIM_Base_Start)
    HAL_TIM_ConfigClockSource                0x08002659   Thumb Code   214  stm32f4xx_hal_tim.o(i.HAL_TIM_ConfigClockSource)
    HAL_TIM_MspPostInit                      0x08002731   Thumb Code    70  tim.o(i.HAL_TIM_MspPostInit)
    HAL_TIM_PWM_ConfigChannel                0x08002785   Thumb Code   208  stm32f4xx_hal_tim.o(i.HAL_TIM_PWM_ConfigChannel)
    HAL_TIM_PWM_Init                         0x08002855   Thumb Code    54  stm32f4xx_hal_tim.o(i.HAL_TIM_PWM_Init)
    HAL_TIM_PWM_MspInit                      0x0800288b   Thumb Code     2  stm32f4xx_hal_tim.o(i.HAL_TIM_PWM_MspInit)
    HAL_UART_ErrorCallback                   0x0800288d   Thumb Code     2  stm32f4xx_hal_uart.o(i.HAL_UART_ErrorCallback)
    HAL_UART_IRQHandler                      0x08002891   Thumb Code   270  stm32f4xx_hal_uart.o(i.HAL_UART_IRQHandler)
    HAL_UART_Init                            0x080029a5   Thumb Code    98  stm32f4xx_hal_uart.o(i.HAL_UART_Init)
    HAL_UART_MspInit                         0x08002a09   Thumb Code   270  usart.o(i.HAL_UART_MspInit)
    HAL_UART_RxCpltCallback                  0x08002b35   Thumb Code     2  stm32f4xx_hal_uart.o(i.HAL_UART_RxCpltCallback)
    HAL_UART_TxCpltCallback                  0x08002b37   Thumb Code     2  stm32f4xx_hal_uart.o(i.HAL_UART_TxCpltCallback)
    HardFault_Handler                        0x08002b39   Thumb Code     2  stm32f4xx_it.o(i.HardFault_Handler)
    IIC_Init                                 0x08002b3b   Thumb Code    42  iic.o(i.IIC_Init)
    IIC_Start                                0x08002b65   Thumb Code    72  iic.o(i.IIC_Start)
    IIC_Stop                                 0x08002bad   Thumb Code    84  iic.o(i.IIC_Stop)
    IIC_ack                                  0x08002c01   Thumb Code    84  iic.o(i.IIC_ack)
    IIC_readByte                             0x08002c55   Thumb Code    76  iic.o(i.IIC_readByte)
    IIC_waitAck                              0x08002ca1   Thumb Code    74  iic.o(i.IIC_waitAck)
    IIC_writeByte                            0x08002ceb   Thumb Code    96  iic.o(i.IIC_writeByte)
    INA_getPow                               0x08002d4d   Thumb Code    48  ina230.o(i.INA_getPow)
    INA_init                                 0x08002d81   Thumb Code    88  ina230.o(i.INA_init)
    INA_readLen                              0x08002de5   Thumb Code   148  ina230.o(i.INA_readLen)
    INA_writeData                            0x08002e7d   Thumb Code   110  ina230.o(i.INA_writeData)
    MX_ADC1_Init                             0x08002ef1   Thumb Code    86  adc.o(i.MX_ADC1_Init)
    MX_CAN1_Init                             0x08002f55   Thumb Code    60  can.o(i.MX_CAN1_Init)
    MX_CAN2_Init                             0x08002f99   Thumb Code    60  can.o(i.MX_CAN2_Init)
    MX_DMA_Init                              0x08002fdd   Thumb Code    56  dma.o(i.MX_DMA_Init)
    MX_FREERTOS_Init                         0x08003019   Thumb Code    96  freertos.o(i.MX_FREERTOS_Init)
    MX_GPIO_Init                             0x08003081   Thumb Code   198  gpio.o(i.MX_GPIO_Init)
    MX_TIM4_Init                             0x08003159   Thumb Code   142  tim.o(i.MX_TIM4_Init)
    MX_TIM6_Init                             0x080031f1   Thumb Code    58  tim.o(i.MX_TIM6_Init)
    MX_USART1_UART_Init                      0x08003235   Thumb Code    48  usart.o(i.MX_USART1_UART_Init)
    MX_USART3_UART_Init                      0x0800326d   Thumb Code    48  usart.o(i.MX_USART3_UART_Init)
    MemManage_Handler                        0x080032a5   Thumb Code     2  stm32f4xx_it.o(i.MemManage_Handler)
    NMI_Handler                              0x080032a7   Thumb Code     2  stm32f4xx_it.o(i.NMI_Handler)
    PID_Calc                                 0x080032a9   Thumb Code   330  pid.o(i.PID_Calc)
    PID_Init                                 0x080033f9   Thumb Code    88  pid.o(i.PID_Init)
    Printf_Task                              0x08003455   Thumb Code   252  bsp_usart.o(i.Printf_Task)
    RE_IRQHandler                            0x08003639   Thumb Code   162  referee_usart.o(i.RE_IRQHandler)
    RE_usart_tx_dma_enable                   0x080036fd   Thumb Code    88  referee_usart.o(i.RE_usart_tx_dma_enable)
    Referee_Usart_Task                       0x080037f5   Thumb Code   106  referee_usart.o(i.Referee_Usart_Task)
    SDA_In                                   0x08003869   Thumb Code    38  iic.o(i.SDA_In)
    SDA_Out                                  0x0800388f   Thumb Code    42  iic.o(i.SDA_Out)
    StartDefaultTask                         0x080038b9   Thumb Code     8  freertos.o(i.StartDefaultTask)
    SysTick_Handler                          0x080038c1   Thumb Code    24  stm32f4xx_it.o(i.SysTick_Handler)
    SystemClock_Config                       0x080038d9   Thumb Code   124  main.o(i.SystemClock_Config)
    SystemInit                               0x0800395d   Thumb Code    22  system_stm32f4xx.o(i.SystemInit)
    TIM_Base_SetConfig                       0x08003979   Thumb Code   156  stm32f4xx_hal_tim.o(i.TIM_Base_SetConfig)
    TIM_ETR_SetConfig                        0x08003a41   Thumb Code    20  stm32f4xx_hal_tim.o(i.TIM_ETR_SetConfig)
    TIM_OC2_SetConfig                        0x08003ac5   Thumb Code    98  stm32f4xx_hal_tim.o(i.TIM_OC2_SetConfig)
    UART_SendData                            0x08003cf1   Thumb Code    30  bsp_usart.o(i.UART_SendData)
    UI_init                                  0x08003ea1   Thumb Code   764  referee_send.o(i.UI_init)
    UI_show                                  0x080041a1   Thumb Code    22  referee_send.o(i.UI_show)
    USART1_IRQHandler                        0x080041bd   Thumb Code    16  stm32f4xx_it.o(i.USART1_IRQHandler)
    UsageFault_Handler                       0x080041d1   Thumb Code     2  stm32f4xx_it.o(i.UsageFault_Handler)
    Verify_CRC16_Check_Sum                   0x080041d5   Thumb Code    54  referee.o(i.Verify_CRC16_Check_Sum)
    Verify_CRC8_Check_Sum                    0x08004211   Thumb Code    38  referee.o(i.Verify_CRC8_Check_Sum)
    __ARM_fpclassify                         0x08004237   Thumb Code    48  fpclassify.o(i.__ARM_fpclassify)
    __hardfp_cos                             0x08004289   Thumb Code   180  cos.o(i.__hardfp_cos)
    __hardfp_fabs                            0x08004351   Thumb Code    20  fabs.o(i.__hardfp_fabs)
    __hardfp_sin                             0x08004369   Thumb Code   180  sin.o(i.__hardfp_sin)
    __ieee754_rem_pio2                       0x08004431   Thumb Code   938  rred.o(i.__ieee754_rem_pio2)
    __kernel_cos                             0x08004869   Thumb Code   322  cos_i.o(i.__kernel_cos)
    __kernel_poly                            0x080049d9   Thumb Code   248  poly.o(i.__kernel_poly)
    __kernel_sin                             0x08004ad1   Thumb Code   280  sin_i.o(i.__kernel_sin)
    __mathlib_dbl_infnan                     0x08004c01   Thumb Code    20  dunder.o(i.__mathlib_dbl_infnan)
    __mathlib_dbl_invalid                    0x08004c19   Thumb Code    24  dunder.o(i.__mathlib_dbl_invalid)
    __mathlib_dbl_underflow                  0x08004c39   Thumb Code    24  dunder.o(i.__mathlib_dbl_underflow)
    __scatterload_copy                       0x08004c59   Thumb Code    14  handlers.o(i.__scatterload_copy)
    __scatterload_null                       0x08004c67   Thumb Code     2  handlers.o(i.__scatterload_null)
    __scatterload_zeroinit                   0x08004c69   Thumb Code    14  handlers.o(i.__scatterload_zeroinit)
    __set_errno                              0x08004c79   Thumb Code     6  errno.o(i.__set_errno)
    adcx_get_chx_value                       0x08004c85   Thumb Code    54  bsp_adc.o(i.adcx_get_chx_value)
    bsp_canInit                              0x08004cc1   Thumb Code    98  bsp_can.o(i.bsp_canInit)
    canTX_gimbal                             0x08004d8d   Thumb Code    88  referee_usart.o(i.canTX_gimbal)
    chassis_out                              0x08004de9   Thumb Code    38  super_control.o(i.chassis_out)
    chassis_power_limit                      0x08004e19   Thumb Code   282  chassis_task.o(i.chassis_power_limit)
    fabs                                     0x08005231   Thumb Code    24  fabs.o(i.fabs)
    get_chassis_power_and_buffer             0x08005249   Thumb Code    32  referee.o(i.get_chassis_power_and_buffer)
    get_motor_power                          0x0800526d   Thumb Code   170  super_control.o(i.get_motor_power)
    get_robot_id                             0x08005339   Thumb Code     6  referee.o(i.get_robot_id)
    get_shoot_data                           0x08005345   Thumb Code    22  referee.o(i.get_shoot_data)
    get_shoot_heat0_limit_and_heat0          0x08005365   Thumb Code    16  referee.o(i.get_shoot_heat0_limit_and_heat0)
    led_blin                                 0x08005379   Thumb Code    24  led.o(i.led_blin)
    led_init                                 0x08005391   Thumb Code    80  led.o(i.led_init)
    led_sw                                   0x080053ed   Thumb Code    10  led.o(i.led_sw)
    main                                     0x080053f9   Thumb Code    88  main.o(i.main)
    osDelay                                  0x08005461   Thumb Code    14  cmsis_os.o(i.osDelay)
    osKernelStart                            0x0800546f   Thumb Code    10  cmsis_os.o(i.osKernelStart)
    osThreadCreate                           0x08005479   Thumb Code    84  cmsis_os.o(i.osThreadCreate)
    pvPortMalloc                             0x08005811   Thumb Code   210  heap_4.o(i.pvPortMalloc)
    pxPortInitialiseStack                    0x080058e9   Thumb Code    40  port.o(i.pxPortInitialiseStack)
    referee_data_solve                       0x08005915   Thumb Code   306  referee.o(i.referee_data_solve)
    referee_usart_init                       0x08005a51   Thumb Code    14  referee_usart.o(i.referee_usart_init)
    super_control                            0x08005a65   Thumb Code    94  super_control.o(i.super_control)
    super_current_control                    0x08005ad9   Thumb Code   452  super_control.o(i.super_current_control)
    super_out                                0x08005ccd   Thumb Code    38  super_control.o(i.super_out)
    super_voltage                            0x08005cfd   Thumb Code    34  super_control.o(i.super_voltage)
    uxListRemove                             0x08005d2d   Thumb Code    38  list.o(i.uxListRemove)
    vApplicationGetIdleTaskMemory            0x08005d55   Thumb Code    18  freertos.o(i.vApplicationGetIdleTaskMemory)
    vListInitialise                          0x08005d6d   Thumb Code    22  list.o(i.vListInitialise)
    vListInitialiseItem                      0x08005d83   Thumb Code     6  list.o(i.vListInitialiseItem)
    vListInsert                              0x08005d89   Thumb Code    48  list.o(i.vListInsert)
    vListInsertEnd                           0x08005db9   Thumb Code    24  list.o(i.vListInsertEnd)
    vPortEnterCritical                       0x08005dd1   Thumb Code    54  port.o(i.vPortEnterCritical)
    vPortExitCritical                        0x08005e11   Thumb Code    34  port.o(i.vPortExitCritical)
    vPortFree                                0x08005e39   Thumb Code    88  heap_4.o(i.vPortFree)
    vPortSetupTimerInterrupt                 0x08005e95   Thumb Code    32  port.o(i.vPortSetupTimerInterrupt)
    vTaskDelay                               0x08005eb9   Thumb Code    66  tasks.o(i.vTaskDelay)
    vTaskDelayUntil                          0x08005f05   Thumb Code   132  tasks.o(i.vTaskDelayUntil)
    vTaskStartScheduler                      0x08005f91   Thumb Code    90  tasks.o(i.vTaskStartScheduler)
    vTaskSuspendAll                          0x08005ffd   Thumb Code    10  tasks.o(i.vTaskSuspendAll)
    vTaskSwitchContext                       0x0800600d   Thumb Code    82  tasks.o(i.vTaskSwitchContext)
    xPortStartScheduler                      0x08006069   Thumb Code   222  port.o(i.xPortStartScheduler)
    xPortSysTickHandler                      0x0800615d   Thumb Code    38  port.o(i.xPortSysTickHandler)
    xTaskCreate                              0x08006189   Thumb Code    90  tasks.o(i.xTaskCreate)
    xTaskCreateStatic                        0x080061e3   Thumb Code    86  tasks.o(i.xTaskCreateStatic)
    xTaskGetSchedulerState                   0x08006239   Thumb Code    22  tasks.o(i.xTaskGetSchedulerState)
    xTaskGetTickCount                        0x08006255   Thumb Code     6  tasks.o(i.xTaskGetTickCount)
    xTaskIncrementTick                       0x08006261   Thumb Code   192  tasks.o(i.xTaskIncrementTick)
    xTaskResumeAll                           0x08006329   Thumb Code   182  tasks.o(i.xTaskResumeAll)
    CRC8_TAB                                 0x080063ec   Data         256  referee.o(.constdata)
    wCRC_Table                               0x080064ec   Data         512  referee.o(.constdata)
    AHBPrescTable                            0x08006764   Data          16  system_stm32f4xx.o(.constdata)
    APBPrescTable                            0x08006774   Data           8  system_stm32f4xx.o(.constdata)
    Region$$Table$$Base                      0x080068d4   Number         0  anon$$obj.o(Region$$Table)
    Region$$Table$$Limit                     0x080068f4   Number         0  anon$$obj.o(Region$$Table)
    GameResult                               0x20000000   Data           1  referee.o(.data)
    DartRemaingTime                          0x20000001   Data           1  referee.o(.data)
    BuffMusk                                 0x20000002   Data           1  referee.o(.data)
    RobotHurt                                0x20000003   Data           1  referee.o(.data)
    Self_ID                                  0x20000004   Data           1  referee.o(.data)
    CRC_INIT                                 0x20000006   Data           2  referee.o(.data)
    RefereeWarning                           0x20000008   Data           2  referee.o(.data)
    SelfClient_ID                            0x2000000a   Data           2  referee.o(.data)
    GameState                                0x2000000c   Data           3  referee.o(.data)
    DartState                                0x2000000f   Data           3  referee.o(.data)
    AerialRobotEnergy                        0x20000012   Data           3  referee.o(.data)
    EventData                                0x20000015   Data           4  referee.o(.data)
    SupplyProjectileAction                   0x20000019   Data           4  referee.o(.data)
    FrameHeader                              0x2000001d   Data           5  referee.o(.data)
    ShootData                                0x20000022   Data           6  referee.o(.data)
    super_flag                               0x20000044   Data           1  super_control.o(.data)
    vxset                                    0x200000ac   Data           4  chassis_task.o(.data)
    vyset                                    0x200000b0   Data           4  chassis_task.o(.data)
    LBRamp                                   0x200000b4   Data          10  chassis_task.o(.data)
    RFRamp                                   0x200000be   Data          10  chassis_task.o(.data)
    RBRamp                                   0x200000c8   Data          10  chassis_task.o(.data)
    ChassisPid                               0x200000d4   Data          12  chassis_task.o(.data)
    WzsetPid                                 0x200000e0   Data          12  chassis_task.o(.data)
    chassisCan                               0x200000ec   Data           8  caninfo_task.o(.data)
    defaultTaskHandle                        0x200000f8   Data           4  freertos.o(.data)
    printfTaskHandle                         0x200000fc   Data           4  freertos.o(.data)
    chassisTaskHandle                        0x20000100   Data           4  freertos.o(.data)
    refereeUsartTasHandle                    0x20000104   Data           4  freertos.o(.data)
    uwTickFreq                               0x20000108   Data           1  stm32f4xx_hal.o(.data)
    uwTickPrio                               0x2000010c   Data           4  stm32f4xx_hal.o(.data)
    uwTick                                   0x20000110   Data           4  stm32f4xx_hal.o(.data)
    SystemCoreClock                          0x20000114   Data           4  system_stm32f4xx.o(.data)
    pxCurrentTCB                             0x20000118   Data           4  tasks.o(.data)
    led                                      0x2000017c   Data          48  led.o(.bss)
    inaIic                                   0x200001ac   Data          16  ina230.o(.bss)
    dacIic                                   0x200001bc   Data          16  ina230.o(.bss)
    inaData                                  0x200001cc   Data          16  ina230.o(.bss)
    GameRobotHP                              0x200001dc   Data          32  referee.o(.bss)
    GameRobotState                           0x200001fc   Data          18  referee.o(.bss)
    PowerHeatData                            0x2000020e   Data          14  referee.o(.bss)
    GameRobotPos                             0x2000021c   Data          16  referee.o(.bss)
    graphic_add                              0x2000022c   Data         120  referee_send.o(.bss)
    showData                                 0x200002a4   Data          16  bsp_usart.o(.bss)
    referee_rx_data                          0x200006c4   Data         512  referee_usart.o(.bss)
    chassis_move                             0x200008c4   Data          32  chassis_task.o(.bss)
    LFRamp                                   0x200008e4   Data          10  chassis_task.o(.bss)
    Chassis_Control_Pid                      0x200008f0   Data         304  chassis_task.o(.bss)
    Wzset_Control_Pid                        0x20000a20   Data          76  chassis_task.o(.bss)
    chassisMotor                             0x20000a6c   Data         144  caninfo_task.o(.bss)
    yawMotor                                 0x20000afc   Data          36  caninfo_task.o(.bss)
    hadc1                                    0x20000b20   Data          72  adc.o(.bss)
    hcan1                                    0x20000b68   Data          40  can.o(.bss)
    hcan2                                    0x20000b90   Data          40  can.o(.bss)
    htim4                                    0x2000100c   Data          64  tim.o(.bss)
    htim6                                    0x2000104c   Data          64  tim.o(.bss)
    huart1                                   0x2000108c   Data          64  usart.o(.bss)
    huart3                                   0x200010cc   Data          64  usart.o(.bss)
    hdma_usart1_rx                           0x2000110c   Data          96  usart.o(.bss)
    hdma_usart1_tx                           0x2000116c   Data          96  usart.o(.bss)
    __initial_sp                             0x20005370   Data           0  startup_stm32f407xx.o(STACK)



==============================================================================

Memory Map of the image

  Image Entry point : 0x08000189

  Load Region LR_IROM1 (Base: 0x08000000, Size: 0x00006a70, Max: 0x00080000, ABSOLUTE, COMPRESSED[0x00006928])

    Execution Region ER_IROM1 (Base: 0x08000000, Size: 0x000068f4, Max: 0x00080000, ABSOLUTE)

    Base Addr    Size         Type   Attr      Idx    E Section Name        Object

    0x08000000   0x00000188   Data   RO          977    RESET               startup_stm32f407xx.o
    0x08000188   0x00000000   Code   RO         5687  * .ARM.Collect$$$$00000000  mc_w.l(entry.o)
    0x08000188   0x00000004   Code   RO         5746    .ARM.Collect$$$$00000001  mc_w.l(entry2.o)
    0x0800018c   0x00000004   Code   RO         5749    .ARM.Collect$$$$00000004  mc_w.l(entry5.o)
    0x08000190   0x00000000   Code   RO         5751    .ARM.Collect$$$$00000008  mc_w.l(entry7b.o)
    0x08000190   0x00000000   Code   RO         5753    .ARM.Collect$$$$0000000A  mc_w.l(entry8b.o)
    0x08000190   0x00000008   Code   RO         5754    .ARM.Collect$$$$0000000B  mc_w.l(entry9a.o)
    0x08000198   0x00000000   Code   RO         5756    .ARM.Collect$$$$0000000D  mc_w.l(entry10a.o)
    0x08000198   0x00000000   Code   RO         5758    .ARM.Collect$$$$0000000F  mc_w.l(entry11a.o)
    0x08000198   0x00000004   Code   RO         5747    .ARM.Collect$$$$00002712  mc_w.l(entry2.o)
    0x0800019c   0x000000be   Code   RO         5580    .emb_text           port.o
    0x0800025a   0x00000002   PAD
    0x0800025c   0x00000024   Code   RO          978    .text               startup_stm32f407xx.o
    0x08000280   0x00000062   Code   RO         5690    .text               mc_w.l(uldiv.o)
    0x080002e2   0x00000024   Code   RO         5692    .text               mc_w.l(memcpya.o)
    0x08000306   0x00000024   Code   RO         5696    .text               mc_w.l(memseta.o)
    0x0800032a   0x0000014e   Code   RO         5700    .text               mf_w.l(dadd.o)
    0x08000478   0x000000e4   Code   RO         5702    .text               mf_w.l(dmul.o)
    0x0800055c   0x000000de   Code   RO         5704    .text               mf_w.l(ddiv.o)
    0x0800063a   0x00000022   Code   RO         5706    .text               mf_w.l(dflti.o)
    0x0800065c   0x00000032   Code   RO         5708    .text               mf_w.l(dfixui.o)
    0x0800068e   0x00000026   Code   RO         5710    .text               mf_w.l(f2d.o)
    0x080006b4   0x00000030   Code   RO         5712    .text               mf_w.l(cdcmple.o)
    0x080006e4   0x00000030   Code   RO         5714    .text               mf_w.l(cdrcmple.o)
    0x08000714   0x00000038   Code   RO         5716    .text               mf_w.l(d2f.o)
    0x0800074c   0x0000001e   Code   RO         5760    .text               mc_w.l(llshl.o)
    0x0800076a   0x00000020   Code   RO         5762    .text               mc_w.l(llushr.o)
    0x0800078a   0x00000024   Code   RO         5764    .text               mc_w.l(llsshr.o)
    0x080007ae   0x00000000   Code   RO         5773    .text               mc_w.l(iusefp.o)
    0x080007ae   0x0000006e   Code   RO         5774    .text               mf_w.l(fepilogue.o)
    0x0800081c   0x000000ba   Code   RO         5776    .text               mf_w.l(depilogue.o)
    0x080008d6   0x00000002   PAD
    0x080008d8   0x00000024   Code   RO         5784    .text               mc_w.l(init.o)
    0x080008fc   0x0000001a   Code   RO         5786    .text               mf_w.l(dfltui.o)
    0x08000916   0x0000003e   Code   RO         5788    .text               mf_w.l(dfixi.o)
    0x08000954   0x0000003a   Code   RO         5798    .text               mc_w.l(__dczerorl.o)
    0x0800098e   0x00000002   PAD
    0x08000990   0x00000128   Code   RO         1457    i.ADC_Init          stm32f4xx_hal_adc.o
    0x08000ab8   0x00000028   Code   RO          247    i.Append_CRC16_Check_Sum  referee.o
    0x08000ae0   0x0000001c   Code   RO          248    i.Append_CRC8_Check_Sum  referee.o
    0x08000afc   0x00000014   Code   RO          440    i.BSP_delayInit     bsp_tim.o
    0x08000b10   0x00000002   Code   RO         1336    i.BusFault_Handler  stm32f4xx_it.o
    0x08000b12   0x00000002   PAD
    0x08000b14   0x0000000c   Code   RO         1337    i.CAN1_RX0_IRQHandler  stm32f4xx_it.o
    0x08000b20   0x0000000c   Code   RO         1338    i.CAN2_RX0_IRQHandler  stm32f4xx_it.o
    0x08000b2c   0x00000118   Code   RO          883    i.Chassis_Task      chassis_task.o
    0x08000c44   0x00000058   Code   RO          171    i.DAC_set           ina230.o
    0x08000c9c   0x00000060   Code   RO          470    i.DATA_show         bsp_usart.o
    0x08000cfc   0x00000020   Code   RO          441    i.DELAY_us          bsp_tim.o
    0x08000d1c   0x0000000c   Code   RO         1339    i.DMA2_Stream2_IRQHandler  stm32f4xx_it.o
    0x08000d28   0x0000000c   Code   RO         1340    i.DMA2_Stream7_IRQHandler  stm32f4xx_it.o
    0x08000d34   0x00000028   Code   RO         2188    i.DMA_CalcBaseAndBitshift  stm32f4xx_hal_dma.o
    0x08000d5c   0x00000054   Code   RO         2189    i.DMA_CheckFifoParam  stm32f4xx_hal_dma.o
    0x08000db0   0x00000002   Code   RO         1341    i.DebugMon_Handler  stm32f4xx_it.o
    0x08000db2   0x00000002   Code   RO          985    i.Error_Handler     main.o
    0x08000db4   0x0000002c   Code   RO          249    i.Get_CRC16_Check_Sum  referee.o
    0x08000de0   0x0000001c   Code   RO          250    i.Get_CRC8_Check_Sum  referee.o
    0x08000dfc   0x0000014c   Code   RO         1459    i.HAL_ADC_ConfigChannel  stm32f4xx_hal_adc.o
    0x08000f48   0x00000006   Code   RO         1466    i.HAL_ADC_GetValue  stm32f4xx_hal_adc.o
    0x08000f4e   0x00000054   Code   RO         1468    i.HAL_ADC_Init      stm32f4xx_hal_adc.o
    0x08000fa2   0x00000002   PAD
    0x08000fa4   0x00000060   Code   RO         1052    i.HAL_ADC_MspInit   adc.o
    0x08001004   0x000000a2   Code   RO         1472    i.HAL_ADC_PollForConversion  stm32f4xx_hal_adc.o
    0x080010a6   0x00000002   PAD
    0x080010a8   0x000000ec   Code   RO         1474    i.HAL_ADC_Start     stm32f4xx_hal_adc.o
    0x08001194   0x00000024   Code   RO         2862    i.HAL_CAN_ActivateNotification  stm32f4xx_hal_can.o
    0x080011b8   0x000000c8   Code   RO         2863    i.HAL_CAN_AddTxMessage  stm32f4xx_hal_can.o
    0x08001280   0x0000010c   Code   RO         2864    i.HAL_CAN_ConfigFilter  stm32f4xx_hal_can.o
    0x0800138c   0x00000002   Code   RO         2867    i.HAL_CAN_ErrorCallback  stm32f4xx_hal_can.o
    0x0800138e   0x000000e8   Code   RO         2870    i.HAL_CAN_GetRxMessage  stm32f4xx_hal_can.o
    0x08001476   0x000001fc   Code   RO         2874    i.HAL_CAN_IRQHandler  stm32f4xx_hal_can.o
    0x08001672   0x0000011a   Code   RO         2875    i.HAL_CAN_Init      stm32f4xx_hal_can.o
    0x0800178c   0x00000100   Code   RO         1094    i.HAL_CAN_MspInit   can.o
    0x0800188c   0x00000002   Code   RO         2882    i.HAL_CAN_RxFifo0FullCallback  stm32f4xx_hal_can.o
    0x0800188e   0x00000002   PAD
    0x08001890   0x00000118   Code   RO          947    i.HAL_CAN_RxFifo0MsgPendingCallback  caninfo_task.o
    0x080019a8   0x00000002   Code   RO         2884    i.HAL_CAN_RxFifo1FullCallback  stm32f4xx_hal_can.o
    0x080019aa   0x00000002   Code   RO         2885    i.HAL_CAN_RxFifo1MsgPendingCallback  stm32f4xx_hal_can.o
    0x080019ac   0x00000002   Code   RO         2886    i.HAL_CAN_SleepCallback  stm32f4xx_hal_can.o
    0x080019ae   0x00000002   PAD
    0x080019b0   0x00000058   Code   RO         2887    i.HAL_CAN_Start     stm32f4xx_hal_can.o
    0x08001a08   0x00000002   Code   RO         2889    i.HAL_CAN_TxMailbox0AbortCallback  stm32f4xx_hal_can.o
    0x08001a0a   0x00000002   Code   RO         2890    i.HAL_CAN_TxMailbox0CompleteCallback  stm32f4xx_hal_can.o
    0x08001a0c   0x00000002   Code   RO         2891    i.HAL_CAN_TxMailbox1AbortCallback  stm32f4xx_hal_can.o
    0x08001a0e   0x00000002   Code   RO         2892    i.HAL_CAN_TxMailbox1CompleteCallback  stm32f4xx_hal_can.o
    0x08001a10   0x00000002   Code   RO         2893    i.HAL_CAN_TxMailbox2AbortCallback  stm32f4xx_hal_can.o
    0x08001a12   0x00000002   Code   RO         2894    i.HAL_CAN_TxMailbox2CompleteCallback  stm32f4xx_hal_can.o
    0x08001a14   0x00000002   Code   RO         2896    i.HAL_CAN_WakeUpFromRxMsgCallback  stm32f4xx_hal_can.o
    0x08001a16   0x00000024   Code   RO         2192    i.HAL_DMA_Abort_IT  stm32f4xx_hal_dma.o
    0x08001a3a   0x00000002   PAD
    0x08001a3c   0x000001a0   Code   RO         2196    i.HAL_DMA_IRQHandler  stm32f4xx_hal_dma.o
    0x08001bdc   0x000000d4   Code   RO         2197    i.HAL_DMA_Init      stm32f4xx_hal_dma.o
    0x08001cb0   0x000001b8   Code   RO         2084    i.HAL_GPIO_Init     stm32f4xx_hal_gpio.o
    0x08001e68   0x0000000a   Code   RO         2086    i.HAL_GPIO_ReadPin  stm32f4xx_hal_gpio.o
    0x08001e72   0x0000000e   Code   RO         2087    i.HAL_GPIO_TogglePin  stm32f4xx_hal_gpio.o
    0x08001e80   0x0000000a   Code   RO         2088    i.HAL_GPIO_WritePin  stm32f4xx_hal_gpio.o
    0x08001e8a   0x00000002   PAD
    0x08001e8c   0x0000000c   Code   RO         2616    i.HAL_GetTick       stm32f4xx_hal.o
    0x08001e98   0x00000010   Code   RO         2622    i.HAL_IncTick       stm32f4xx_hal.o
    0x08001ea8   0x00000034   Code   RO         2623    i.HAL_Init          stm32f4xx_hal.o
    0x08001edc   0x00000040   Code   RO         2624    i.HAL_InitTick      stm32f4xx_hal.o
    0x08001f1c   0x00000038   Code   RO         1430    i.HAL_MspInit       stm32f4xx_hal_msp.o
    0x08001f54   0x0000001a   Code   RO         2473    i.HAL_NVIC_EnableIRQ  stm32f4xx_hal_cortex.o
    0x08001f6e   0x00000002   PAD
    0x08001f70   0x00000040   Code   RO         2479    i.HAL_NVIC_SetPriority  stm32f4xx_hal_cortex.o
    0x08001fb0   0x00000024   Code   RO         2480    i.HAL_NVIC_SetPriorityGrouping  stm32f4xx_hal_cortex.o
    0x08001fd4   0x00000134   Code   RO         1730    i.HAL_RCC_ClockConfig  stm32f4xx_hal_rcc.o
    0x08002108   0x00000020   Code   RO         1737    i.HAL_RCC_GetPCLK1Freq  stm32f4xx_hal_rcc.o
    0x08002128   0x00000020   Code   RO         1738    i.HAL_RCC_GetPCLK2Freq  stm32f4xx_hal_rcc.o
    0x08002148   0x00000060   Code   RO         1739    i.HAL_RCC_GetSysClockFreq  stm32f4xx_hal_rcc.o
    0x080021a8   0x0000035c   Code   RO         1742    i.HAL_RCC_OscConfig  stm32f4xx_hal_rcc.o
    0x08002504   0x00000028   Code   RO         2484    i.HAL_SYSTICK_Config  stm32f4xx_hal_cortex.o
    0x0800252c   0x00000090   Code   RO         3790    i.HAL_TIMEx_MasterConfigSynchronization  stm32f4xx_hal_tim_ex.o
    0x080025bc   0x00000036   Code   RO         3097    i.HAL_TIM_Base_Init  stm32f4xx_hal_tim.o
    0x080025f2   0x00000002   PAD
    0x080025f4   0x00000040   Code   RO         1235    i.HAL_TIM_Base_MspInit  tim.o
    0x08002634   0x00000024   Code   RO         3100    i.HAL_TIM_Base_Start  stm32f4xx_hal_tim.o
    0x08002658   0x000000d6   Code   RO         3106    i.HAL_TIM_ConfigClockSource  stm32f4xx_hal_tim.o
    0x0800272e   0x00000002   PAD
    0x08002730   0x00000054   Code   RO         1236    i.HAL_TIM_MspPostInit  tim.o
    0x08002784   0x000000d0   Code   RO         3164    i.HAL_TIM_PWM_ConfigChannel  stm32f4xx_hal_tim.o
    0x08002854   0x00000036   Code   RO         3167    i.HAL_TIM_PWM_Init  stm32f4xx_hal_tim.o
    0x0800288a   0x00000002   Code   RO         3169    i.HAL_TIM_PWM_MspInit  stm32f4xx_hal_tim.o
    0x0800288c   0x00000002   Code   RO         4044    i.HAL_UART_ErrorCallback  stm32f4xx_hal_uart.o
    0x0800288e   0x00000002   PAD
    0x08002890   0x00000114   Code   RO         4047    i.HAL_UART_IRQHandler  stm32f4xx_hal_uart.o
    0x080029a4   0x00000062   Code   RO         4048    i.HAL_UART_Init     stm32f4xx_hal_uart.o
    0x08002a06   0x00000002   PAD
    0x08002a08   0x0000012c   Code   RO         1289    i.HAL_UART_MspInit  usart.o
    0x08002b34   0x00000002   Code   RO         4054    i.HAL_UART_RxCpltCallback  stm32f4xx_hal_uart.o
    0x08002b36   0x00000002   Code   RO         4059    i.HAL_UART_TxCpltCallback  stm32f4xx_hal_uart.o
    0x08002b38   0x00000002   Code   RO         1342    i.HardFault_Handler  stm32f4xx_it.o
    0x08002b3a   0x0000002a   Code   RO          638    i.IIC_Init          iic.o
    0x08002b64   0x00000048   Code   RO          639    i.IIC_Start         iic.o
    0x08002bac   0x00000054   Code   RO          640    i.IIC_Stop          iic.o
    0x08002c00   0x00000054   Code   RO          641    i.IIC_ack           iic.o
    0x08002c54   0x0000004c   Code   RO          642    i.IIC_readByte      iic.o
    0x08002ca0   0x0000004a   Code   RO          643    i.IIC_waitAck       iic.o
    0x08002cea   0x00000060   Code   RO          644    i.IIC_writeByte     iic.o
    0x08002d4a   0x00000002   PAD
    0x08002d4c   0x00000034   Code   RO          173    i.INA_getPow        ina230.o
    0x08002d80   0x00000064   Code   RO          175    i.INA_init          ina230.o
    0x08002de4   0x00000098   Code   RO          176    i.INA_readLen       ina230.o
    0x08002e7c   0x00000074   Code   RO          177    i.INA_writeData     ina230.o
    0x08002ef0   0x00000064   Code   RO         1053    i.MX_ADC1_Init      adc.o
    0x08002f54   0x00000044   Code   RO         1095    i.MX_CAN1_Init      can.o
    0x08002f98   0x00000044   Code   RO         1096    i.MX_CAN2_Init      can.o
    0x08002fdc   0x0000003c   Code   RO         1142    i.MX_DMA_Init       dma.o
    0x08003018   0x00000068   Code   RO         1167    i.MX_FREERTOS_Init  freertos.o
    0x08003080   0x000000d8   Code   RO         1027    i.MX_GPIO_Init      gpio.o
    0x08003158   0x00000098   Code   RO         1237    i.MX_TIM4_Init      tim.o
    0x080031f0   0x00000044   Code   RO         1238    i.MX_TIM6_Init      tim.o
    0x08003234   0x00000038   Code   RO         1290    i.MX_USART1_UART_Init  usart.o
    0x0800326c   0x00000038   Code   RO         1291    i.MX_USART3_UART_Init  usart.o
    0x080032a4   0x00000002   Code   RO         1343    i.MemManage_Handler  stm32f4xx_it.o
    0x080032a6   0x00000002   Code   RO         1344    i.NMI_Handler       stm32f4xx_it.o
    0x080032a8   0x00000150   Code   RO          709    i.PID_Calc          pid.o
    0x080033f8   0x0000005c   Code   RO          710    i.PID_Init          pid.o
    0x08003454   0x00000128   Code   RO          471    i.Printf_Task       bsp_usart.o
    0x0800357c   0x000000bc   Code   RO          748    i.REFEREE_init      referee_usart.o
    0x08003638   0x000000c4   Code   RO          749    i.RE_IRQHandler     referee_usart.o
    0x080036fc   0x00000064   Code   RO          750    i.RE_usart_tx_dma_enable  referee_usart.o
    0x08003760   0x00000094   Code   RO          884    i.Rampcalc          chassis_task.o
    0x080037f4   0x00000074   Code   RO          751    i.Referee_Usart_Task  referee_usart.o
    0x08003868   0x00000026   Code   RO          645    i.SDA_In            iic.o
    0x0800388e   0x0000002a   Code   RO          646    i.SDA_Out           iic.o
    0x080038b8   0x00000008   Code   RO         1170    i.StartDefaultTask  freertos.o
    0x080038c0   0x00000018   Code   RO         1345    i.SysTick_Handler   stm32f4xx_it.o
    0x080038d8   0x00000084   Code   RO          986    i.SystemClock_Config  main.o
    0x0800395c   0x0000001c   Code   RO         4350    i.SystemInit        system_stm32f4xx.o
    0x08003978   0x000000c8   Code   RO         3185    i.TIM_Base_SetConfig  stm32f4xx_hal_tim.o
    0x08003a40   0x00000014   Code   RO         3196    i.TIM_ETR_SetConfig  stm32f4xx_hal_tim.o
    0x08003a54   0x00000010   Code   RO         3197    i.TIM_ITRx_SetConfig  stm32f4xx_hal_tim.o
    0x08003a64   0x00000060   Code   RO         3198    i.TIM_OC1_SetConfig  stm32f4xx_hal_tim.o
    0x08003ac4   0x0000006c   Code   RO         3199    i.TIM_OC2_SetConfig  stm32f4xx_hal_tim.o
    0x08003b30   0x00000068   Code   RO         3200    i.TIM_OC3_SetConfig  stm32f4xx_hal_tim.o
    0x08003b98   0x00000050   Code   RO         3201    i.TIM_OC4_SetConfig  stm32f4xx_hal_tim.o
    0x08003be8   0x00000022   Code   RO         3203    i.TIM_TI1_ConfigInputStage  stm32f4xx_hal_tim.o
    0x08003c0a   0x00000024   Code   RO         3205    i.TIM_TI2_ConfigInputStage  stm32f4xx_hal_tim.o
    0x08003c2e   0x00000010   Code   RO         4061    i.UART_DMAAbortOnError  stm32f4xx_hal_uart.o
    0x08003c3e   0x0000001c   Code   RO         4071    i.UART_EndRxTransfer  stm32f4xx_hal_uart.o
    0x08003c5a   0x00000096   Code   RO         4073    i.UART_Receive_IT   stm32f4xx_hal_uart.o
    0x08003cf0   0x00000024   Code   RO          472    i.UART_SendData     bsp_usart.o
    0x08003d14   0x00000128   Code   RO         4074    i.UART_SetConfig    stm32f4xx_hal_uart.o
    0x08003e3c   0x00000062   Code   RO         4075    i.UART_Transmit_IT  stm32f4xx_hal_uart.o
    0x08003e9e   0x00000002   PAD
    0x08003ea0   0x00000300   Code   RO          362    i.UI_init           referee_send.o
    0x080041a0   0x0000001c   Code   RO          363    i.UI_show           referee_send.o
    0x080041bc   0x00000014   Code   RO         1346    i.USART1_IRQHandler  stm32f4xx_it.o
    0x080041d0   0x00000002   Code   RO         1347    i.UsageFault_Handler  stm32f4xx_it.o
    0x080041d2   0x00000002   PAD
    0x080041d4   0x0000003c   Code   RO          251    i.Verify_CRC16_Check_Sum  referee.o
    0x08004210   0x00000026   Code   RO          252    i.Verify_CRC8_Check_Sum  referee.o
    0x08004236   0x00000030   Code   RO         5780    i.__ARM_fpclassify  m_wm.l(fpclassify.o)
    0x08004266   0x00000020   Code   RO         2486    i.__NVIC_SetPriority  stm32f4xx_hal_cortex.o
    0x08004286   0x00000002   PAD
    0x08004288   0x000000c8   Code   RO         5657    i.__hardfp_cos      m_wm.l(cos.o)
    0x08004350   0x00000014   Code   RO         5669    i.__hardfp_fabs     m_wm.l(fabs.o)
    0x08004364   0x00000004   PAD
    0x08004368   0x000000c8   Code   RO         5675    i.__hardfp_sin      m_wm.l(sin.o)
    0x08004430   0x00000438   Code   RO         5735    i.__ieee754_rem_pio2  m_wm.l(rred.o)
    0x08004868   0x00000170   Code   RO         5718    i.__kernel_cos      m_wm.l(cos_i.o)
    0x080049d8   0x000000f8   Code   RO         5782    i.__kernel_poly     m_wm.l(poly.o)
    0x08004ad0   0x00000130   Code   RO         5740    i.__kernel_sin      m_wm.l(sin_i.o)
    0x08004c00   0x00000014   Code   RO         5722    i.__mathlib_dbl_infnan  m_wm.l(dunder.o)
    0x08004c14   0x00000004   PAD
    0x08004c18   0x00000020   Code   RO         5724    i.__mathlib_dbl_invalid  m_wm.l(dunder.o)
    0x08004c38   0x00000020   Code   RO         5727    i.__mathlib_dbl_underflow  m_wm.l(dunder.o)
    0x08004c58   0x0000000e   Code   RO         5792    i.__scatterload_copy  mc_w.l(handlers.o)
    0x08004c66   0x00000002   Code   RO         5793    i.__scatterload_null  mc_w.l(handlers.o)
    0x08004c68   0x0000000e   Code   RO         5794    i.__scatterload_zeroinit  mc_w.l(handlers.o)
    0x08004c76   0x00000002   PAD
    0x08004c78   0x0000000c   Code   RO         5768    i.__set_errno       mc_w.l(errno.o)
    0x08004c84   0x0000003c   Code   RO          573    i.adcx_get_chx_value  bsp_adc.o
    0x08004cc0   0x0000006c   Code   RO          409    i.bsp_canInit       bsp_can.o
    0x08004d2c   0x00000060   Code   RO          885    i.canTX_chassis     chassis_task.o
    0x08004d8c   0x0000005c   Code   RO          752    i.canTX_gimbal      referee_usart.o
    0x08004de8   0x00000030   Code   RO          812    i.chassis_out       super_control.o
    0x08004e18   0x00000134   Code   RO          886    i.chassis_power_limit  chassis_task.o
    0x08004f4c   0x000000a8   Code   RO          887    i.chassis_set_control  chassis_task.o
    0x08004ff4   0x0000007c   Code   RO          888    i.chassis_speed_loop  chassis_task.o
    0x08005070   0x00000120   Code   RO          889    i.chassis_speed_set  chassis_task.o
    0x08005190   0x000000a0   Code   RO          890    i.chassis_vector_to_mecanum_wheel_speed  chassis_task.o
    0x08005230   0x00000018   Code   RO         5671    i.fabs              m_wm.l(fabs.o)
    0x08005248   0x00000024   Code   RO          254    i.get_chassis_power_and_buffer  referee.o
    0x0800526c   0x000000cc   Code   RO          814    i.get_motor_power   super_control.o
    0x08005338   0x0000000c   Code   RO          255    i.get_robot_id      referee.o
    0x08005344   0x00000020   Code   RO          256    i.get_shoot_data    referee.o
    0x08005364   0x00000014   Code   RO          257    i.get_shoot_heat0_limit_and_heat0  referee.o
    0x08005378   0x00000018   Code   RO            4    i.led_blin          led.o
    0x08005390   0x0000005c   Code   RO            5    i.led_init          led.o
    0x080053ec   0x0000000a   Code   RO            9    i.led_sw            led.o
    0x080053f6   0x00000002   PAD
    0x080053f8   0x0000005c   Code   RO          987    i.main              main.o
    0x08005454   0x0000000c   Code   RO         5152    i.makeFreeRtosPriority  cmsis_os.o
    0x08005460   0x0000000e   Code   RO         5154    i.osDelay           cmsis_os.o
    0x0800546e   0x0000000a   Code   RO         5157    i.osKernelStart     cmsis_os.o
    0x08005478   0x00000054   Code   RO         5191    i.osThreadCreate    cmsis_os.o
    0x080054cc   0x00000070   Code   RO         4843    i.prvAddCurrentTaskToDelayedList  tasks.o
    0x0800553c   0x000000d0   Code   RO         4844    i.prvAddNewTaskToReadyList  tasks.o
    0x0800560c   0x00000034   Code   RO         4845    i.prvDeleteTCB      tasks.o
    0x08005640   0x0000004c   Code   RO         5519    i.prvHeapInit       heap_4.o
    0x0800568c   0x00000060   Code   RO         4846    i.prvIdleTask       tasks.o
    0x080056ec   0x0000008e   Code   RO         4847    i.prvInitialiseNewTask  tasks.o
    0x0800577a   0x00000002   PAD
    0x0800577c   0x0000004c   Code   RO         5520    i.prvInsertBlockIntoFreeList  heap_4.o
    0x080057c8   0x00000020   Code   RO         4848    i.prvResetNextTaskUnblockTime  tasks.o
    0x080057e8   0x00000028   Code   RO         5581    i.prvTaskExitError  port.o
    0x08005810   0x000000d8   Code   RO         5521    i.pvPortMalloc      heap_4.o
    0x080058e8   0x0000002c   Code   RO         5582    i.pxPortInitialiseStack  port.o
    0x08005914   0x0000013c   Code   RO          260    i.referee_data_solve  referee.o
    0x08005a50   0x00000014   Code   RO          753    i.referee_usart_init  referee_usart.o
    0x08005a64   0x00000074   Code   RO          815    i.super_control     super_control.o
    0x08005ad8   0x000001f4   Code   RO          816    i.super_current_control  super_control.o
    0x08005ccc   0x00000030   Code   RO          817    i.super_out         super_control.o
    0x08005cfc   0x00000030   Code   RO          818    i.super_voltage     super_control.o
    0x08005d2c   0x00000026   Code   RO         4488    i.uxListRemove      list.o
    0x08005d52   0x00000002   PAD
    0x08005d54   0x00000018   Code   RO         1171    i.vApplicationGetIdleTaskMemory  freertos.o
    0x08005d6c   0x00000016   Code   RO         4489    i.vListInitialise   list.o
    0x08005d82   0x00000006   Code   RO         4490    i.vListInitialiseItem  list.o
    0x08005d88   0x00000030   Code   RO         4491    i.vListInsert       list.o
    0x08005db8   0x00000018   Code   RO         4492    i.vListInsertEnd    list.o
    0x08005dd0   0x00000040   Code   RO         5584    i.vPortEnterCritical  port.o
    0x08005e10   0x00000028   Code   RO         5585    i.vPortExitCritical  port.o
    0x08005e38   0x0000005c   Code   RO         5522    i.vPortFree         heap_4.o
    0x08005e94   0x00000024   Code   RO         5586    i.vPortSetupTimerInterrupt  port.o
    0x08005eb8   0x0000004c   Code   RO         4856    i.vTaskDelay        tasks.o
    0x08005f04   0x0000008c   Code   RO         4857    i.vTaskDelayUntil   tasks.o
    0x08005f90   0x0000006c   Code   RO         4870    i.vTaskStartScheduler  tasks.o
    0x08005ffc   0x00000010   Code   RO         4872    i.vTaskSuspendAll   tasks.o
    0x0800600c   0x0000005c   Code   RO         4873    i.vTaskSwitchContext  tasks.o
    0x08006068   0x000000f4   Code   RO         5588    i.xPortStartScheduler  port.o
    0x0800615c   0x0000002c   Code   RO         5589    i.xPortSysTickHandler  port.o
    0x08006188   0x0000005a   Code   RO         4875    i.xTaskCreate       tasks.o
    0x080061e2   0x00000056   Code   RO         4876    i.xTaskCreateStatic  tasks.o
    0x08006238   0x0000001c   Code   RO         4880    i.xTaskGetSchedulerState  tasks.o
    0x08006254   0x0000000c   Code   RO         4881    i.xTaskGetTickCount  tasks.o
    0x08006260   0x000000c8   Code   RO         4883    i.xTaskIncrementTick  tasks.o
    0x08006328   0x000000c4   Code   RO         4889    i.xTaskResumeAll    tasks.o
    0x080063ec   0x00000300   Data   RO          263    .constdata          referee.o
    0x080066ec   0x00000070   Data   RO         1173    .constdata          freertos.o
    0x0800675c   0x00000008   Data   RO         2203    .constdata          stm32f4xx_hal_dma.o
    0x08006764   0x00000010   Data   RO         4351    .constdata          system_stm32f4xx.o
    0x08006774   0x00000008   Data   RO         4352    .constdata          system_stm32f4xx.o
    0x0800677c   0x00000004   PAD
    0x08006780   0x00000030   Data   RO         5719    .constdata          m_wm.l(cos_i.o)
    0x080067b0   0x000000c8   Data   RO         5737    .constdata          m_wm.l(rred.o)
    0x08006878   0x00000028   Data   RO         5741    .constdata          m_wm.l(sin_i.o)
    0x080068a0   0x00000034   Data   RO         1174    .conststring        freertos.o
    0x080068d4   0x00000020   Data   RO         5790    Region$$Table       anon$$obj.o


    Execution Region RW_IRAM1 (Base: 0x20000000, Size: 0x00005370, Max: 0x00020000, ABSOLUTE, COMPRESSED[0x00000034])

    Base Addr    Size         Type   Attr      Idx    E Section Name        Object

    0x20000000   0x00000028   Data   RW          264    .data               referee.o
    0x20000028   0x00000018   Data   RW          475    .data               bsp_usart.o
    0x20000040   0x00000002   Data   RW          755    .data               referee_usart.o
    0x20000042   0x00000002   PAD
    0x20000044   0x00000054   Data   RW          819    .data               super_control.o
    0x20000098   0x00000054   Data   RW          892    .data               chassis_task.o
    0x200000ec   0x00000008   Data   RW          949    .data               caninfo_task.o
    0x200000f4   0x00000004   Data   RW         1098    .data               can.o
    0x200000f8   0x00000010   Data   RW         1175    .data               freertos.o
    0x20000108   0x0000000c   Data   RW         2630    .data               stm32f4xx_hal.o
    0x20000114   0x00000004   Data   RW         4353    .data               system_stm32f4xx.o
    0x20000118   0x0000003c   Data   RW         4892    .data               tasks.o
    0x20000154   0x00000018   Data   RW         5527    .data               heap_4.o
    0x2000016c   0x0000000c   Data   RW         5590    .data               port.o
    0x20000178   0x00000004   Data   RW         5769    .data               mc_w.l(errno.o)
    0x2000017c   0x00000030   Zero   RW           10    .bss                led.o
    0x200001ac   0x00000030   Zero   RW          178    .bss                ina230.o
    0x200001dc   0x00000050   Zero   RW          261    .bss                referee.o
    0x2000022c   0x00000078   Zero   RW          364    .bss                referee_send.o
    0x200002a4   0x00000010   Zero   RW          474    .bss                bsp_usart.o
    0x200002b4   0x00000010   Zero   RW          574    .bss                bsp_adc.o
    0x200002c4   0x00000600   Zero   RW          754    .bss                referee_usart.o
    0x200008c4   0x000001a8   Zero   RW          891    .bss                chassis_task.o
    0x20000a6c   0x000000b4   Zero   RW          948    .bss                caninfo_task.o
    0x20000b20   0x00000048   Zero   RW         1054    .bss                adc.o
    0x20000b68   0x00000050   Zero   RW         1097    .bss                can.o
    0x20000bb8   0x00000454   Zero   RW         1172    .bss                freertos.o
    0x2000100c   0x00000080   Zero   RW         1239    .bss                tim.o
    0x2000108c   0x00000140   Zero   RW         1292    .bss                usart.o
    0x200011cc   0x000001a4   Zero   RW         4891    .bss                tasks.o
    0x20001370   0x00003c00   Zero   RW         5526    .bss                heap_4.o
    0x20004f70   0x00000400   Zero   RW          975    STACK               startup_stm32f407xx.o


==============================================================================

Image component sizes


      Code (inc. data)   RO Data    RW Data    ZI Data      Debug   Object Name

       196         26          0          0         72       1717   adc.o
        60          6          0          0         16        901   bsp_adc.o
       108         10          0          0          0        638   bsp_can.o
        52          8          0          0          0        991   bsp_tim.o
       428         56          0         24         16      20725   bsp_usart.o
       392         40          0          4         80       2534   can.o
       280         20          0          8        180       2315   caninfo_task.o
      1572        138          0         84        424       6838   chassis_task.o
       120          0          0          0          0      22461   cmsis_os.o
        60          4          0          0          0        810   dma.o
         0          0          0          0          0      18216   event_groups.o
       136         14        164         16       1108       2755   freertos.o
       216         18          0          0          0       1043   gpio.o
       460         24          0         24      15360       7239   heap_4.o
       608          0          0          0          0       5558   iic.o
       508         30          0          0         48       4572   ina230.o
       126         12          0          0         48     712616   led.o
       138          0          0          0          0       3490   list.o
       226         12          0          0          0      15424   main.o
       428         10          0          0          0       2334   pid.o
       702         72          0         12          0      11308   port.o
       654         62        768         40         80      11785   referee.o
       796         10          0          0        120       2978   referee_send.o
       712         92          0          2       1536       5004   referee_usart.o
        36          8        392          0       1024        828   startup_stm32f407xx.o
       144         24          0         12          0       8901   stm32f4xx_hal.o
      1116         54          0          0          0       5090   stm32f4xx_hal_adc.o
      1638          6          0          0          0      13803   stm32f4xx_hal_can.o
       198         14          0          0          0      33727   stm32f4xx_hal_cortex.o
       788         16          8          0          0       4491   stm32f4xx_hal_dma.o
       474         46          0          0          0       3484   stm32f4xx_hal_gpio.o
        56          4          0          0          0        886   stm32f4xx_hal_msp.o
      1328         78          0          0          0       5144   stm32f4xx_hal_rcc.o
      1262         80          0          0          0      11525   stm32f4xx_hal_tim.o
       144         28          0          0          0       1336   stm32f4xx_hal_tim_ex.o
       968         16          0          0          0       7335   stm32f4xx_hal_uart.o
       104         28          0          0          0       5907   stm32f4xx_it.o
         0          0          0          0          0        384   stream_buffer.o
       964        138          0         84          0       6259   super_control.o
        28          6         24          4          0       1203   system_stm32f4xx.o
      1686        134          0         60        420      18253   tasks.o
       368         46          0          0        128       3009   tim.o
       412         46          0          0        320       2617   usart.o

    ----------------------------------------------------------------------
     20732       1436       1392        376      20980     998434   Object Totals
         0          0         32          0          0          0   (incl. Generated)
        40          0          4          2          0          0   (incl. Padding)

    ----------------------------------------------------------------------

      Code (inc. data)   RO Data    RW Data    ZI Data      Debug   Library Member Name

       200         20          0          0          0        164   cos.o
       368         46         48          0          0        200   cos_i.o
        84         16          0          0          0        372   dunder.o
        44          0          0          0          0        248   fabs.o
        48          0          0          0          0        124   fpclassify.o
       248          0          0          0          0        152   poly.o
      1080        142        200          0          0        188   rred.o
       200         20          0          0          0        164   sin.o
       304         24         40          0          0        208   sin_i.o
        58          0          0          0          0          0   __dczerorl.o
         0          0          0          0          0          0   entry.o
         0          0          0          0          0          0   entry10a.o
         0          0          0          0          0          0   entry11a.o
         8          4          0          0          0          0   entry2.o
         4          0          0          0          0          0   entry5.o
         0          0          0          0          0          0   entry7b.o
         0          0          0          0          0          0   entry8b.o
         8          4          0          0          0          0   entry9a.o
        12          6          0          4          0         68   errno.o
        30          0          0          0          0          0   handlers.o
        36          8          0          0          0         68   init.o
         0          0          0          0          0          0   iusefp.o
        30          0          0          0          0         68   llshl.o
        36          0          0          0          0         68   llsshr.o
        32          0          0          0          0         68   llushr.o
        36          0          0          0          0         68   memcpya.o
        36          0          0          0          0        108   memseta.o
        98          0          0          0          0         92   uldiv.o
        48          0          0          0          0         68   cdcmple.o
        48          0          0          0          0         68   cdrcmple.o
        56          0          0          0          0         88   d2f.o
       334          0          0          0          0        148   dadd.o
       222          0          0          0          0        100   ddiv.o
       186          0          0          0          0        176   depilogue.o
        62          0          0          0          0         80   dfixi.o
        50          0          0          0          0         76   dfixui.o
        34          0          0          0          0         76   dflti.o
        26          0          0          0          0         76   dfltui.o
       228          0          0          0          0         96   dmul.o
        38          0          0          0          0         68   f2d.o
       110          0          0          0          0        168   fepilogue.o

    ----------------------------------------------------------------------
      4456        290        288          4          0       3716   Library Totals
        14          0          0          0          0          0   (incl. Padding)

    ----------------------------------------------------------------------

      Code (inc. data)   RO Data    RW Data    ZI Data      Debug   Library Name

      2576        268        288          0          0       1820   m_wm.l
       424         22          0          4          0        608   mc_w.l
      1442          0          0          0          0       1288   mf_w.l

    ----------------------------------------------------------------------
      4456        290        288          4          0       3716   Library Totals

    ----------------------------------------------------------------------

==============================================================================


      Code (inc. data)   RO Data    RW Data    ZI Data      Debug   

     25188       1726       1680        380      20980     980798   Grand Totals
     25188       1726       1680         52      20980     980798   ELF Image Totals (compressed)
     25188       1726       1680         52          0          0   ROM Totals

==============================================================================

    Total RO  Size (Code + RO Data)                26868 (  26.24kB)
    Total RW  Size (RW Data + ZI Data)             21360 (  20.86kB)
    Total ROM Size (Code + RO Data + RW Data)      26920 (  26.29kB)

==============================================================================

