Component: ARM Compiler 5.05 update 1 (build 106) Tool: armlink [4d0efa]

==============================================================================

Section Cross References

    rc.o(i.RC_data_is_error) refers to rc.o(i.RC_abs) for RC_abs
    rc.o(i.RC_data_is_error) refers to rc.o(.bss) for .bss
    rc.o(i.RC_init) refers to usart.o(.bss) for huart2
    rc.o(i.RC_restart) refers to usart.o(.bss) for huart2
    rc.o(i.USART2_IRQHandler) refers to rc.o(i.sbus_to_rc) for sbus_to_rc
    rc.o(i.USART2_IRQHandler) refers to rc.o(i.RC_data_is_error) for RC_data_is_error
    rc.o(i.USART2_IRQHandler) refers to rc.o(i.RC_restart) for RC_restart
    rc.o(i.USART2_IRQHandler) refers to usart.o(.bss) for huart2
    rc.o(i.USART2_IRQHandler) refers to rc.o(.data) for .data
    rc.o(i.USART2_IRQHandler) refers to rc.o(.bss) for .bss
    rc.o(i.get_remote_control_point) refers to rc.o(.bss) for .bss
    rc.o(i.remote_control_init) refers to rc.o(i.RC_init) for RC_init
    rc.o(i.remote_control_init) refers to rc.o(.bss) for .bss
    mpu6050.o(i.MPU_getA) refers to mpu6050.o(i.MPU_readLen) for MPU_readLen
    mpu6050.o(i.MPU_getG) refers to mpu6050.o(i.MPU_readLen) for MPU_readLen
    mpu6050.o(i.MPU_init) refers to bsp_iic.o(i.IIC_Init) for IIC_Init
    mpu6050.o(i.MPU_init) refers to mpu6050.o(i.MPU_readData) for MPU_readData
    mpu6050.o(i.MPU_init) refers to mpu6050.o(i.MPU_writeData) for MPU_writeData
    mpu6050.o(i.MPU_init) refers to stm32f4xx_hal.o(i.HAL_Delay) for HAL_Delay
    mpu6050.o(i.MPU_init) refers to mpu6050.o(.bss) for .bss
    mpu6050.o(i.MPU_readData) refers to bsp_iic.o(i.IIC_Start) for IIC_Start
    mpu6050.o(i.MPU_readData) refers to bsp_iic.o(i.IIC_writeByte) for IIC_writeByte
    mpu6050.o(i.MPU_readData) refers to bsp_iic.o(i.IIC_waitAck) for IIC_waitAck
    mpu6050.o(i.MPU_readData) refers to bsp_iic.o(i.IIC_readByte) for IIC_readByte
    mpu6050.o(i.MPU_readData) refers to bsp_iic.o(i.IIC_ack) for IIC_ack
    mpu6050.o(i.MPU_readData) refers to bsp_iic.o(i.IIC_Stop) for IIC_Stop
    mpu6050.o(i.MPU_readData) refers to mpu6050.o(.bss) for .bss
    mpu6050.o(i.MPU_readLen) refers to bsp_iic.o(i.IIC_Start) for IIC_Start
    mpu6050.o(i.MPU_readLen) refers to bsp_iic.o(i.IIC_writeByte) for IIC_writeByte
    mpu6050.o(i.MPU_readLen) refers to bsp_iic.o(i.IIC_waitAck) for IIC_waitAck
    mpu6050.o(i.MPU_readLen) refers to bsp_iic.o(i.IIC_readByte) for IIC_readByte
    mpu6050.o(i.MPU_readLen) refers to bsp_iic.o(i.IIC_ack) for IIC_ack
    mpu6050.o(i.MPU_readLen) refers to bsp_iic.o(i.IIC_Stop) for IIC_Stop
    mpu6050.o(i.MPU_readLen) refers to mpu6050.o(.bss) for .bss
    mpu6050.o(i.MPU_writeData) refers to bsp_iic.o(i.IIC_Start) for IIC_Start
    mpu6050.o(i.MPU_writeData) refers to bsp_iic.o(i.IIC_writeByte) for IIC_writeByte
    mpu6050.o(i.MPU_writeData) refers to bsp_iic.o(i.IIC_waitAck) for IIC_waitAck
    mpu6050.o(i.MPU_writeData) refers to bsp_iic.o(i.IIC_Stop) for IIC_Stop
    mpu6050.o(i.MPU_writeData) refers to mpu6050.o(.bss) for .bss
    mpu6050.o(i.MPU_writeLen) refers to bsp_iic.o(i.IIC_Start) for IIC_Start
    mpu6050.o(i.MPU_writeLen) refers to bsp_iic.o(i.IIC_writeByte) for IIC_writeByte
    mpu6050.o(i.MPU_writeLen) refers to bsp_iic.o(i.IIC_waitAck) for IIC_waitAck
    mpu6050.o(i.MPU_writeLen) refers to bsp_iic.o(i.IIC_Stop) for IIC_Stop
    mpu6050.o(i.MPU_writeLen) refers to mpu6050.o(.bss) for .bss
    keymouse.o(i.GetKeyValue) refers to rc.o(.bss) for rc_ctrl
    keymouse.o(i.GetKeyValue) refers to keymouse.o(.bss) for .bss
    keymouse.o(i.GetKeyValue) refers to keymouse.o(.data) for .data
    keymouse.o(i.KeyStatusReset) refers to keymouse.o(.bss) for .bss
    led.o(i.led_blin) refers to led.o(i.led_sw) for led_sw
    led.o(i.led_init) refers to memseta.o(.text) for __aeabi_memclr4
    led.o(i.led_init) refers to stm32f4xx_hal_gpio.o(i.HAL_GPIO_Init) for HAL_GPIO_Init
    led.o(i.led_init) refers to led.o(.bss) for .bss
    led.o(i.led_off) refers to stm32f4xx_hal_gpio.o(i.HAL_GPIO_WritePin) for HAL_GPIO_WritePin
    led.o(i.led_on) refers to stm32f4xx_hal_gpio.o(i.HAL_GPIO_WritePin) for HAL_GPIO_WritePin
    led.o(i.led_run) refers to led.o(i.led_on) for led_on
    led.o(i.led_run) refers to led.o(i.led_off) for led_off
    led.o(i.led_run) refers to led.o(.data) for .data
    led.o(i.led_run) refers to led.o(.bss) for .bss
    led.o(i.led_sw) refers to stm32f4xx_hal_gpio.o(i.HAL_GPIO_TogglePin) for HAL_GPIO_TogglePin
    mpu_data.o(i.Gimbal_MpuUpdate) refers to mpu6050.o(i.MPU_getG) for MPU_getG
    mpu_data.o(i.Gimbal_MpuUpdate) refers to mpu6050.o(i.MPU_getA) for MPU_getA
    mpu_data.o(i.Gimbal_MpuUpdate) refers to mpu_data.o(.bss) for .bss
    mpu_data.o(i.HAL_TIM_PeriodElapsedCallback) refers to led.o(i.led_blin) for led_blin
    mpu_data.o(i.HAL_TIM_PeriodElapsedCallback) refers to mpu_data.o(i.Gimbal_MpuUpdate) for Gimbal_MpuUpdate
    mpu_data.o(i.HAL_TIM_PeriodElapsedCallback) refers to tim.o(.bss) for htim2
[...]
    i.prvHeapInit                            0x080056d0   Section        0  heap_4.o(i.prvHeapInit)
    prvHeapInit                              0x080056d1   Thumb Code    66  heap_4.o(i.prvHeapInit)
    i.prvIdleTask                            0x0800571c   Section        0  tasks.o(i.prvIdleTask)
    prvIdleTask                              0x0800571d   Thumb Code    82  tasks.o(i.prvIdleTask)
    i.prvInitialiseNewTask                   0x0800577c   Section        0  tasks.o(i.prvInitialiseNewTask)
    prvInitialiseNewTask                     0x0800577d   Thumb Code   142  tasks.o(i.prvInitialiseNewTask)
    i.prvInsertBlockIntoFreeList             0x0800580c   Section        0  heap_4.o(i.prvInsertBlockIntoFreeList)
    prvInsertBlockIntoFreeList               0x0800580d   Thumb Code    72  heap_4.o(i.prvInsertBlockIntoFreeList)
    i.prvResetNextTaskUnblockTime            0x08005858   Section        0  tasks.o(i.prvResetNextTaskUnblockTime)
    prvResetNextTaskUnblockTime              0x08005859   Thumb Code    26  tasks.o(i.prvResetNextTaskUnblockTime)
    i.prvTaskExitError                       0x08005878   Section        0  port.o(i.prvTaskExitError)
    prvTaskExitError                         0x08005879   Thumb Code    36  port.o(i.prvTaskExitError)
    i.pvPortMalloc                           0x080058a0   Section        0  heap_4.o(i.pvPortMalloc)
    i.pxPortInitialiseStack                  0x08005978   Section        0  port.o(i.pxPortInitialiseStack)
    i.remote_control_chassis                 0x080059a4   Section        0  chassis_task.o(i.remote_control_chassis)
    i.remote_control_init                    0x080059d8   Section        0  rc.o(i.remote_control_init)
    i.sbus_to_rc                             0x080059e8   Section        0  rc.o(i.sbus_to_rc)
    sbus_to_rc                               0x080059e9   Thumb Code   180  rc.o(i.sbus_to_rc)
    i.sqrtf                                  0x08005a9c   Section        0  sqrtf.o(i.sqrtf)
    i.uxListRemove                           0x08005ada   Section        0  list.o(i.uxListRemove)
    i.vApplicationGetIdleTaskMemory          0x08005b00   Section        0  freertos.o(i.vApplicationGetIdleTaskMemory)
    i.vListInitialise                        0x08005b18   Section        0  list.o(i.vListInitialise)
    i.vListInitialiseItem                    0x08005b2e   Section        0  list.o(i.vListInitialiseItem)
    i.vListInsert                            0x08005b34   Section        0  list.o(i.vListInsert)
    i.vListInsertEnd                         0x08005b64   Section        0  list.o(i.vListInsertEnd)
    i.vPortEnterCritical                     0x08005b7c   Section        0  port.o(i.vPortEnterCritical)
    i.vPortExitCritical                      0x08005bbc   Section        0  port.o(i.vPortExitCritical)
    i.vPortFree                              0x08005be4   Section        0  heap_4.o(i.vPortFree)
    i.vPortSetupTimerInterrupt               0x08005c40   Section        0  port.o(i.vPortSetupTimerInterrupt)
    i.vTaskDelay                             0x08005c64   Section        0  tasks.o(i.vTaskDelay)
    i.vTaskDelayUntil                        0x08005cb0   Section        0  tasks.o(i.vTaskDelayUntil)
    i.vTaskStartScheduler                    0x08005d3c   Section        0  tasks.o(i.vTaskStartScheduler)
    i.vTaskSuspendAll                        0x08005da8   Section        0  tasks.o(i.vTaskSuspendAll)
    i.vTaskSwitchContext                     0x08005db8   Section        0  tasks.o(i.vTaskSwitchContext)
    i.vision_init                            0x08005e14   Section        0  vision.o(i.vision_init)
    i.vision_usart_init                      0x08005e74   Section        0  vision.o(i.vision_usart_init)
    i.xPortStartScheduler                    0x08005e84   Section        0  port.o(i.xPortStartScheduler)
    i.xPortSysTickHandler                    0x08005f78   Section        0  port.o(i.xPortSysTickHandler)
    i.xTaskCreate                            0x08005fa4   Section        0  tasks.o(i.xTaskCreate)
    i.xTaskCreateStatic                      0x08005ffe   Section        0  tasks.o(i.xTaskCreateStatic)
    i.xTaskGetSchedulerState                 0x08006054   Section        0  tasks.o(i.xTaskGetSchedulerState)
    i.xTaskGetTickCount                      0x08006070   Section        0  tasks.o(i.xTaskGetTickCount)
    i.xTaskIncrementTick                     0x0800607c   Section        0  tasks.o(i.xTaskIncrementTick)
    i.xTaskResumeAll                         0x08006144   Section        0  tasks.o(i.xTaskResumeAll)
    .constdata                               0x08006208   Section      168  freertos.o(.constdata)
    .constdata                               0x080062b0   Section        8  stm32f4xx_hal_dma.o(.constdata)
    flagBitshiftOffset                       0x080062b0   Data           8  stm32f4xx_hal_dma.o(.constdata)
    .constdata                               0x080062b8   Section       16  system_stm32f4xx.o(.constdata)
    .constdata                               0x080062c8   Section        8  system_stm32f4xx.o(.constdata)
    .constdata                               0x080062d0   Section       88  exp.o(.constdata)
    halF                                     0x080062d0   Data          16  exp.o(.constdata)
    ln2HI                                    0x080062e0   Data          16  exp.o(.constdata)
    ln2LO                                    0x080062f0   Data          16  exp.o(.constdata)
    P                                        0x08006300   Data          40  exp.o(.constdata)
    .conststring                             0x08006328   Section       70  freertos.o(.conststring)
    .data                                    0x20000000   Section        2  rc.o(.data)
    this_time_rx_len                         0x20000000   Data           2  rc.o(.data)
    .data                                    0x20000002   Section        6  keymouse.o(.data)
    Last_B_State                             0x20000002   Data           1  keymouse.o(.data)
    Last_C_State                             0x20000003   Data           1  keymouse.o(.data)
    Last_F_State                             0x20000004   Data           1  keymouse.o(.data)
    Last_R_State                             0x20000005   Data           1  keymouse.o(.data)
    Last_X_State                             0x20000006   Data           1  keymouse.o(.data)
    Last_E_State                             0x20000007   Data           1  keymouse.o(.data)
    .data                                    0x20000008   Section        8  vision.o(.data)
    tx_buff                                  0x20000008   Data           1  vision.o(.data)
    this_time_rx_len                         0x2000000a   Data           2  vision.o(.data)
    .data                                    0x20000010   Section       88  shoot_task.o(.data)
    status                                   0x20000010   Data           1  shoot_task.o(.data)
    lastyaw                                  0x20000020   Data           4  shoot_task.o(.data)
    lastpitch                                0x20000024   Data           4  shoot_task.o(.data)
    .data                                    0x20000068   Section      108  gimbal_task.o(.data)
    aiChange                                 0x20000068   Data           1  gimbal_task.o(.data)
    .data                                    0x200000d4   Section        4  can.o(.data)
    HAL_RCC_CAN1_CLK_ENABLED                 0x200000d4   Data           4  can.o(.data)
    .data                                    0x200000d8   Section       24  freertos.o(.data)
    .data                                    0x200000f0   Section       12  stm32f4xx_hal.o(.data)
    .data                                    0x200000fc   Section        4  system_stm32f4xx.o(.data)
    .data                                    0x20000100   Section       60  tasks.o(.data)
    pxDelayedTaskList                        0x20000104   Data           4  tasks.o(.data)
    pxOverflowDelayedTaskList                0x20000108   Data           4  tasks.o(.data)
    uxDeletedTasksWaitingCleanUp             0x2000010c   Data           4  tasks.o(.data)
    uxCurrentNumberOfTasks                   0x20000110   Data           4  tasks.o(.data)
    xTickCount                               0x20000114   Data           4  tasks.o(.data)
    uxTopReadyPriority                       0x20000118   Data           4  tasks.o(.data)
    xSchedulerRunning                        0x2000011c   Data           4  tasks.o(.data)
    uxPendedTicks                            0x20000120   Data           4  tasks.o(.data)
    xYieldPending                            0x20000124   Data           4  tasks.o(.data)
    xNumOfOverflows                          0x20000128   Data           4  tasks.o(.data)
    uxTaskNumber                             0x2000012c   Data           4  tasks.o(.data)
    xNextTaskUnblockTime                     0x20000130   Data           4  tasks.o(.data)
    xIdleTaskHandle                          0x20000134   Data           4  tasks.o(.data)
    uxSchedulerSuspended                     0x20000138   Data           4  tasks.o(.data)
    .data                                    0x2000013c   Section       24  heap_4.o(.data)
    pxEnd                                    0x2000013c   Data           4  heap_4.o(.data)
    xFreeBytesRemaining                      0x20000140   Data           4  heap_4.o(.data)
    xMinimumEverFreeBytesRemaining           0x20000144   Data           4  heap_4.o(.data)
    xBlockAllocatedBit                       0x20000148   Data           4  heap_4.o(.data)
    xStart                                   0x2000014c   Data           8  heap_4.o(.data)
    .data                                    0x20000154   Section       12  port.o(.data)
    ucMaxSysCallPriority                     0x20000154   Data           1  port.o(.data)
    uxCriticalNesting                        0x20000158   Data           4  port.o(.data)
    ulMaxPRIGROUPValue                       0x2000015c   Data           4  port.o(.data)
    .data                                    0x20000160   Section        4  stdout.o(.data)
    .data                                    0x20000164   Section        4  errno.o(.data)
    _errno                                   0x20000164   Data           4  errno.o(.data)
    .bss                                     0x20000168   Section       94  rc.o(.bss)
    sbus_rx_buf                              0x2000017e   Data          72  rc.o(.bss)
    .bss                                     0x200001c8   Section       16  mpu6050.o(.bss)
    .bss                                     0x200001d8   Section       28  keymouse.o(.bss)
    .bss                                     0x200001f4   Section       48  led.o(.bss)
    .bss                                     0x20000224   Section       40  mpu_data.o(.bss)
    .bss                                     0x2000024c   Section       64  vision.o(.bss)
    .bss                                     0x2000028c   Section       16  vision.o(.bss)
    .bss                                     0x2000029c   Section      216  vision.o(.bss)
    .bss                                     0x20000374   Section       16  bsp_usart.o(.bss)
    .bss                                     0x20000384   Section      176  caninfo_task.o(.bss)
    .bss                                     0x20000434   Section      304  shoot_task.o(.bss)
    .bss                                     0x20000564   Section      304  gimbal_task.o(.bss)
    .bss                                     0x20000694   Section       80  can.o(.bss)
    .bss                                     0x200006e4   Section     2132  freertos.o(.bss)
    xIdleTaskTCBBuffer                       0x200006e4   Data          84  freertos.o(.bss)
    xIdleStack                               0x20000738   Data        2048  freertos.o(.bss)
    .bss                                     0x20000f38   Section      192  tim.o(.bss)
    .bss                                     0x20000ff8   Section      384  usart.o(.bss)
    .bss                                     0x20001178   Section      240  tasks.o(.bss)
    pxReadyTasksLists                        0x20001178   Data         140  tasks.o(.bss)
    xDelayedTaskList1                        0x20001204   Data          20  tasks.o(.bss)
    xDelayedTaskList2                        0x20001218   Data          20  tasks.o(.bss)
    xPendingReadyList                        0x2000122c   Data          20  tasks.o(.bss)
    xTasksWaitingTermination                 0x20001240   Data          20  tasks.o(.bss)
    xSuspendedTaskList                       0x20001254   Data          20  tasks.o(.bss)
    .bss                                     0x20001268   Section    15360  heap_4.o(.bss)
    ucHeap                                   0x20001268   Data       15360  heap_4.o(.bss)
    STACK                                    0x20004e68   Section     1024  startup_stm32f407xx.o(STACK)

    Global Symbols

    Symbol Name                              Value     Ov Type        Size  Object(Section)

    BuildAttributes$$THM_ISAv4$E$P$D$K$B$S$7EM$VFPi3$EXTD16$VFPS$VFMA$PE$A:L22UL41UL21$X:L11$S22US41US21$IEEE1$IW$USESV6$~STKCKD$USESV7$~SHL$OTIME$ROPI$IEEEX$EBA8$MICROLIB$REQ8$PRES8$EABIv2 0x00000000   Number         0  anon$$obj.o ABSOLUTE
    __ARM_use_no_argv                        0x00000000   Number         0  main.o ABSOLUTE
    __cpp_initialize__aeabi_                  - Undefined Weak Reference
    __cxa_finalize                            - Undefined Weak Reference
    _clock_init                               - Undefined Weak Reference
    _microlib_exit                            - Undefined Weak Reference
    __Vectors_Size                           0x00000188   Number         0  startup_stm32f407xx.o ABSOLUTE
    __Vectors                                0x08000000   Data           4  startup_stm32f407xx.o(RESET)
    __Vectors_End                            0x08000188   Data           0  startup_stm32f407xx.o(RESET)
    __main                                   0x08000189   Thumb Code     0  entry.o(.ARM.Collect$$$$00000000)
    _main_stk                                0x08000189   Thumb Code     0  entry2.o(.ARM.Collect$$$$00000001)
    _main_scatterload                        0x0800018d   Thumb Code     0  entry5.o(.ARM.Collect$$$$00000004)
    __main_after_scatterload                 0x08000191   Thumb Code     0  entry5.o(.ARM.Collect$$$$00000004)
    _main_clock                              0x08000191   Thumb Code     0  entry7b.o(.ARM.Collect$$$$00000008)
    _main_cpp_init                           0x08000191   Thumb Code     0  entry8b.o(.ARM.Collect$$$$0000000A)
    _main_init                               0x08000191   Thumb Code     0  entry9a.o(.ARM.Collect$$$$0000000B)
    __rt_final_cpp                           0x08000199   Thumb Code     0  entry10a.o(.ARM.Collect$$$$0000000D)
    __rt_final_exit                          0x08000199   Thumb Code     0  entry11a.o(.ARM.Collect$$$$0000000F)
    SVC_Handler                              0x0800019d   Thumb Code    28  port.o(.emb_text)
    __asm___6_port_c_39a90d8d__prvStartFirstTask 0x080001bd   Thumb Code    36  port.o(.emb_text)
    __asm___6_port_c_39a90d8d__prvEnableVFP  0x080001e5   Thumb Code    16  port.o(.emb_text)
    PendSV_Handler                           0x080001f9   Thumb Code    88  port.o(.emb_text)
    vPortGetIPSR                             0x08000255   Thumb Code     6  port.o(.emb_text)
    Reset_Handler                            0x0800025d   Thumb Code     8  startup_stm32f407xx.o(.text)
    ADC_IRQHandler                           0x08000277   Thumb Code     0  startup_stm32f407xx.o(.text)
    CAN1_RX1_IRQHandler                      0x08000277   Thumb Code     0  startup_stm32f407xx.o(.text)
    CAN1_SCE_IRQHandler                      0x08000277   Thumb Code     0  startup_stm32f407xx.o(.text)
    CAN1_TX_IRQHandler                       0x08000277   Thumb Code     0  startup_stm32f407xx.o(.text)
    CAN2_RX1_IRQHandler                      0x08000277   Thumb Code     0  startup_stm32f407xx.o(.text)
    CAN2_SCE_IRQHandler                      0x08000277   Thumb Code     0  startup_stm32f407xx.o(.text)
    CAN2_TX_IRQHandler                       0x08000277   Thumb Code     0  startup_stm32f407xx.o(.text)
    DCMI_IRQHandler                          0x08000277   Thumb Code     0  startup_stm32f407xx.o(.text)
    DMA1_Stream0_IRQHandler                  0x08000277   Thumb Code     0  startup_stm32f407xx.o(.text)
    DMA1_Stream1_IRQHandler                  0x08000277   Thumb Code     0  startup_stm32f407xx.o(.text)
    DMA1_Stream2_IRQHandler                  0x08000277   Thumb Code     0  startup_stm32f407xx.o(.text)
    DMA1_Stream3_IRQHandler                  0x08000277   Thumb Code     0  startup_stm32f407xx.o(.text)
    DMA1_Stream4_IRQHandler                  0x08000277   Thumb Code     0  startup_stm32f407xx.o(.text)
    DMA1_Stream6_IRQHandler                  0x08000277   Thumb Code     0  startup_stm32f407xx.o(.text)
    DMA1_Stream7_IRQHandler                  0x08000277   Thumb Code     0  startup_stm32f407xx.o(.text)
    DMA2_Stream0_IRQHandler                  0x08000277   Thumb Code     0  startup_stm32f407xx.o(.text)
    DMA2_Stream1_IRQHandler                  0x08000277   Thumb Code     0  startup_stm32f407xx.o(.text)
    DMA2_Stream3_IRQHandler                  0x08000277   Thumb Code     0  startup_stm32f407xx.o(.text)
    DMA2_Stream4_IRQHandler                  0x08000277   Thumb Code     0  startup_stm32f407xx.o(.text)
    DMA2_Stream5_IRQHandler                  0x08000277   Thumb Code     0  startup_stm32f407xx.o(.text)
    DMA2_Stream6_IRQHandler                  0x08000277   Thumb Code     0  startup_stm32f407xx.o(.text)
    DMA2_Stream7_IRQHandler                  0x08000277   Thumb Code     0  startup_stm32f407xx.o(.text)
    ETH_IRQHandler                           0x08000277   Thumb Code     0  startup_stm32f407xx.o(.text)
    ETH_WKUP_IRQHandler                      0x08000277   Thumb Code     0  startup_stm32f407xx.o(.text)
    EXTI0_IRQHandler                         0x08000277   Thumb Code     0  startup_stm32f407xx.o(.text)
    EXTI15_10_IRQHandler                     0x08000277   Thumb Code     0  startup_stm32f407xx.o(.text)
    EXTI1_IRQHandler                         0x08000277   Thumb Code     0  startup_stm32f407xx.o(.text)
    EXTI2_IRQHandler                         0x08000277   Thumb Code     0  startup_stm32f407xx.o(.text)
    EXTI3_IRQHandler                         0x08000277   Thumb Code     0  startup_stm32f407xx.o(.text)
    EXTI4_IRQHandler                         0x08000277   Thumb Code     0  startup_stm32f407xx.o(.text)
    EXTI9_5_IRQHandler                       0x08000277   Thumb Code     0  startup_stm32f407xx.o(.text)
    FLASH_IRQHandler                         0x08000277   Thumb Code     0  startup_stm32f407xx.o(.text)
    FMC_IRQHandler                           0x08000277   Thumb Code     0  startup_stm32f407xx.o(.text)
    FPU_IRQHandler                           0x08000277   Thumb Code     0  startup_stm32f407xx.o(.text)
    HASH_RNG_IRQHandler                      0x08000277   Thumb Code     0  startup_stm32f407xx.o(.text)
    I2C1_ER_IRQHandler                       0x08000277   Thumb Code     0  startup_stm32f407xx.o(.text)
    I2C1_EV_IRQHandler                       0x08000277   Thumb Code     0  startup_stm32f407xx.o(.text)
    I2C2_ER_IRQHandler                       0x08000277   Thumb Code     0  startup_stm32f407xx.o(.text)
    I2C2_EV_IRQHandler                       0x08000277   Thumb Code     0  startup_stm32f407xx.o(.text)
    I2C3_ER_IRQHandler                       0x08000277   Thumb Code     0  startup_stm32f407xx.o(.text)
    I2C3_EV_IRQHandler                       0x08000277   Thumb Code     0  startup_stm32f407xx.o(.text)
    OTG_FS_IRQHandler                        0x08000277   Thumb Code     0  startup_stm32f407xx.o(.text)
    OTG_FS_WKUP_IRQHandler                   0x08000277   Thumb Code     0  startup_stm32f407xx.o(.text)
    OTG_HS_EP1_IN_IRQHandler                 0x08000277   Thumb Code     0  startup_stm32f407xx.o(.text)
    OTG_HS_EP1_OUT_IRQHandler                0x08000277   Thumb Code     0  startup_stm32f407xx.o(.text)
    OTG_HS_IRQHandler                        0x08000277   Thumb Code     0  startup_stm32f407xx.o(.text)
    OTG_HS_WKUP_IRQHandler                   0x08000277   Thumb Code     0  startup_stm32f407xx.o(.text)
    PVD_IRQHandler                           0x08000277   Thumb Code     0  startup_stm32f407xx.o(.text)
    RCC_IRQHandler                           0x08000277   Thumb Code     0  startup_stm32f407xx.o(.text)
    RTC_Alarm_IRQHandler                     0x08000277   Thumb Code     0  startup_stm32f407xx.o(.text)
    RTC_WKUP_IRQHandler                      0x08000277   Thumb Code     0  startup_stm32f407xx.o(.text)
    SDIO_IRQHandler                          0x08000277   Thumb Code     0  startup_stm32f407xx.o(.text)
    SPI1_IRQHandler                          0x08000277   Thumb Code     0  startup_stm32f407xx.o(.text)
    SPI2_IRQHandler                          0x08000277   Thumb Code     0  startup_stm32f407xx.o(.text)
    SPI3_IRQHandler                          0x08000277   Thumb Code     0  startup_stm32f407xx.o(.text)
    TAMP_STAMP_IRQHandler                    0x08000277   Thumb Code     0  startup_stm32f407xx.o(.text)
    TIM1_BRK_TIM9_IRQHandler                 0x08000277   Thumb Code     0  startup_stm32f407xx.o(.text)
    TIM1_CC_IRQHandler                       0x08000277   Thumb Code     0  startup_stm32f407xx.o(.text)
    TIM1_TRG_COM_TIM11_IRQHandler            0x08000277   Thumb Code     0  startup_stm32f407xx.o(.text)
    TIM1_UP_TIM10_IRQHandler                 0x08000277   Thumb Code     0  startup_stm32f407xx.o(.text)
    TIM3_IRQHandler                          0x08000277   Thumb Code     0  startup_stm32f407xx.o(.text)
    TIM4_IRQHandler                          0x08000277   Thumb Code     0  startup_stm32f407xx.o(.text)
    TIM5_IRQHandler                          0x08000277   Thumb Code     0  startup_stm32f407xx.o(.text)
    TIM6_DAC_IRQHandler                      0x08000277   Thumb Code     0  startup_stm32f407xx.o(.text)
    TIM7_IRQHandler                          0x08000277   Thumb Code     0  startup_stm32f407xx.o(.text)
    TIM8_BRK_TIM12_IRQHandler                0x08000277   Thumb Code     0  startup_stm32f407xx.o(.text)
    TIM8_CC_IRQHandler                       0x08000277   Thumb Code     0  startup_stm32f407xx.o(.text)
    TIM8_TRG_COM_TIM14_IRQHandler            0x08000277   Thumb Code     0  startup_stm32f407xx.o(.text)
    TIM8_UP_TIM13_IRQHandler                 0x08000277   Thumb Code     0  startup_stm32f407xx.o(.text)
    UART4_IRQHandler                         0x08000277   Thumb Code     0  startup_stm32f407xx.o(.text)
    UART5_IRQHandler                         0x08000277   Thumb Code     0  startup_stm32f407xx.o(.text)
    USART3_IRQHandler                        0x08000277   Thumb Code     0  startup_stm32f407xx.o(.text)
    USART6_IRQHandler                        0x08000277   Thumb Code     0  startup_stm32f407xx.o(.text)
    WWDG_IRQHandler                          0x08000277   Thumb Code     0  startup_stm32f407xx.o(.text)
    __aeabi_uldivmod                         0x08000281   Thumb Code    98  uldiv.o(.text)
    __aeabi_memcpy                           0x080002e3   Thumb Code    36  memcpya.o(.text)
    __aeabi_memcpy4                          0x080002e3   Thumb Code     0  memcpya.o(.text)
    __aeabi_memcpy8                          0x080002e3   Thumb Code     0  memcpya.o(.text)
    __aeabi_memset                           0x08000307   Thumb Code    14  memseta.o(.text)
    __aeabi_memset4                          0x08000307   Thumb Code     0  memseta.o(.text)
    __aeabi_memset8                          0x08000307   Thumb Code     0  memseta.o(.text)
    __aeabi_memclr                           0x08000315   Thumb Code     4  memseta.o(.text)
    __aeabi_memclr4                          0x08000315   Thumb Code     0  memseta.o(.text)
    __aeabi_memclr8                          0x08000315   Thumb Code     0  memseta.o(.text)
    memset                                   0x08000319   Thumb Code    18  memseta.o(.text)
    __aeabi_dadd                             0x0800032b   Thumb Code   322  dadd.o(.text)
    __aeabi_dsub                             0x0800046d   Thumb Code     6  dadd.o(.text)
    __aeabi_drsub                            0x08000473   Thumb Code     6  dadd.o(.text)
    __aeabi_dmul                             0x08000479   Thumb Code   228  dmul.o(.text)
    __aeabi_i2d                              0x0800055d   Thumb Code    34  dflti.o(.text)
    __aeabi_ui2d                             0x0800057f   Thumb Code    26  dfltui.o(.text)
    __aeabi_f2d                              0x08000599   Thumb Code    38  f2d.o(.text)
    __aeabi_cdcmpeq                          0x080005c1   Thumb Code     0  cdcmple.o(.text)
    __aeabi_cdcmple                          0x080005c1   Thumb Code    48  cdcmple.o(.text)
    __aeabi_cdrcmple                         0x080005f1   Thumb Code    48  cdrcmple.o(.text)
    __aeabi_d2f                              0x08000621   Thumb Code    56  d2f.o(.text)
    __aeabi_llsl                             0x08000659   Thumb Code    30  llshl.o(.text)
    _ll_shift_l                              0x08000659   Thumb Code     0  llshl.o(.text)
    __aeabi_llsr                             0x08000677   Thumb Code    32  llushr.o(.text)
    _ll_ushift_r                             0x08000677   Thumb Code     0  llushr.o(.text)
    __aeabi_lasr                             0x08000697   Thumb Code    36  llsshr.o(.text)
    _ll_sshift_r                             0x08000697   Thumb Code     0  llsshr.o(.text)
    __I$use$fp                               0x080006bb   Thumb Code     0  iusefp.o(.text)
    _float_round                             0x080006bb   Thumb Code    18  fepilogue.o(.text)
    _float_epilogue                          0x080006cd   Thumb Code    92  fepilogue.o(.text)
    _double_round                            0x08000729   Thumb Code    30  depilogue.o(.text)
    _double_epilogue                         0x08000747   Thumb Code   156  depilogue.o(.text)
    __aeabi_ddiv                             0x080007e3   Thumb Code   222  ddiv.o(.text)
    __aeabi_d2iz                             0x080008c1   Thumb Code    62  dfixi.o(.text)
    __scatterload                            0x08000901   Thumb Code    28  init.o(.text)
    __scatterload_rt2                        0x08000901   Thumb Code     0  init.o(.text)
    __decompress                             0x08000925   Thumb Code     0  __dczerorl2.o(.text)
    __decompress1                            0x08000925   Thumb Code    86  __dczerorl2.o(.text)
    Bsp_canInit                              0x0800097d   Thumb Code    86  bsp_can.o(i.Bsp_canInit)
    Bsp_tim1Init                             0x080009dd   Thumb Code    24  bsp_tim.o(i.Bsp_tim1Init)
    Bsp_tim2Init                             0x080009f9   Thumb Code    16  bsp_tim.o(i.Bsp_tim2Init)
    Buff_control                             0x08000a0d   Thumb Code   352  shoot_task.o(i.Buff_control)
    BusFault_Handler                         0x08000b81   Thumb Code     2  stm32f4xx_it.o(i.BusFault_Handler)
    CAN1_RX0_IRQHandler                      0x08000b85   Thumb Code     6  stm32f4xx_it.o(i.CAN1_RX0_IRQHandler)
    CAN2_RX0_IRQHandler                      0x08000b91   Thumb Code     6  stm32f4xx_it.o(i.CAN2_RX0_IRQHandler)
    Chassis_Task                             0x08000b9d   Thumb Code    62  chassis_task.o(i.Chassis_Task)
    DATA_show                                0x08000be1   Thumb Code    90  bsp_usart.o(i.DATA_show)
    DELAY_init                               0x08000c41   Thumb Code    16  bsp_tim.o(i.DELAY_init)
    DELAY_us                                 0x08000c55   Thumb Code    28  bsp_tim.o(i.DELAY_us)
    DMA1_Stream5_IRQHandler                  0x08000c75   Thumb Code     6  stm32f4xx_it.o(i.DMA1_Stream5_IRQHandler)
    DMA2_Stream2_IRQHandler                  0x08000c81   Thumb Code     6  stm32f4xx_it.o(i.DMA2_Stream2_IRQHandler)
    DebugMon_Handler                         0x08000d09   Thumb Code     2  stm32f4xx_it.o(i.DebugMon_Handler)
    Error_Handler                            0x08000d0b   Thumb Code     2  main.o(i.Error_Handler)
    GetKeyValue                              0x08000d0d   Thumb Code   240  keymouse.o(i.GetKeyValue)
    Gimbal_Automode                          0x08000edd   Thumb Code   122  gimbal_task.o(i.Gimbal_Automode)
    Gimbal_Keymousemode                      0x08000f75   Thumb Code   170  gimbal_task.o(i.Gimbal_Keymousemode)
    Gimbal_MpuUpdate                         0x08001045   Thumb Code   182  mpu_data.o(i.Gimbal_MpuUpdate)
    Gimbal_Remotemode                        0x080011f1   Thumb Code   150  gimbal_task.o(i.Gimbal_Remotemode)
    Gimbal_Task                              0x080012ad   Thumb Code   256  gimbal_task.o(i.Gimbal_Task)
    HAL_CAN_ActivateNotification             0x08001441   Thumb Code    36  stm32f4xx_hal_can.o(i.HAL_CAN_ActivateNotification)
    HAL_CAN_AddTxMessage                     0x08001465   Thumb Code   200  stm32f4xx_hal_can.o(i.HAL_CAN_AddTxMessage)
    HAL_CAN_ConfigFilter                     0x0800152d   Thumb Code   262  stm32f4xx_hal_can.o(i.HAL_CAN_ConfigFilter)
    HAL_CAN_ErrorCallback                    0x08001639   Thumb Code     2  stm32f4xx_hal_can.o(i.HAL_CAN_ErrorCallback)
    HAL_CAN_GetRxMessage                     0x0800163b   Thumb Code   232  stm32f4xx_hal_can.o(i.HAL_CAN_GetRxMessage)
    HAL_CAN_IRQHandler                       0x08001723   Thumb Code   508  stm32f4xx_hal_can.o(i.HAL_CAN_IRQHandler)
    HAL_CAN_Init                             0x0800191f   Thumb Code   282  stm32f4xx_hal_can.o(i.HAL_CAN_Init)
    HAL_CAN_MspInit                          0x08001a39   Thumb Code   232  can.o(i.HAL_CAN_MspInit)
    HAL_CAN_RxFifo0FullCallback              0x08001b39   Thumb Code     2  stm32f4xx_hal_can.o(i.HAL_CAN_RxFifo0FullCallback)
    HAL_CAN_RxFifo0MsgPendingCallback        0x08001b3d   Thumb Code   264  caninfo_task.o(i.HAL_CAN_RxFifo0MsgPendingCallback)
    HAL_CAN_RxFifo1FullCallback              0x08001c59   Thumb Code     2  stm32f4xx_hal_can.o(i.HAL_CAN_RxFifo1FullCallback)
    HAL_CAN_RxFifo1MsgPendingCallback        0x08001c5b   Thumb Code     2  stm32f4xx_hal_can.o(i.HAL_CAN_RxFifo1MsgPendingCallback)
    HAL_CAN_SleepCallback                    0x08001c5d   Thumb Code     2  stm32f4xx_hal_can.o(i.HAL_CAN_SleepCallback)
    HAL_CAN_TxMailbox0AbortCallback          0x08001c5f   Thumb Code     2  stm32f4xx_hal_can.o(i.HAL_CAN_TxMailbox0AbortCallback)
    HAL_CAN_TxMailbox0CompleteCallback       0x08001c61   Thumb Code     2  stm32f4xx_hal_can.o(i.HAL_CAN_TxMailbox0CompleteCallback)
    HAL_CAN_TxMailbox1AbortCallback          0x08001c63   Thumb Code     2  stm32f4xx_hal_can.o(i.HAL_CAN_TxMailbox1AbortCallback)
    HAL_CAN_TxMailbox1CompleteCallback       0x08001c65   Thumb Code     2  stm32f4xx_hal_can.o(i.HAL_CAN_TxMailbox1CompleteCallback)
    HAL_CAN_TxMailbox2AbortCallback          0x08001c67   Thumb Code     2  stm32f4xx_hal_can.o(i.HAL_CAN_TxMailbox2AbortCallback)
    HAL_CAN_TxMailbox2CompleteCallback       0x08001c69   Thumb Code     2  stm32f4xx_hal_can.o(i.HAL_CAN_TxMailbox2CompleteCallback)
    HAL_CAN_WakeUpFromRxMsgCallback          0x08001c6b   Thumb Code     2  stm32f4xx_hal_can.o(i.HAL_CAN_WakeUpFromRxMsgCallback)
    HAL_DMA_IRQHandler                       0x08001c6d   Thumb Code   412  stm32f4xx_hal_dma.o(i.HAL_DMA_IRQHandler)
    HAL_DMA_Init                             0x08001e0d   Thumb Code   206  stm32f4xx_hal_dma.o(i.HAL_DMA_Init)
    HAL_Delay                                0x08001ee1   Thumb Code    32  stm32f4xx_hal.o(i.HAL_Delay)
    HAL_GPIO_Init                            0x08001f05   Thumb Code   394  stm32f4xx_hal_gpio.o(i.HAL_GPIO_Init)
    HAL_GPIO_ReadPin                         0x080020bd   Thumb Code    10  stm32f4xx_hal_gpio.o(i.HAL_GPIO_ReadPin)
    HAL_GPIO_TogglePin                       0x080020c7   Thumb Code    14  stm32f4xx_hal_gpio.o(i.HAL_GPIO_TogglePin)
    HAL_GPIO_WritePin                        0x080020d5   Thumb Code    10  stm32f4xx_hal_gpio.o(i.HAL_GPIO_WritePin)
    HAL_GetTick                              0x080020e1   Thumb Code     6  stm32f4xx_hal.o(i.HAL_GetTick)
    HAL_IncTick                              0x080020ed   Thumb Code    12  stm32f4xx_hal.o(i.HAL_IncTick)
    HAL_Init                                 0x080020fd   Thumb Code    48  stm32f4xx_hal.o(i.HAL_Init)
    HAL_InitTick                             0x08002131   Thumb Code    54  stm32f4xx_hal.o(i.HAL_InitTick)
    HAL_MspInit                              0x08002171   Thumb Code    52  stm32f4xx_hal_msp.o(i.HAL_MspInit)
    HAL_NVIC_EnableIRQ                       0x080021a9   Thumb Code    26  stm32f4xx_hal_cortex.o(i.HAL_NVIC_EnableIRQ)
    HAL_NVIC_SetPriority                     0x080021c5   Thumb Code    60  stm32f4xx_hal_cortex.o(i.HAL_NVIC_SetPriority)
    HAL_NVIC_SetPriorityGrouping             0x08002205   Thumb Code    26  stm32f4xx_hal_cortex.o(i.HAL_NVIC_SetPriorityGrouping)
    HAL_RCC_ClockConfig                      0x08002229   Thumb Code   288  stm32f4xx_hal_rcc.o(i.HAL_RCC_ClockConfig)
    HAL_RCC_GetPCLK1Freq                     0x0800235d   Thumb Code    20  stm32f4xx_hal_rcc.o(i.HAL_RCC_GetPCLK1Freq)
    HAL_RCC_GetPCLK2Freq                     0x0800237d   Thumb Code    20  stm32f4xx_hal_rcc.o(i.HAL_RCC_GetPCLK2Freq)
    HAL_RCC_GetSysClockFreq                  0x0800239d   Thumb Code    88  stm32f4xx_hal_rcc.o(i.HAL_RCC_GetSysClockFreq)
    HAL_RCC_OscConfig                        0x080023fd   Thumb Code   834  stm32f4xx_hal_rcc.o(i.HAL_RCC_OscConfig)
    HAL_SYSTICK_Config                       0x08002759   Thumb Code    40  stm32f4xx_hal_cortex.o(i.HAL_SYSTICK_Config)
    HAL_TIMEx_BreakCallback                  0x08002781   Thumb Code     2  stm32f4xx_hal_tim_ex.o(i.HAL_TIMEx_BreakCallback)
    HAL_TIMEx_CommutCallback                 0x08002783   Thumb Code     2  stm32f4xx_hal_tim_ex.o(i.HAL_TIMEx_CommutCallback)
    HAL_TIMEx_ConfigBreakDeadTime            0x08002785   Thumb Code    84  stm32f4xx_hal_tim_ex.o(i.HAL_TIMEx_ConfigBreakDeadTime)
    HAL_TIMEx_MasterConfigSynchronization    0x080027d9   Thumb Code   116  stm32f4xx_hal_tim_ex.o(i.HAL_TIMEx_MasterConfigSynchronization)
    HAL_TIM_Base_Init                        0x08002869   Thumb Code    54  stm32f4xx_hal_tim.o(i.HAL_TIM_Base_Init)
    HAL_TIM_Base_MspInit                     0x080028a1   Thumb Code    98  tim.o(i.HAL_TIM_Base_MspInit)
    HAL_TIM_Base_Start                       0x08002911   Thumb Code    36  stm32f4xx_hal_tim.o(i.HAL_TIM_Base_Start)
    HAL_TIM_Base_Start_IT                    0x08002935   Thumb Code    34  stm32f4xx_hal_tim.o(i.HAL_TIM_Base_Start_IT)
    HAL_TIM_ConfigClockSource                0x08002957   Thumb Code   214  stm32f4xx_hal_tim.o(i.HAL_TIM_ConfigClockSource)
    HAL_TIM_IC_CaptureCallback               0x08002a2d   Thumb Code     2  stm32f4xx_hal_tim.o(i.HAL_TIM_IC_CaptureCallback)
    HAL_TIM_IRQHandler                       0x08002a2f   Thumb Code   358  stm32f4xx_hal_tim.o(i.HAL_TIM_IRQHandler)
    HAL_TIM_MspPostInit                      0x08002b95   Thumb Code    72  tim.o(i.HAL_TIM_MspPostInit)
    HAL_TIM_OC_DelayElapsedCallback          0x08002be9   Thumb Code     2  stm32f4xx_hal_tim.o(i.HAL_TIM_OC_DelayElapsedCallback)
    HAL_TIM_PWM_ConfigChannel                0x08002beb   Thumb Code   208  stm32f4xx_hal_tim.o(i.HAL_TIM_PWM_ConfigChannel)
    HAL_TIM_PWM_Init                         0x08002cbb   Thumb Code    54  stm32f4xx_hal_tim.o(i.HAL_TIM_PWM_Init)
    HAL_TIM_PWM_MspInit                      0x08002cf1   Thumb Code     2  stm32f4xx_hal_tim.o(i.HAL_TIM_PWM_MspInit)
    HAL_TIM_PWM_PulseFinishedCallback        0x08002cf3   Thumb Code     2  stm32f4xx_hal_tim.o(i.HAL_TIM_PWM_PulseFinishedCallback)
    HAL_TIM_PWM_Start                        0x08002cf5   Thumb Code    58  stm32f4xx_hal_tim.o(i.HAL_TIM_PWM_Start)
    HAL_TIM_PeriodElapsedCallback            0x08002d39   Thumb Code    48  mpu_data.o(i.HAL_TIM_PeriodElapsedCallback)
    HAL_TIM_TriggerCallback                  0x08002d79   Thumb Code     2  stm32f4xx_hal_tim.o(i.HAL_TIM_TriggerCallback)
    HAL_UART_Init                            0x08002d7b   Thumb Code    98  stm32f4xx_hal_uart.o(i.HAL_UART_Init)
    HAL_UART_MspInit                         0x08002ddd   Thumb Code   356  usart.o(i.HAL_UART_MspInit)
    HAL_UART_Transmit                        0x08002f65   Thumb Code   186  stm32f4xx_hal_uart.o(i.HAL_UART_Transmit)
    HardFault_Handler                        0x0800301f   Thumb Code     2  stm32f4xx_it.o(i.HardFault_Handler)
    IIC_Init                                 0x08003021   Thumb Code    42  bsp_iic.o(i.IIC_Init)
    IIC_Start                                0x0800304b   Thumb Code    72  bsp_iic.o(i.IIC_Start)
    IIC_Stop                                 0x08003093   Thumb Code    84  bsp_iic.o(i.IIC_Stop)
    IIC_ack                                  0x080030e9   Thumb Code    84  bsp_iic.o(i.IIC_ack)
    IIC_readByte                             0x0800313d   Thumb Code    64  bsp_iic.o(i.IIC_readByte)
    IIC_waitAck                              0x0800317d   Thumb Code    74  bsp_iic.o(i.IIC_waitAck)
    IIC_writeByte                            0x080031c7   Thumb Code    96  bsp_iic.o(i.IIC_writeByte)
    KeyStatusReset                           0x08003229   Thumb Code    30  keymouse.o(i.KeyStatusReset)
    MPU_getA                                 0x0800324d   Thumb Code   120  mpu6050.o(i.MPU_getA)
    MPU_getG                                 0x080032c9   Thumb Code   120  mpu6050.o(i.MPU_getG)
    MPU_init                                 0x08003345   Thumb Code   122  mpu6050.o(i.MPU_init)
    MPU_readData                             0x080033cd   Thumb Code   114  mpu6050.o(i.MPU_readData)
    MPU_readLen                              0x08003445   Thumb Code   148  mpu6050.o(i.MPU_readLen)
    MPU_writeData                            0x080034dd   Thumb Code    88  mpu6050.o(i.MPU_writeData)
    MX_CAN1_Init                             0x08003539   Thumb Code    60  can.o(i.MX_CAN1_Init)
    MX_CAN2_Init                             0x0800357d   Thumb Code    60  can.o(i.MX_CAN2_Init)
    MX_DMA_Init                              0x080035c1   Thumb Code    72  dma.o(i.MX_DMA_Init)
    MX_FREERTOS_Init                         0x0800360d   Thumb Code   140  freertos.o(i.MX_FREERTOS_Init)
    MX_GPIO_Init                             0x080036a1   Thumb Code    86  gpio.o(i.MX_GPIO_Init)
    MX_TIM1_Init                             0x080036fd   Thumb Code   190  tim.o(i.MX_TIM1_Init)
    MX_TIM2_Init                             0x080037c5   Thumb Code    96  tim.o(i.MX_TIM2_Init)
    MX_TIM6_Init                             0x08003829   Thumb Code    58  tim.o(i.MX_TIM6_Init)
    MX_UART4_Init                            0x0800386d   Thumb Code    48  usart.o(i.MX_UART4_Init)
    MX_USART1_UART_Init                      0x080038a5   Thumb Code    48  usart.o(i.MX_USART1_UART_Init)
    MX_USART2_UART_Init                      0x080038dd   Thumb Code    46  usart.o(i.MX_USART2_UART_Init)
    MemManage_Handler                        0x08003919   Thumb Code     2  stm32f4xx_it.o(i.MemManage_Handler)
    NMI_Handler                              0x0800391b   Thumb Code     2  stm32f4xx_it.o(i.NMI_Handler)
    PID_Calc                                 0x0800391d   Thumb Code   196  pid.o(i.PID_Calc)
    PID_Init                                 0x080039e5   Thumb Code    94  pid.o(i.PID_Init)
    Poker_PIDinit                            0x08003a69   Thumb Code    26  shoot_task.o(i.Poker_PIDinit)
    Printf_Task                              0x08003a8d   Thumb Code    78  bsp_usart.o(i.Printf_Task)
    RC_data_is_error                         0x08003af9   Thumb Code   102  rc.o(i.RC_data_is_error)
    SDA_In                                   0x08003c45   Thumb Code    38  bsp_iic.o(i.SDA_In)
    SDA_Out                                  0x08003c6b   Thumb Code    42  bsp_iic.o(i.SDA_Out)
    Shoot_Keymousemode                       0x08003cd1   Thumb Code   120  shoot_task.o(i.Shoot_Keymousemode)
    Shoot_Protectmode                        0x08003d69   Thumb Code    42  shoot_task.o(i.Shoot_Protectmode)
    Shoot_Remotemode                         0x08003da1   Thumb Code   116  shoot_task.o(i.Shoot_Remotemode)
    Shoot_Task                               0x08003f39   Thumb Code   224  shoot_task.o(i.Shoot_Task)
    StartDefaultTask                         0x08004091   Thumb Code     8  freertos.o(i.StartDefaultTask)
    SysTick_Handler                          0x08004099   Thumb Code    24  stm32f4xx_it.o(i.SysTick_Handler)
    SystemClock_Config                       0x080040b1   Thumb Code   124  main.o(i.SystemClock_Config)
    SystemInit                               0x08004135   Thumb Code    22  system_stm32f4xx.o(i.SystemInit)
    TIM2_IRQHandler                          0x08004151   Thumb Code     6  stm32f4xx_it.o(i.TIM2_IRQHandler)
    TIM_Base_SetConfig                       0x0800415d   Thumb Code   156  stm32f4xx_hal_tim.o(i.TIM_Base_SetConfig)
    TIM_CCxChannelCmd                        0x08004225   Thumb Code    26  stm32f4xx_hal_tim.o(i.TIM_CCxChannelCmd)
    TIM_ETR_SetConfig                        0x0800423f   Thumb Code    20  stm32f4xx_hal_tim.o(i.TIM_ETR_SetConfig)
    TIM_OC2_SetConfig                        0x080042c5   Thumb Code    98  stm32f4xx_hal_tim.o(i.TIM_OC2_SetConfig)
    UART_SendData                            0x08004431   Thumb Code    30  bsp_usart.o(i.UART_SendData)
    USART1_IRQHandler                        0x080045e1   Thumb Code   242  vision.o(i.USART1_IRQHandler)
    USART2_IRQHandler                        0x080046f1   Thumb Code   170  rc.o(i.USART2_IRQHandler)
    UsageFault_Handler                       0x080047b5   Thumb Code     2  stm32f4xx_it.o(i.UsageFault_Handler)
    Vision_Task                              0x080047b9   Thumb Code    72  vision.o(i.Vision_Task)
    __0printf$bare                           0x08004815   Thumb Code     8  printfb.o(i.__0printf$bare)
    __1printf$bare                           0x08004815   Thumb Code     0  printfb.o(i.__0printf$bare)
    __2printf                                0x08004815   Thumb Code     0  printfb.o(i.__0printf$bare)
    __ARM_fpclassify                         0x08004825   Thumb Code    48  fpclassify.o(i.__ARM_fpclassify)
    __ARM_fpclassifyf                        0x08004855   Thumb Code    38  fpclassifyf.o(i.__ARM_fpclassifyf)
    __hardfp_asinf                           0x0800489d   Thumb Code   258  asinf.o(i.__hardfp_asinf)
    __hardfp_exp                             0x080049c9   Thumb Code   714  exp.o(i.__hardfp_exp)
    __hardfp_fabs                            0x08004d21   Thumb Code    20  fabs.o(i.__hardfp_fabs)
    __kernel_poly                            0x08004d35   Thumb Code   248  poly.o(i.__kernel_poly)
    __mathlib_dbl_infnan                     0x08004e2d   Thumb Code    20  dunder.o(i.__mathlib_dbl_infnan)
    __mathlib_dbl_overflow                   0x08004e41   Thumb Code    24  dunder.o(i.__mathlib_dbl_overflow)
    __mathlib_dbl_underflow                  0x08004e61   Thumb Code    24  dunder.o(i.__mathlib_dbl_underflow)
    __mathlib_flt_infnan                     0x08004e81   Thumb Code     6  funder.o(i.__mathlib_flt_infnan)
    __mathlib_flt_invalid                    0x08004e89   Thumb Code    10  funder.o(i.__mathlib_flt_invalid)
    __mathlib_flt_underflow                  0x08004e99   Thumb Code    10  funder.o(i.__mathlib_flt_underflow)
    __scatterload_copy                       0x08004ea9   Thumb Code    14  handlers.o(i.__scatterload_copy)
    __scatterload_null                       0x08004eb7   Thumb Code     2  handlers.o(i.__scatterload_null)
    __scatterload_zeroinit                   0x08004eb9   Thumb Code    14  handlers.o(i.__scatterload_zeroinit)
    __set_errno                              0x08004ec9   Thumb Code     6  errno.o(i.__set_errno)
    aiDataReset                              0x08004ef9   Thumb Code    78  gimbal_task.o(i.aiDataReset)
    canTX_chassis                            0x08004f51   Thumb Code    86  send_task.o(i.canTX_chassis)
    canTX_gimbal                             0x08004fad   Thumb Code    70  send_task.o(i.canTX_gimbal)
    canTX_shoot                              0x08004ff9   Thumb Code    88  send_task.o(i.canTX_shoot)
    dropOffset                               0x08005055   Thumb Code   144  gimbal_task.o(i.dropOffset)
    followMate                               0x080050fd   Thumb Code   514  gimbal_task.o(i.followMate)
    fputc                                    0x08005349   Thumb Code    18  bsp_usart.o(i.fputc)
    keymouse_control_chassis                 0x08005361   Thumb Code    98  chassis_task.o(i.keymouse_control_chassis)
    led_blin                                 0x080053cd   Thumb Code    24  led.o(i.led_blin)
    led_init                                 0x080053e5   Thumb Code   112  led.o(i.led_init)
    led_sw                                   0x08005465   Thumb Code    10  led.o(i.led_sw)
    main                                     0x08005471   Thumb Code   102  main.o(i.main)
    osDelay                                  0x080054f1   Thumb Code    14  cmsis_os.o(i.osDelay)
    osKernelStart                            0x080054ff   Thumb Code    10  cmsis_os.o(i.osKernelStart)
    osThreadCreate                           0x08005509   Thumb Code    84  cmsis_os.o(i.osThreadCreate)
    pvPortMalloc                             0x080058a1   Thumb Code   210  heap_4.o(i.pvPortMalloc)
    pxPortInitialiseStack                    0x08005979   Thumb Code    40  port.o(i.pxPortInitialiseStack)
    remote_control_chassis                   0x080059a5   Thumb Code    46  chassis_task.o(i.remote_control_chassis)
    remote_control_init                      0x080059d9   Thumb Code    12  rc.o(i.remote_control_init)
    sqrtf                                    0x08005a9d   Thumb Code    62  sqrtf.o(i.sqrtf)
    uxListRemove                             0x08005adb   Thumb Code    38  list.o(i.uxListRemove)
    vApplicationGetIdleTaskMemory            0x08005b01   Thumb Code    18  freertos.o(i.vApplicationGetIdleTaskMemory)
    vListInitialise                          0x08005b19   Thumb Code    22  list.o(i.vListInitialise)
    vListInitialiseItem                      0x08005b2f   Thumb Code     6  list.o(i.vListInitialiseItem)
    vListInsert                              0x08005b35   Thumb Code    48  list.o(i.vListInsert)
    vListInsertEnd                           0x08005b65   Thumb Code    24  list.o(i.vListInsertEnd)
    vPortEnterCritical                       0x08005b7d   Thumb Code    54  port.o(i.vPortEnterCritical)
    vPortExitCritical                        0x08005bbd   Thumb Code    34  port.o(i.vPortExitCritical)
    vPortFree                                0x08005be5   Thumb Code    88  heap_4.o(i.vPortFree)
    vPortSetupTimerInterrupt                 0x08005c41   Thumb Code    32  port.o(i.vPortSetupTimerInterrupt)
    vTaskDelay                               0x08005c65   Thumb Code    66  tasks.o(i.vTaskDelay)
    vTaskDelayUntil                          0x08005cb1   Thumb Code   132  tasks.o(i.vTaskDelayUntil)
    vTaskStartScheduler                      0x08005d3d   Thumb Code    90  tasks.o(i.vTaskStartScheduler)
    vTaskSuspendAll                          0x08005da9   Thumb Code    10  tasks.o(i.vTaskSuspendAll)
    vTaskSwitchContext                       0x08005db9   Thumb Code    82  tasks.o(i.vTaskSwitchContext)
    vision_init                              0x08005e15   Thumb Code    84  vision.o(i.vision_init)
    vision_usart_init                        0x08005e75   Thumb Code    12  vision.o(i.vision_usart_init)
    xPortStartScheduler                      0x08005e85   Thumb Code   222  port.o(i.xPortStartScheduler)
    xPortSysTickHandler                      0x08005f79   Thumb Code    38  port.o(i.xPortSysTickHandler)
    xTaskCreate                              0x08005fa5   Thumb Code    90  tasks.o(i.xTaskCreate)
    xTaskCreateStatic                        0x08005fff   Thumb Code    86  tasks.o(i.xTaskCreateStatic)
    xTaskGetSchedulerState                   0x08006055   Thumb Code    22  tasks.o(i.xTaskGetSchedulerState)
    xTaskGetTickCount                        0x08006071   Thumb Code     6  tasks.o(i.xTaskGetTickCount)
    xTaskIncrementTick                       0x0800607d   Thumb Code   192  tasks.o(i.xTaskIncrementTick)
    xTaskResumeAll                           0x08006145   Thumb Code   182  tasks.o(i.xTaskResumeAll)
    AHBPrescTable                            0x080062b8   Data          16  system_stm32f4xx.o(.constdata)
    APBPrescTable                            0x080062c8   Data           8  system_stm32f4xx.o(.constdata)
    Region$$Table$$Base                      0x08006370   Number         0  anon$$obj.o(Region$$Table)
    Region$$Table$$Limit                     0x08006390   Number         0  anon$$obj.o(Region$$Table)
    errcnt                                   0x20000009   Data           1  vision.o(.data)
    visionTime                               0x2000000c   Data           4  vision.o(.data)
    ShootHeat                                0x20000011   Data           1  shoot_task.o(.data)
    press_l_pre                              0x20000012   Data           1  shoot_task.o(.data)
    press_l_count                            0x20000014   Data           2  shoot_task.o(.data)
    cout                                     0x20000016   Data           2  shoot_task.o(.data)
    flag                                     0x20000018   Data           2  shoot_task.o(.data)
    couttime                                 0x2000001a   Data           2  shoot_task.o(.data)
    last_first                               0x2000001c   Data           2  shoot_task.o(.data)
    poker_freq                               0x2000001e   Data           2  shoot_task.o(.data)
    shoot_motor_speed                        0x20000028   Data           4  shoot_task.o(.data)
    PokerPositionPid                         0x2000002c   Data          20  shoot_task.o(.data)
    PokerSpeedPid                            0x20000040   Data          20  shoot_task.o(.data)
    ShootSpeedPid                            0x20000054   Data          20  shoot_task.o(.data)
    yawset                                   0x2000006c   Data           4  gimbal_task.o(.data)
    pitchset                                 0x20000070   Data           4  gimbal_task.o(.data)
    auto_change                              0x20000074   Data           4  gimbal_task.o(.data)
    gimbalTime                               0x20000078   Data           4  gimbal_task.o(.data)
    pTime                                    0x2000007c   Data           4  gimbal_task.o(.data)
    yTime                                    0x20000080   Data           4  gimbal_task.o(.data)
    YawPositionPid                           0x20000084   Data          20  gimbal_task.o(.data)
    YawSpeedPid                              0x20000098   Data          20  gimbal_task.o(.data)
    PitchPositionPid                         0x200000ac   Data          20  gimbal_task.o(.data)
    PitchSpeedPid                            0x200000c0   Data          20  gimbal_task.o(.data)
    defaultTaskHandle                        0x200000d8   Data           4  freertos.o(.data)
    printfTaskHandle                         0x200000dc   Data           4  freertos.o(.data)
    gimbalTaskHandle                         0x200000e0   Data           4  freertos.o(.data)
    chassisTaskHandle                        0x200000e4   Data           4  freertos.o(.data)
    shootTaskHandle                          0x200000e8   Data           4  freertos.o(.data)
    visionTaskHandle                         0x200000ec   Data           4  freertos.o(.data)
    uwTickFreq                               0x200000f0   Data           1  stm32f4xx_hal.o(.data)
    uwTickPrio                               0x200000f4   Data           4  stm32f4xx_hal.o(.data)
    uwTick                                   0x200000f8   Data           4  stm32f4xx_hal.o(.data)
    SystemCoreClock                          0x200000fc   Data           4  system_stm32f4xx.o(.data)
    pxCurrentTCB                             0x20000100   Data           4  tasks.o(.data)
    __stdout                                 0x20000160   Data           4  stdout.o(.data)
    rc_ctrl                                  0x20000168   Data          22  rc.o(.bss)
    mpuIic                                   0x200001c8   Data          16  mpu6050.o(.bss)
    KeyMouseFlag                             0x200001d8   Data          12  keymouse.o(.bss)
    KeyValue                                 0x200001e4   Data          16  keymouse.o(.bss)
    led                                      0x200001f4   Data          48  led.o(.bss)
    mpuData                                  0x20000224   Data          40  mpu_data.o(.bss)
    visionData                               0x2000024c   Data          16  vision.o(.bss)
    visionTempData                           0x2000025c   Data          16  vision.o(.bss)
    vision_rx_buf                            0x2000026c   Data          32  vision.o(.bss)
    rootAngle                                0x2000028c   Data          16  vision.o(.bss)
    followData                               0x2000029c   Data         216  vision.o(.bss)
    FloatWave                                0x20000374   Data          16  bsp_usart.o(.bss)
    yawMotor                                 0x20000384   Data          32  caninfo_task.o(.bss)
    pitchMotor                               0x200003a4   Data          32  caninfo_task.o(.bss)
    pokerMotor                               0x200003c4   Data          32  caninfo_task.o(.bss)
    shootMotor                               0x200003e4   Data          64  caninfo_task.o(.bss)
    Refeere                                  0x20000424   Data          16  caninfo_task.o(.bss)
    POKER_SPEED_PID                          0x20000434   Data          76  shoot_task.o(.bss)
    POKER_POSITION_PID                       0x20000480   Data          76  shoot_task.o(.bss)
    SHOOT_SPEED_PID                          0x200004cc   Data         152  shoot_task.o(.bss)
    YAW_SPEED_PID                            0x20000564   Data          76  gimbal_task.o(.bss)
    YAW_POSITION_PID                         0x200005b0   Data          76  gimbal_task.o(.bss)
    PITCH_SPEED_PID                          0x200005fc   Data          76  gimbal_task.o(.bss)
    PITCH_POSITION_PID                       0x20000648   Data          76  gimbal_task.o(.bss)
    hcan1                                    0x20000694   Data          40  can.o(.bss)
    hcan2                                    0x200006bc   Data          40  can.o(.bss)
    htim1                                    0x20000f38   Data          64  tim.o(.bss)
    htim2                                    0x20000f78   Data          64  tim.o(.bss)
    htim6                                    0x20000fb8   Data          64  tim.o(.bss)
    huart4                                   0x20000ff8   Data          64  usart.o(.bss)
    huart1                                   0x20001038   Data          64  usart.o(.bss)
    huart2                                   0x20001078   Data          64  usart.o(.bss)
    hdma_usart1_rx                           0x200010b8   Data          96  usart.o(.bss)
    hdma_usart2_rx                           0x20001118   Data          96  usart.o(.bss)
    __initial_sp                             0x20005268   Data           0  startup_stm32f407xx.o(STACK)



==============================================================================

Memory Map of the image

  Image Entry point : 0x08000189

  Load Region LR_IROM1 (Base: 0x08000000, Size: 0x000064f8, Max: 0x00080000, ABSOLUTE, COMPRESSED[0x000063ec])

    Execution Region ER_IROM1 (Base: 0x08000000, Size: 0x00006390, Max: 0x00080000, ABSOLUTE)

    Base Addr    Size         Type   Attr      Idx    E Section Name        Object

    0x08000000   0x00000188   Data   RO         1076    RESET               startup_stm32f407xx.o
    0x08000188   0x00000000   Code   RO         5485  * .ARM.Collect$$$$00000000  mc_w.l(entry.o)
    0x08000188   0x00000004   Code   RO         5821    .ARM.Collect$$$$00000001  mc_w.l(entry2.o)
    0x0800018c   0x00000004   Code   RO         5824    .ARM.Collect$$$$00000004  mc_w.l(entry5.o)
    0x08000190   0x00000000   Code   RO         5826    .ARM.Collect$$$$00000008  mc_w.l(entry7b.o)
    0x08000190   0x00000000   Code   RO         5828    .ARM.Collect$$$$0000000A  mc_w.l(entry8b.o)
    0x08000190   0x00000008   Code   RO         5829    .ARM.Collect$$$$0000000B  mc_w.l(entry9a.o)
    0x08000198   0x00000000   Code   RO         5831    .ARM.Collect$$$$0000000D  mc_w.l(entry10a.o)
    0x08000198   0x00000000   Code   RO         5833    .ARM.Collect$$$$0000000F  mc_w.l(entry11a.o)
    0x08000198   0x00000004   Code   RO         5822    .ARM.Collect$$$$00002712  mc_w.l(entry2.o)
    0x0800019c   0x000000be   Code   RO         5376    .emb_text           port.o
    0x0800025a   0x00000002   PAD
    0x0800025c   0x00000024   Code   RO         1077    .text               startup_stm32f407xx.o
    0x08000280   0x00000062   Code   RO         5488    .text               mc_w.l(uldiv.o)
    0x080002e2   0x00000024   Code   RO         5490    .text               mc_w.l(memcpya.o)
    0x08000306   0x00000024   Code   RO         5494    .text               mc_w.l(memseta.o)
    0x0800032a   0x0000014e   Code   RO         5758    .text               mf_w.l(dadd.o)
    0x08000478   0x000000e4   Code   RO         5760    .text               mf_w.l(dmul.o)
    0x0800055c   0x00000022   Code   RO         5762    .text               mf_w.l(dflti.o)
    0x0800057e   0x0000001a   Code   RO         5764    .text               mf_w.l(dfltui.o)
    0x08000598   0x00000026   Code   RO         5766    .text               mf_w.l(f2d.o)
    0x080005be   0x00000002   PAD
    0x080005c0   0x00000030   Code   RO         5768    .text               mf_w.l(cdcmple.o)
    0x080005f0   0x00000030   Code   RO         5770    .text               mf_w.l(cdrcmple.o)
    0x08000620   0x00000038   Code   RO         5772    .text               mf_w.l(d2f.o)
    0x08000658   0x0000001e   Code   RO         5838    .text               mc_w.l(llshl.o)
    0x08000676   0x00000020   Code   RO         5840    .text               mc_w.l(llushr.o)
    0x08000696   0x00000024   Code   RO         5842    .text               mc_w.l(llsshr.o)
    0x080006ba   0x00000000   Code   RO         5851    .text               mc_w.l(iusefp.o)
    0x080006ba   0x0000006e   Code   RO         5852    .text               mf_w.l(fepilogue.o)
    0x08000728   0x000000ba   Code   RO         5854    .text               mf_w.l(depilogue.o)
    0x080007e2   0x000000de   Code   RO         5856    .text               mf_w.l(ddiv.o)
    0x080008c0   0x0000003e   Code   RO         5858    .text               mf_w.l(dfixi.o)
    0x080008fe   0x00000002   PAD
    0x08000900   0x00000024   Code   RO         5862    .text               mc_w.l(init.o)
    0x08000924   0x00000056   Code   RO         5872    .text               mc_w.l(__dczerorl2.o)
    0x0800097a   0x00000002   PAD
    0x0800097c   0x00000060   Code   RO          644    i.Bsp_canInit       bsp_can.o
    0x080009dc   0x0000001c   Code   RO          668    i.Bsp_tim1Init      bsp_tim.o
    0x080009f8   0x00000014   Code   RO          669    i.Bsp_tim2Init      bsp_tim.o
    0x08000a0c   0x00000174   Code   RO          821    i.Buff_control      shoot_task.o
    0x08000b80   0x00000002   Code   RO         1407    i.BusFault_Handler  stm32f4xx_it.o
    0x08000b82   0x00000002   PAD
    0x08000b84   0x0000000c   Code   RO         1408    i.CAN1_RX0_IRQHandler  stm32f4xx_it.o
    0x08000b90   0x0000000c   Code   RO         1409    i.CAN2_RX0_IRQHandler  stm32f4xx_it.o
    0x08000b9c   0x00000044   Code   RO         1002    i.Chassis_Task      chassis_task.o
    0x08000be0   0x00000060   Code   RO          581    i.DATA_show         bsp_usart.o
    0x08000c40   0x00000014   Code   RO          670    i.DELAY_init        bsp_tim.o
    0x08000c54   0x00000020   Code   RO          671    i.DELAY_us          bsp_tim.o
    0x08000c74   0x0000000c   Code   RO         1410    i.DMA1_Stream5_IRQHandler  stm32f4xx_it.o
    0x08000c80   0x0000000c   Code   RO         1411    i.DMA2_Stream2_IRQHandler  stm32f4xx_it.o
    0x08000c8c   0x00000028   Code   RO         2218    i.DMA_CalcBaseAndBitshift  stm32f4xx_hal_dma.o
    0x08000cb4   0x00000054   Code   RO         2219    i.DMA_CheckFifoParam  stm32f4xx_hal_dma.o
    0x08000d08   0x00000002   Code   RO         1412    i.DebugMon_Handler  stm32f4xx_it.o
    0x08000d0a   0x00000002   Code   RO         1084    i.Error_Handler     main.o
    0x08000d0c   0x000000fc   Code   RO          306    i.GetKeyValue       keymouse.o
    0x08000e08   0x000000d4   Code   RO          919    i.Gimbal_AutoPid    gimbal_task.o
    0x08000edc   0x00000098   Code   RO          920    i.Gimbal_Automode   gimbal_task.o
    0x08000f74   0x000000d0   Code   RO          921    i.Gimbal_Keymousemode  gimbal_task.o
    0x08001044   0x000000d4   Code   RO          406    i.Gimbal_MpuUpdate  mpu_data.o
    0x08001118   0x000000d8   Code   RO          922    i.Gimbal_RemotePid  gimbal_task.o
    0x080011f0   0x000000bc   Code   RO          923    i.Gimbal_Remotemode  gimbal_task.o
    0x080012ac   0x00000140   Code   RO          924    i.Gimbal_Task       gimbal_task.o
    0x080013ec   0x00000054   Code   RO          925    i.Gimbal_resetRoot  gimbal_task.o
    0x08001440   0x00000024   Code   RO         1526    i.HAL_CAN_ActivateNotification  stm32f4xx_hal_can.o
    0x08001464   0x000000c8   Code   RO         1527    i.HAL_CAN_AddTxMessage  stm32f4xx_hal_can.o
    0x0800152c   0x0000010c   Code   RO         1528    i.HAL_CAN_ConfigFilter  stm32f4xx_hal_can.o
    0x08001638   0x00000002   Code   RO         1531    i.HAL_CAN_ErrorCallback  stm32f4xx_hal_can.o
    0x0800163a   0x000000e8   Code   RO         1534    i.HAL_CAN_GetRxMessage  stm32f4xx_hal_can.o
    0x08001722   0x000001fc   Code   RO         1538    i.HAL_CAN_IRQHandler  stm32f4xx_hal_can.o
    0x0800191e   0x0000011a   Code   RO         1539    i.HAL_CAN_Init      stm32f4xx_hal_can.o
    0x08001a38   0x00000100   Code   RO         1148    i.HAL_CAN_MspInit   can.o
    0x08001b38   0x00000002   Code   RO         1546    i.HAL_CAN_RxFifo0FullCallback  stm32f4xx_hal_can.o
    0x08001b3a   0x00000002   PAD
    0x08001b3c   0x0000011c   Code   RO          787    i.HAL_CAN_RxFifo0MsgPendingCallback  caninfo_task.o
    0x08001c58   0x00000002   Code   RO         1548    i.HAL_CAN_RxFifo1FullCallback  stm32f4xx_hal_can.o
    0x08001c5a   0x00000002   Code   RO         1549    i.HAL_CAN_RxFifo1MsgPendingCallback  stm32f4xx_hal_can.o
    0x08001c5c   0x00000002   Code   RO         1550    i.HAL_CAN_SleepCallback  stm32f4xx_hal_can.o
    0x08001c5e   0x00000002   Code   RO         1553    i.HAL_CAN_TxMailbox0AbortCallback  stm32f4xx_hal_can.o
    0x08001c60   0x00000002   Code   RO         1554    i.HAL_CAN_TxMailbox0CompleteCallback  stm32f4xx_hal_can.o
    0x08001c62   0x00000002   Code   RO         1555    i.HAL_CAN_TxMailbox1AbortCallback  stm32f4xx_hal_can.o
    0x08001c64   0x00000002   Code   RO         1556    i.HAL_CAN_TxMailbox1CompleteCallback  stm32f4xx_hal_can.o
    0x08001c66   0x00000002   Code   RO         1557    i.HAL_CAN_TxMailbox2AbortCallback  stm32f4xx_hal_can.o
    0x08001c68   0x00000002   Code   RO         1558    i.HAL_CAN_TxMailbox2CompleteCallback  stm32f4xx_hal_can.o
    0x08001c6a   0x00000002   Code   RO         1560    i.HAL_CAN_WakeUpFromRxMsgCallback  stm32f4xx_hal_can.o
    0x08001c6c   0x000001a0   Code   RO         2226    i.HAL_DMA_IRQHandler  stm32f4xx_hal_dma.o
    0x08001e0c   0x000000d4   Code   RO         2227    i.HAL_DMA_Init      stm32f4xx_hal_dma.o
    0x08001ee0   0x00000024   Code   RO         2640    i.HAL_Delay         stm32f4xx_hal.o
    0x08001f04   0x000001b8   Code   RO         2114    i.HAL_GPIO_Init     stm32f4xx_hal_gpio.o
    0x080020bc   0x0000000a   Code   RO         2116    i.HAL_GPIO_ReadPin  stm32f4xx_hal_gpio.o
    0x080020c6   0x0000000e   Code   RO         2117    i.HAL_GPIO_TogglePin  stm32f4xx_hal_gpio.o
    0x080020d4   0x0000000a   Code   RO         2118    i.HAL_GPIO_WritePin  stm32f4xx_hal_gpio.o
    0x080020de   0x00000002   PAD
    0x080020e0   0x0000000c   Code   RO         2646    i.HAL_GetTick       stm32f4xx_hal.o
    0x080020ec   0x00000010   Code   RO         2652    i.HAL_IncTick       stm32f4xx_hal.o
    0x080020fc   0x00000034   Code   RO         2653    i.HAL_Init          stm32f4xx_hal.o
    0x08002130   0x00000040   Code   RO         2654    i.HAL_InitTick      stm32f4xx_hal.o
    0x08002170   0x00000038   Code   RO         1501    i.HAL_MspInit       stm32f4xx_hal_msp.o
    0x080021a8   0x0000001a   Code   RO         2503    i.HAL_NVIC_EnableIRQ  stm32f4xx_hal_cortex.o
    0x080021c2   0x00000002   PAD
    0x080021c4   0x00000040   Code   RO         2509    i.HAL_NVIC_SetPriority  stm32f4xx_hal_cortex.o
    0x08002204   0x00000024   Code   RO         2510    i.HAL_NVIC_SetPriorityGrouping  stm32f4xx_hal_cortex.o
    0x08002228   0x00000134   Code   RO         1760    i.HAL_RCC_ClockConfig  stm32f4xx_hal_rcc.o
    0x0800235c   0x00000020   Code   RO         1767    i.HAL_RCC_GetPCLK1Freq  stm32f4xx_hal_rcc.o
    0x0800237c   0x00000020   Code   RO         1768    i.HAL_RCC_GetPCLK2Freq  stm32f4xx_hal_rcc.o
    0x0800239c   0x00000060   Code   RO         1769    i.HAL_RCC_GetSysClockFreq  stm32f4xx_hal_rcc.o
    0x080023fc   0x0000035c   Code   RO         1772    i.HAL_RCC_OscConfig  stm32f4xx_hal_rcc.o
    0x08002758   0x00000028   Code   RO         2514    i.HAL_SYSTICK_Config  stm32f4xx_hal_cortex.o
    0x08002780   0x00000002   Code   RO         3568    i.HAL_TIMEx_BreakCallback  stm32f4xx_hal_tim_ex.o
    0x08002782   0x00000002   Code   RO         3569    i.HAL_TIMEx_CommutCallback  stm32f4xx_hal_tim_ex.o
    0x08002784   0x00000054   Code   RO         3571    i.HAL_TIMEx_ConfigBreakDeadTime  stm32f4xx_hal_tim_ex.o
    0x080027d8   0x00000090   Code   RO         3586    i.HAL_TIMEx_MasterConfigSynchronization  stm32f4xx_hal_tim_ex.o
    0x08002868   0x00000036   Code   RO         2893    i.HAL_TIM_Base_Init  stm32f4xx_hal_tim.o
    0x0800289e   0x00000002   PAD
    0x080028a0   0x00000070   Code   RO         1293    i.HAL_TIM_Base_MspInit  tim.o
    0x08002910   0x00000024   Code   RO         2896    i.HAL_TIM_Base_Start  stm32f4xx_hal_tim.o
    0x08002934   0x00000022   Code   RO         2898    i.HAL_TIM_Base_Start_IT  stm32f4xx_hal_tim.o
    0x08002956   0x000000d6   Code   RO         2902    i.HAL_TIM_ConfigClockSource  stm32f4xx_hal_tim.o
    0x08002a2c   0x00000002   Code   RO         2922    i.HAL_TIM_IC_CaptureCallback  stm32f4xx_hal_tim.o
    0x08002a2e   0x00000166   Code   RO         2936    i.HAL_TIM_IRQHandler  stm32f4xx_hal_tim.o
    0x08002b94   0x00000054   Code   RO         1294    i.HAL_TIM_MspPostInit  tim.o
    0x08002be8   0x00000002   Code   RO         2939    i.HAL_TIM_OC_DelayElapsedCallback  stm32f4xx_hal_tim.o
    0x08002bea   0x000000d0   Code   RO         2960    i.HAL_TIM_PWM_ConfigChannel  stm32f4xx_hal_tim.o
    0x08002cba   0x00000036   Code   RO         2963    i.HAL_TIM_PWM_Init  stm32f4xx_hal_tim.o
    0x08002cf0   0x00000002   Code   RO         2965    i.HAL_TIM_PWM_MspInit  stm32f4xx_hal_tim.o
    0x08002cf2   0x00000002   Code   RO         2966    i.HAL_TIM_PWM_PulseFinishedCallback  stm32f4xx_hal_tim.o
    0x08002cf4   0x00000044   Code   RO         2968    i.HAL_TIM_PWM_Start  stm32f4xx_hal_tim.o
    0x08002d38   0x00000040   Code   RO          407    i.HAL_TIM_PeriodElapsedCallback  mpu_data.o
    0x08002d78   0x00000002   Code   RO         2979    i.HAL_TIM_TriggerCallback  stm32f4xx_hal_tim.o
    0x08002d7a   0x00000062   Code   RO         3844    i.HAL_UART_Init     stm32f4xx_hal_uart.o
    0x08002ddc   0x00000188   Code   RO         1353    i.HAL_UART_MspInit  usart.o
    0x08002f64   0x000000ba   Code   RO         3852    i.HAL_UART_Transmit  stm32f4xx_hal_uart.o
    0x0800301e   0x00000002   Code   RO         1413    i.HardFault_Handler  stm32f4xx_it.o
    0x08003020   0x0000002a   Code   RO          716    i.IIC_Init          bsp_iic.o
    0x0800304a   0x00000048   Code   RO          717    i.IIC_Start         bsp_iic.o
    0x08003092   0x00000054   Code   RO          718    i.IIC_Stop          bsp_iic.o
    0x080030e6   0x00000002   PAD
    0x080030e8   0x00000054   Code   RO          719    i.IIC_ack           bsp_iic.o
    0x0800313c   0x00000040   Code   RO          720    i.IIC_readByte      bsp_iic.o
    0x0800317c   0x0000004a   Code   RO          721    i.IIC_waitAck       bsp_iic.o
    0x080031c6   0x00000060   Code   RO          722    i.IIC_writeByte     bsp_iic.o
    0x08003226   0x00000002   PAD
    0x08003228   0x00000024   Code   RO          307    i.KeyStatusReset    keymouse.o
    0x0800324c   0x0000007c   Code   RO          227    i.MPU_getA          mpu6050.o
    0x080032c8   0x0000007c   Code   RO          228    i.MPU_getG          mpu6050.o
    0x08003344   0x00000088   Code   RO          229    i.MPU_init          mpu6050.o
    0x080033cc   0x00000078   Code   RO          230    i.MPU_readData      mpu6050.o
    0x08003444   0x00000098   Code   RO          231    i.MPU_readLen       mpu6050.o
    0x080034dc   0x0000005c   Code   RO          232    i.MPU_writeData     mpu6050.o
    0x08003538   0x00000044   Code   RO         1149    i.MX_CAN1_Init      can.o
    0x0800357c   0x00000044   Code   RO         1150    i.MX_CAN2_Init      can.o
    0x080035c0   0x0000004c   Code   RO         1196    i.MX_DMA_Init       dma.o
    0x0800360c   0x00000094   Code   RO         1222    i.MX_FREERTOS_Init  freertos.o
    0x080036a0   0x0000005c   Code   RO         1123    i.MX_GPIO_Init      gpio.o
    0x080036fc   0x000000c8   Code   RO         1295    i.MX_TIM1_Init      tim.o
    0x080037c4   0x00000064   Code   RO         1296    i.MX_TIM2_Init      tim.o
    0x08003828   0x00000044   Code   RO         1297    i.MX_TIM6_Init      tim.o
    0x0800386c   0x00000038   Code   RO         1354    i.MX_UART4_Init     usart.o
    0x080038a4   0x00000038   Code   RO         1355    i.MX_USART1_UART_Init  usart.o
    0x080038dc   0x0000003c   Code   RO         1356    i.MX_USART2_UART_Init  usart.o
    0x08003918   0x00000002   Code   RO         1414    i.MemManage_Handler  stm32f4xx_it.o
    0x0800391a   0x00000002   Code   RO         1415    i.NMI_Handler       stm32f4xx_it.o
    0x0800391c   0x000000c8   Code   RO          185    i.PID_Calc          pid.o
    0x080039e4   0x00000064   Code   RO          186    i.PID_Init          pid.o
    0x08003a48   0x00000020   Code   RO          822    i.PokerSpeedLoop    shoot_task.o
    0x08003a68   0x00000024   Code   RO          823    i.Poker_PIDinit     shoot_task.o
    0x08003a8c   0x00000060   Code   RO          582    i.Printf_Task       bsp_usart.o
    0x08003aec   0x0000000a   Code   RO            4    i.RC_abs            rc.o
    0x08003af6   0x00000002   PAD
    0x08003af8   0x0000006c   Code   RO            5    i.RC_data_is_error  rc.o
    0x08003b64   0x00000060   Code   RO            6    i.RC_init           rc.o
    0x08003bc4   0x00000080   Code   RO            7    i.RC_restart        rc.o
    0x08003c44   0x00000026   Code   RO          723    i.SDA_In            bsp_iic.o
    0x08003c6a   0x0000002a   Code   RO          724    i.SDA_Out           bsp_iic.o
    0x08003c94   0x0000003c   Code   RO          824    i.ShootSpeedLoop    shoot_task.o
    0x08003cd0   0x00000098   Code   RO          825    i.Shoot_Keymousemode  shoot_task.o
    0x08003d68   0x00000038   Code   RO          826    i.Shoot_Protectmode  shoot_task.o
    0x08003da0   0x00000088   Code   RO          827    i.Shoot_Remotemode  shoot_task.o
    0x08003e28   0x00000110   Code   RO          828    i.Shoot_Single_Ctrl  shoot_task.o
    0x08003f38   0x000000f0   Code   RO          829    i.Shoot_Task        shoot_task.o
    0x08004028   0x00000068   Code   RO          830    i.Shoot_Triple_Ctrl  shoot_task.o
    0x08004090   0x00000008   Code   RO         1225    i.StartDefaultTask  freertos.o
    0x08004098   0x00000018   Code   RO         1416    i.SysTick_Handler   stm32f4xx_it.o
    0x080040b0   0x00000084   Code   RO         1085    i.SystemClock_Config  main.o
    0x08004134   0x0000001c   Code   RO         4146    i.SystemInit        system_stm32f4xx.o
    0x08004150   0x0000000c   Code   RO         1417    i.TIM2_IRQHandler   stm32f4xx_it.o
    0x0800415c   0x000000c8   Code   RO         2981    i.TIM_Base_SetConfig  stm32f4xx_hal_tim.o
    0x08004224   0x0000001a   Code   RO         2982    i.TIM_CCxChannelCmd  stm32f4xx_hal_tim.o
    0x0800423e   0x00000014   Code   RO         2992    i.TIM_ETR_SetConfig  stm32f4xx_hal_tim.o
    0x08004252   0x00000010   Code   RO         2993    i.TIM_ITRx_SetConfig  stm32f4xx_hal_tim.o
    0x08004262   0x00000002   PAD
    0x08004264   0x00000060   Code   RO         2994    i.TIM_OC1_SetConfig  stm32f4xx_hal_tim.o
    0x080042c4   0x0000006c   Code   RO         2995    i.TIM_OC2_SetConfig  stm32f4xx_hal_tim.o
    0x08004330   0x00000068   Code   RO         2996    i.TIM_OC3_SetConfig  stm32f4xx_hal_tim.o
    0x08004398   0x00000050   Code   RO         2997    i.TIM_OC4_SetConfig  stm32f4xx_hal_tim.o
    0x080043e8   0x00000022   Code   RO         2999    i.TIM_TI1_ConfigInputStage  stm32f4xx_hal_tim.o
    0x0800440a   0x00000024   Code   RO         3001    i.TIM_TI2_ConfigInputStage  stm32f4xx_hal_tim.o
    0x0800442e   0x00000002   PAD
    0x08004430   0x00000024   Code   RO          583    i.UART_SendData     bsp_usart.o
    0x08004454   0x00000128   Code   RO         3870    i.UART_SetConfig    stm32f4xx_hal_uart.o
    0x0800457c   0x00000064   Code   RO         3872    i.UART_WaitOnFlagUntilTimeout  stm32f4xx_hal_uart.o
    0x080045e0   0x00000110   Code   RO          530    i.USART1_IRQHandler  vision.o
    0x080046f0   0x000000c4   Code   RO            8    i.USART2_IRQHandler  rc.o
    0x080047b4   0x00000002   Code   RO         1418    i.UsageFault_Handler  stm32f4xx_it.o
    0x080047b6   0x00000002   PAD
    0x080047b8   0x0000005c   Code   RO          531    i.Vision_Task       vision.o
    0x08004814   0x00000010   Code   RO         5499    i.__0printf$bare    mc_w.l(printfb.o)
    0x08004824   0x00000030   Code   RO         5788    i.__ARM_fpclassify  m_wm.l(fpclassify.o)
    0x08004854   0x00000026   Code   RO         5790    i.__ARM_fpclassifyf  m_wm.l(fpclassifyf.o)
    0x0800487a   0x00000020   Code   RO         2516    i.__NVIC_SetPriority  stm32f4xx_hal_cortex.o
    0x0800489a   0x00000002   PAD
    0x0800489c   0x0000012c   Code   RO         5453    i.__hardfp_asinf    m_wm.l(asinf.o)
    0x080049c8   0x00000358   Code   RO         5465    i.__hardfp_exp      m_wm.l(exp.o)
    0x08004d20   0x00000014   Code   RO         5479    i.__hardfp_fabs     m_wm.l(fabs.o)
    0x08004d34   0x000000f8   Code   RO         5806    i.__kernel_poly     m_wm.l(poly.o)
    0x08004e2c   0x00000014   Code   RO         5775    i.__mathlib_dbl_infnan  m_wm.l(dunder.o)
    0x08004e40   0x00000020   Code   RO         5778    i.__mathlib_dbl_overflow  m_wm.l(dunder.o)
    0x08004e60   0x00000020   Code   RO         5780    i.__mathlib_dbl_underflow  m_wm.l(dunder.o)
    0x08004e80   0x00000006   Code   RO         5793    i.__mathlib_flt_infnan  m_wm.l(funder.o)
    0x08004e86   0x00000002   PAD
    0x08004e88   0x00000010   Code   RO         5795    i.__mathlib_flt_invalid  m_wm.l(funder.o)
    0x08004e98   0x00000010   Code   RO         5798    i.__mathlib_flt_underflow  m_wm.l(funder.o)
    0x08004ea8   0x0000000e   Code   RO         5866    i.__scatterload_copy  mc_w.l(handlers.o)
    0x08004eb6   0x00000002   Code   RO         5867    i.__scatterload_null  mc_w.l(handlers.o)
    0x08004eb8   0x0000000e   Code   RO         5868    i.__scatterload_zeroinit  mc_w.l(handlers.o)
    0x08004ec6   0x00000002   PAD
    0x08004ec8   0x0000000c   Code   RO         5846    i.__set_errno       mc_w.l(errno.o)
    0x08004ed4   0x00000022   Code   RO         5506    i._printf_core      mc_w.l(printfb.o)
    0x08004ef6   0x00000002   PAD
    0x08004ef8   0x00000058   Code   RO          926    i.aiDataReset       gimbal_task.o
    0x08004f50   0x0000005c   Code   RO         1041    i.canTX_chassis     send_task.o
    0x08004fac   0x0000004c   Code   RO         1042    i.canTX_gimbal      send_task.o
    0x08004ff8   0x0000005c   Code   RO         1043    i.canTX_shoot       send_task.o
    0x08005054   0x000000a8   Code   RO          927    i.dropOffset        gimbal_task.o
    0x080050fc   0x0000024c   Code   RO          928    i.followMate        gimbal_task.o
    0x08005348   0x00000018   Code   RO          584    i.fputc             bsp_usart.o
    0x08005360   0x0000006c   Code   RO         1003    i.keymouse_control_chassis  chassis_task.o
    0x080053cc   0x00000018   Code   RO          347    i.led_blin          led.o
    0x080053e4   0x00000080   Code   RO          348    i.led_init          led.o
    0x08005464   0x0000000a   Code   RO          352    i.led_sw            led.o
    0x0800546e   0x00000002   PAD
    0x08005470   0x00000074   Code   RO         1086    i.main              main.o
    0x080054e4   0x0000000c   Code   RO         4948    i.makeFreeRtosPriority  cmsis_os.o
    0x080054f0   0x0000000e   Code   RO         4950    i.osDelay           cmsis_os.o
    0x080054fe   0x0000000a   Code   RO         4953    i.osKernelStart     cmsis_os.o
    0x08005508   0x00000054   Code   RO         4987    i.osThreadCreate    cmsis_os.o
    0x0800555c   0x00000070   Code   RO         4639    i.prvAddCurrentTaskToDelayedList  tasks.o
    0x080055cc   0x000000d0   Code   RO         4640    i.prvAddNewTaskToReadyList  tasks.o
    0x0800569c   0x00000034   Code   RO         4641    i.prvDeleteTCB      tasks.o
    0x080056d0   0x0000004c   Code   RO         5315    i.prvHeapInit       heap_4.o
    0x0800571c   0x00000060   Code   RO         4642    i.prvIdleTask       tasks.o
    0x0800577c   0x0000008e   Code   RO         4643    i.prvInitialiseNewTask  tasks.o
    0x0800580a   0x00000002   PAD
    0x0800580c   0x0000004c   Code   RO         5316    i.prvInsertBlockIntoFreeList  heap_4.o
    0x08005858   0x00000020   Code   RO         4644    i.prvResetNextTaskUnblockTime  tasks.o
    0x08005878   0x00000028   Code   RO         5377    i.prvTaskExitError  port.o
    0x080058a0   0x000000d8   Code   RO         5317    i.pvPortMalloc      heap_4.o
    0x08005978   0x0000002c   Code   RO         5378    i.pxPortInitialiseStack  port.o
    0x080059a4   0x00000034   Code   RO         1004    i.remote_control_chassis  chassis_task.o
    0x080059d8   0x00000010   Code   RO           10    i.remote_control_init  rc.o
    0x080059e8   0x000000b4   Code   RO           11    i.sbus_to_rc        rc.o
    0x08005a9c   0x0000003e   Code   RO         5811    i.sqrtf             m_wm.l(sqrtf.o)
    0x08005ada   0x00000026   Code   RO         4284    i.uxListRemove      list.o
    0x08005b00   0x00000018   Code   RO         1227    i.vApplicationGetIdleTaskMemory  freertos.o
    0x08005b18   0x00000016   Code   RO         4285    i.vListInitialise   list.o
    0x08005b2e   0x00000006   Code   RO         4286    i.vListInitialiseItem  list.o
    0x08005b34   0x00000030   Code   RO         4287    i.vListInsert       list.o
    0x08005b64   0x00000018   Code   RO         4288    i.vListInsertEnd    list.o
    0x08005b7c   0x00000040   Code   RO         5380    i.vPortEnterCritical  port.o
    0x08005bbc   0x00000028   Code   RO         5381    i.vPortExitCritical  port.o
    0x08005be4   0x0000005c   Code   RO         5318    i.vPortFree         heap_4.o
    0x08005c40   0x00000024   Code   RO         5382    i.vPortSetupTimerInterrupt  port.o
    0x08005c64   0x0000004c   Code   RO         4652    i.vTaskDelay        tasks.o
    0x08005cb0   0x0000008c   Code   RO         4653    i.vTaskDelayUntil   tasks.o
    0x08005d3c   0x0000006c   Code   RO         4666    i.vTaskStartScheduler  tasks.o
    0x08005da8   0x00000010   Code   RO         4668    i.vTaskSuspendAll   tasks.o
    0x08005db8   0x0000005c   Code   RO         4669    i.vTaskSwitchContext  tasks.o
    0x08005e14   0x00000060   Code   RO          532    i.vision_init       vision.o
    0x08005e74   0x00000010   Code   RO          533    i.vision_usart_init  vision.o
    0x08005e84   0x000000f4   Code   RO         5384    i.xPortStartScheduler  port.o
    0x08005f78   0x0000002c   Code   RO         5385    i.xPortSysTickHandler  port.o
    0x08005fa4   0x0000005a   Code   RO         4671    i.xTaskCreate       tasks.o
    0x08005ffe   0x00000056   Code   RO         4672    i.xTaskCreateStatic  tasks.o
    0x08006054   0x0000001c   Code   RO         4676    i.xTaskGetSchedulerState  tasks.o
    0x08006070   0x0000000c   Code   RO         4677    i.xTaskGetTickCount  tasks.o
    0x0800607c   0x000000c8   Code   RO         4679    i.xTaskIncrementTick  tasks.o
    0x08006144   0x000000c4   Code   RO         4685    i.xTaskResumeAll    tasks.o
    0x08006208   0x000000a8   Data   RO         1229    .constdata          freertos.o
    0x080062b0   0x00000008   Data   RO         2233    .constdata          stm32f4xx_hal_dma.o
    0x080062b8   0x00000010   Data   RO         4147    .constdata          system_stm32f4xx.o
    0x080062c8   0x00000008   Data   RO         4148    .constdata          system_stm32f4xx.o
    0x080062d0   0x00000058   Data   RO         5468    .constdata          m_wm.l(exp.o)
    0x08006328   0x00000046   Data   RO         1230    .conststring        freertos.o
    0x0800636e   0x00000002   PAD
    0x08006370   0x00000020   Data   RO         5864    Region$$Table       anon$$obj.o


    Execution Region RW_IRAM1 (Base: 0x20000000, Size: 0x00005268, Max: 0x00020000, ABSOLUTE, COMPRESSED[0x0000005c])

    Base Addr    Size         Type   Attr      Idx    E Section Name        Object

    0x20000000   0x00000002   Data   RW           13    .data               rc.o
    0x20000002   0x00000006   Data   RW          309    .data               keymouse.o
    0x20000008   0x00000008   Data   RW          537    .data               vision.o
    0x20000010   0x00000058   Data   RW          832    .data               shoot_task.o
    0x20000068   0x0000006c   Data   RW          930    .data               gimbal_task.o
    0x200000d4   0x00000004   Data   RW         1152    .data               can.o
    0x200000d8   0x00000018   Data   RW         1231    .data               freertos.o
    0x200000f0   0x0000000c   Data   RW         2660    .data               stm32f4xx_hal.o
    0x200000fc   0x00000004   Data   RW         4149    .data               system_stm32f4xx.o
    0x20000100   0x0000003c   Data   RW         4688    .data               tasks.o
    0x2000013c   0x00000018   Data   RW         5323    .data               heap_4.o
    0x20000154   0x0000000c   Data   RW         5386    .data               port.o
    0x20000160   0x00000004   Data   RW         5835    .data               mc_w.l(stdout.o)
    0x20000164   0x00000004   Data   RW         5847    .data               mc_w.l(errno.o)
    0x20000168   0x0000005e   Zero   RW           12    .bss                rc.o
    0x200001c6   0x00000002   PAD
    0x200001c8   0x00000010   Zero   RW          234    .bss                mpu6050.o
    0x200001d8   0x0000001c   Zero   RW          308    .bss                keymouse.o
    0x200001f4   0x00000030   Zero   RW          353    .bss                led.o
    0x20000224   0x00000028   Zero   RW          409    .bss                mpu_data.o
    0x2000024c   0x00000040   Zero   RW          534    .bss                vision.o
    0x2000028c   0x00000010   Zero   RW          535    .bss                vision.o
    0x2000029c   0x000000d8   Zero   RW          536    .bss                vision.o
    0x20000374   0x00000010   Zero   RW          585    .bss                bsp_usart.o
    0x20000384   0x000000b0   Zero   RW          788    .bss                caninfo_task.o
    0x20000434   0x00000130   Zero   RW          831    .bss                shoot_task.o
    0x20000564   0x00000130   Zero   RW          929    .bss                gimbal_task.o
    0x20000694   0x00000050   Zero   RW         1151    .bss                can.o
    0x200006e4   0x00000854   Zero   RW         1228    .bss                freertos.o
    0x20000f38   0x000000c0   Zero   RW         1298    .bss                tim.o
    0x20000ff8   0x00000180   Zero   RW         1357    .bss                usart.o
    0x20001178   0x000000f0   Zero   RW         4687    .bss                tasks.o
    0x20001268   0x00003c00   Zero   RW         5322    .bss                heap_4.o
    0x20004e68   0x00000400   Zero   RW         1074    STACK               startup_stm32f407xx.o


==============================================================================

Image component sizes


      Code (inc. data)   RO Data    RW Data    ZI Data      Debug   Object Name

        96         10          0          0          0        590   bsp_can.o
       596          0          0          0          0       5086   bsp_iic.o
       100         16          0          0          0      14934   bsp_tim.o
       252         36          0          0         16       2926   bsp_usart.o
       392         40          0          4         80       2338   can.o
       284         20          0          0        176       2312   caninfo_task.o
       228         22          0          0          0       1683   chassis_task.o
       120          0          0          0          0      22137   cmsis_os.o
        76          4          0          0          0        766   dma.o
         0          0          0          0          0      18084   event_groups.o
       180         14        238         24       2132       2735   freertos.o
      2224        368          0        108        304       7486   gimbal_task.o
        92          6          0          0          0        851   gpio.o
       460         24          0         24      15360       6987   heap_4.o
       288         18          0          6         28       3987   keymouse.o
       162         16          0          0         48       2320   led.o
       138          0          0          0          0       3282   list.o
       250         22          0          0          0       2164   main.o
       748         36          0          0         16       4531   mpu6050.o
       276         46          0          0         40      21533   mpu_data.o
       300         10          0          0          0       2078   pid.o
       702         72          0         12          0      10876   port.o
       734         66          0          2         94     700207   rc.o
       260         16          0          0          0       2053   send_task.o
      1460        186          0         88        304       8064   shoot_task.o
        36          8        392          0       1024        788   startup_stm32f407xx.o
       180         28          0         12          0       9213   stm32f4xx_hal.o
      1550          6          0          0          0      12343   stm32f4xx_hal_can.o
       198         14          0          0          0      33511   stm32f4xx_hal_cortex.o
       752         16          8          0          0       3640   stm32f4xx_hal_dma.o
       474         46          0          0          0       3288   stm32f4xx_hal_gpio.o
        56          4          0          0          0        806   stm32f4xx_hal_msp.o
      1328         78          0          0          0       4916   stm32f4xx_hal_rcc.o
      1756         90          0          0          0      15735   stm32f4xx_hal_tim.o
       232         28          0          0          0       3089   stm32f4xx_hal_tim_ex.o
       680         10          0          0          0       3544   stm32f4xx_hal_uart.o
        96         30          0          0          0       5389   stm32f4xx_it.o
         0          0          0          0          0        404   stream_buffer.o
        28          6         24          4          0       1083   system_stm32f4xx.o
      1686        130          0         60        240      17521   tasks.o
       564         50          0          0        192       3546   tim.o
       564         66          0          0        384       3084   usart.o
       476         66          0          8        296       4653   vision.o

    ----------------------------------------------------------------------
     21104       1724        696        352      20736     976563   Object Totals
         0          0         32          0          0          0   (incl. Generated)
        30          0          2          0          2          0   (incl. Padding)

    ----------------------------------------------------------------------

      Code (inc. data)   RO Data    RW Data    ZI Data      Debug   Library Member Name

       300         42          0          0          0        176   asinf.o
        84         16          0          0          0        372   dunder.o
       856        142         88          0          0        288   exp.o
        20          0          0          0          0        124   fabs.o
        48          0          0          0          0        124   fpclassify.o
        38          0          0          0          0        116   fpclassifyf.o
        38         12          0          0          0        348   funder.o
       248          0          0          0          0        152   poly.o
        62          0          0          0          0        136   sqrtf.o
        86          0          0          0          0          0   __dczerorl2.o
         0          0          0          0          0          0   entry.o
         0          0          0          0          0          0   entry10a.o
         0          0          0          0          0          0   entry11a.o
         8          4          0          0          0          0   entry2.o
         4          0          0          0          0          0   entry5.o
         0          0          0          0          0          0   entry7b.o
         0          0          0          0          0          0   entry8b.o
         8          4          0          0          0          0   entry9a.o
        12          6          0          4          0         68   errno.o
        30          0          0          0          0          0   handlers.o
        36          8          0          0          0         68   init.o
         0          0          0          0          0          0   iusefp.o
        30          0          0          0          0         68   llshl.o
        36          0          0          0          0         68   llsshr.o
        32          0          0          0          0         68   llushr.o
        36          0          0          0          0         68   memcpya.o
        36          0          0          0          0        108   memseta.o
        50          8          0          0          0        152   printfb.o
         0          0          0          4          0          0   stdout.o
        98          0          0          0          0         92   uldiv.o
        48          0          0          0          0         68   cdcmple.o
        48          0          0          0          0         68   cdrcmple.o
        56          0          0          0          0         88   d2f.o
       334          0          0          0          0        148   dadd.o
       222          0          0          0          0        100   ddiv.o
       186          0          0          0          0        176   depilogue.o
        62          0          0          0          0         80   dfixi.o
        34          0          0          0          0         76   dflti.o
        26          0          0          0          0         76   dfltui.o
       228          0          0          0          0         96   dmul.o
        38          0          0          0          0         68   f2d.o
       110          0          0          0          0        168   fepilogue.o

    ----------------------------------------------------------------------
      3600        242         88          8          0       3808   Library Totals
        12          0          0          0          0          0   (incl. Padding)

    ----------------------------------------------------------------------

      Code (inc. data)   RO Data    RW Data    ZI Data      Debug   Library Name

      1694        212         88          0          0       1836   m_wm.l
       502         30          0          8          0        760   mc_w.l
      1392          0          0          0          0       1212   mf_w.l

    ----------------------------------------------------------------------
      3600        242         88          8          0       3808   Library Totals

    ----------------------------------------------------------------------

==============================================================================


      Code (inc. data)   RO Data    RW Data    ZI Data      Debug   

     24704       1966        784        360      20736     957867   Grand Totals
     24704       1966        784         92      20736     957867   ELF Image Totals (compressed)
     24704       1966        784         92          0          0   ROM Totals

==============================================================================

    Total RO  Size (Code + RO Data)                25488 (  24.89kB)
    Total RW  Size (RW Data + ZI Data)             21096 (  20.60kB)
    Total ROM Size (Code + RO Data + RW Data)      25580 (  24.98kB)

==============================================================================

