<html>
<body>
<pre>
<h1>µVision Build Log</h1>
<h2>Tool Versions:</h2>
IDE-Version: ¦ÌVision V5.14.0.0
Copyright (C) 2015 ARM Ltd and ARM Germany GmbH. All rights reserved.
License Information: qwert DELL, dell, LIC=LJWMM-XSNH6-230M4-FL14G-M93M1-9ZGPR
 
Tool Versions:
Toolchain:       MDK-ARM Professional  Version: 5.14.0.0
Toolchain Path:  F:\keil\ARM\ARMCC\Bin
C Compiler:      Armcc.exe V5.05 update 1 (build 106)
Assembler:       Armasm.exe V5.05 update 1 (build 106)
Linker/Locator:  ArmLink.exe V5.05 update 1 (build 106)
Library Manager: ArmAr.exe V5.05 update 1 (build 106)
Hex Converter:   FromElf.exe V5.05 update 1 (build 106)
CPU DLL:         SARMCM3.DLL V5.14.0.0
Dialog DLL:      DCM.DLL V1.13.1.0
Target DLL:      Segger\JL2CM3.dll V2.99.13.0
Dialog DLL:      TCM.DLL V1.14.4.0
 
<h2>Project:</h2>
F:\Standard-CubeMX\standard_1\standard_12\standard_1\gimbal\MDK-ARM\gimbal.uvprojx
Project File Date:  08/22/2020

<h2>Output:</h2>
Build target 'gimbal'
linking...
Program Size: Code=24840 RO-data=784 RW-data=360 ZI-data=20736  
FromELF: creating hex file...
"gimbal\gimbal.axf" - 0 Error(s), 0 Warning(s).

<h2>Software Packages used:</h2>

Package Vendor: ARM
                http://www.keil.com/pack/ARM.CMSIS.4.2.0.pack
                ARM::CMSIS:DSP:1.4.2
                CMSIS (Cortex Microcontroller Software Interface Standard)
   * Component: DSP Version: 1.4.2

<h2>Collection of Component include folders:</h2>
  F:\Standard-CubeMX\standard_1\standard_12\standard_1\gimbal\MDK-ARM\RTE
  F:\keil\ARM\PACK\ARM\CMSIS\4.2.0\CMSIS\Include
  F:\keil\ARM\PACK\Keil\STM32F4xx_DFP\1.0.8\Device\Include

<h2>Collection of Component Files used:</h2>

   * Component: ARM::CMSIS:DSP:1.4.2
      Library file:  CMSIS\Lib\ARM\arm_cortexM4lf_math.lib
      Include file:  CMSIS\Include\arm_math.h
</pre>
</body>
</html>
